Archive member included to satisfy reference by file (symbol)

app/libapp.a(main.c.obj)      (--whole-archive)
app/libapp.a(bma_sensor.c.obj)
                              (--whole-archive)
app/libapp.a(bma4.c.obj)      (--whole-archive)
app/libapp.a(bma456.c.obj)    (--whole-archive)
app/libapp.a(max30102.c.obj)  (--whole-archive)
app/libapp.a(latchSensor.c.obj)
                              (--whole-archive)
app/libapp.a(max30208.c.obj)  (--whole-archive)
app/libapp.a(lightSensor.c.obj)
                              (--whole-archive)
app/libapp.a(spo2_algorithm.c.obj)
                              (--whole-archive)
app/libapp.a(digitalPins.c.obj)
                              (--whole-archive)
zephyr/libzephyr.a(crc32_sw.c.obj)
                              (--whole-archive)
zephyr/libzephyr.a(crc16_sw.c.obj)
                              (--whole-archive)
zephyr/libzephyr.a(crc8_sw.c.obj)
                              (--whole-archive)
zephyr/libzephyr.a(crc7_sw.c.obj)
                              (--whole-archive)
zephyr/libzephyr.a(dec.c.obj)
                              (--whole-archive)
zephyr/libzephyr.a(fdtable.c.obj)
                              (--whole-archive)
zephyr/libzephyr.a(hex.c.obj)
                              (--whole-archive)
zephyr/libzephyr.a(mempool.c.obj)
                              (--whole-archive)
zephyr/libzephyr.a(notify.c.obj)
                              (--whole-archive)
zephyr/libzephyr.a(printk.c.obj)
                              (--whole-archive)
zephyr/libzephyr.a(onoff.c.obj)
                              (--whole-archive)
zephyr/libzephyr.a(rb.c.obj)  (--whole-archive)
zephyr/libzephyr.a(sem.c.obj)
                              (--whole-archive)
zephyr/libzephyr.a(thread_entry.c.obj)
                              (--whole-archive)
zephyr/libzephyr.a(timeutil.c.obj)
                              (--whole-archive)
zephyr/libzephyr.a(work_q.c.obj)
                              (--whole-archive)
zephyr/libzephyr.a(heap.c.obj)
                              (--whole-archive)
zephyr/libzephyr.a(heap-validate.c.obj)
                              (--whole-archive)
zephyr/libzephyr.a(configs.c.obj)
                              (--whole-archive)
zephyr/libzephyr.a(validate_base_addresses.c.obj)
                              (--whole-archive)
zephyr/libzephyr.a(validate_enabled_instances.c.obj)
                              (--whole-archive)
zephyr/libzephyr.a(power.c.obj)
                              (--whole-archive)
zephyr/libzephyr.a(policy_residency.c.obj)
                              (--whole-archive)
zephyr/libzephyr.a(uart_console.c.obj)
                              (--whole-archive)
zephyr/libzephyr.a(nrf_power_clock.c.obj)
                              (--whole-archive)
zephyr/libzephyr.a(sys_clock_init.c.obj)
                              (--whole-archive)
zephyr/libzephyr.a(nrf_rtc_timer.c.obj)
                              (--whole-archive)
zephyr/libzephyr.a(SEGGER_RTT.c.obj)
                              (--whole-archive)
zephyr/libzephyr.a(SEGGER_RTT_zephyr.c.obj)
                              (--whole-archive)
zephyr/arch/common/libarch__common.a(isr_tables.c.obj)
                              (--whole-archive)
zephyr/arch/common/libarch__common.a(sw_isr_common.c.obj)
                              (--whole-archive)
zephyr/arch/arch/arm/core/aarch32/libarch__arm__core__aarch32.a(swap.c.obj)
                              (--whole-archive)
zephyr/arch/arch/arm/core/aarch32/libarch__arm__core__aarch32.a(irq_manage.c.obj)
                              (--whole-archive)
zephyr/arch/arch/arm/core/aarch32/libarch__arm__core__aarch32.a(thread.c.obj)
                              (--whole-archive)
zephyr/arch/arch/arm/core/aarch32/libarch__arm__core__aarch32.a(fatal.c.obj)
                              (--whole-archive)
zephyr/arch/arch/arm/core/aarch32/libarch__arm__core__aarch32.a(nmi.c.obj)
                              (--whole-archive)
zephyr/arch/arch/arm/core/aarch32/libarch__arm__core__aarch32.a(prep_c.c.obj)
                              (--whole-archive)
zephyr/arch/arch/arm/core/aarch32/libarch__arm__core__aarch32.a(swap_helper.S.obj)
                              (--whole-archive)
zephyr/arch/arch/arm/core/aarch32/libarch__arm__core__aarch32.a(cpu_idle.S.obj)
                              (--whole-archive)
zephyr/arch/arch/arm/core/aarch32/libarch__arm__core__aarch32.a(nmi_on_reset.S.obj)
                              (--whole-archive)
zephyr/arch/arch/arm/core/aarch32/libarch__arm__core__aarch32.a(isr_wrapper.S.obj)
                              (--whole-archive)
zephyr/arch/arch/arm/core/aarch32/cortex_m/libarch__arm__core__aarch32__cortex_m.a(vector_table.S.obj)
                              (--whole-archive)
zephyr/arch/arch/arm/core/aarch32/cortex_m/libarch__arm__core__aarch32__cortex_m.a(reset.S.obj)
                              (--whole-archive)
[...]
Memory Configuration

Name             Origin             Length             Attributes
FLASH            0x00000000         0x00080000         xr
SRAM             0x20000000         0x00010000         xw
IDT_LIST         0x20010000         0x00000800         xw
*default*        0x00000000         0xffffffff

Linker script and memory map

LOAD zephyr/CMakeFiles/zephyr_prebuilt.dir/misc/empty_file.c.obj
                0x00000020                _region_min_align = 0x20

.rel.plt        0x00000000        0x0
 *(SORT_BY_ALIGNMENT(.rel.plt))
                [!provide]                PROVIDE (__rel_iplt_start = .)
 *(SORT_BY_ALIGNMENT(.rel.iplt))
 .rel.iplt      0x00000000        0x0 app/libapp.a(main.c.obj)
                [!provide]                PROVIDE (__rel_iplt_end = .)

.rela.plt       0x00000000        0x0
 *(SORT_BY_ALIGNMENT(.rela.plt))
                [!provide]                PROVIDE (__rela_iplt_start = .)
 *(SORT_BY_ALIGNMENT(.rela.iplt))
                [!provide]                PROVIDE (__rela_iplt_end = .)

.rel.dyn
 *(SORT_BY_ALIGNMENT(.rel.*))

.rela.dyn
 *(SORT_BY_ALIGNMENT(.rela.*))

/DISCARD/
 *(SORT_BY_ALIGNMENT(.plt))
 *(SORT_BY_ALIGNMENT(.iplt))
 *(SORT_BY_ALIGNMENT(.got.plt))
 *(SORT_BY_ALIGNMENT(.igot.plt))
 *(SORT_BY_ALIGNMENT(.got))
 *(SORT_BY_ALIGNMENT(.igot))
 *(SORT_BY_ALIGNMENT(.note.GNU-stack))
                0x00000000                _image_rom_start = 0x0

rom_start       0x00000000       0xdc
                0x00000000                . = 0x0
                0x00000000                . = ALIGN (0x4)
                0x00000000                _vector_start = .
 *(SORT_BY_ALIGNMENT(.exc_vector_table))
 *(SORT_BY_ALIGNMENT(.exc_vector_table.*))
 .exc_vector_table._vector_table_section
                0x00000000       0x40 zephyr/arch/arch/arm/core/aarch32/cortex_m/libarch__arm__core__aarch32__cortex_m.a(vector_table.S.obj)
                0x00000000                _vector_table
 *(SORT_BY_ALIGNMENT(.gnu.linkonce.irq_vector_table))
 .gnu.linkonce.irq_vector_table
                0x00000040       0x9c zephyr/arch/common/libarch__common.a(isr_tables.c.obj)
                0x00000040                _irq_vector_table
 *(SORT_BY_ALIGNMENT(.vectors))
                0x000000dc                _vector_end = .
 *(SORT_BY_ALIGNMENT(.openocd_dbg))
 *(SORT_BY_ALIGNMENT(.openocd_dbg.*))

text            0x000000e0     0x69f2
                0x000000e0                _image_text_start = .
 *(SORT_BY_ALIGNMENT(.text))
 .text          0x000000e0      0x254 c:/users/vinayan/ncs/v1.3.0/toolchain/opt/bin/../lib/gcc/arm-none-eabi/9.2.1/thumb/v7e-m/nofp\libgcc.a(_arm_muldf3.o)
                0x000000e0                __muldf3
                0x000000e0                __aeabi_dmul
 .text          0x00000334      0x378 c:/users/vinayan/ncs/v1.3.0/toolchain/opt/bin/../lib/gcc/arm-none-eabi/9.2.1/thumb/v7e-m/nofp\libgcc.a(_arm_addsubdf3.o)
                0x00000334                __aeabi_drsub
                0x0000033c                __aeabi_dsub
                0x0000033c                __subdf3
                0x00000340                __aeabi_dadd
                0x00000340                __adddf3
                0x000005b8                __floatunsidf
                0x000005b8                __aeabi_ui2d
                0x000005d8                __floatsidf
                0x000005d8                __aeabi_i2d
                0x000005fc                __aeabi_f2d
                0x000005fc                __extendsfdf2
                0x00000640                __floatundidf
                0x00000640                __aeabi_ul2d
                0x00000650                __floatdidf
                0x00000650                __aeabi_l2d
 .text          0x000006ac       0xa0 c:/users/vinayan/ncs/v1.3.0/toolchain/opt/bin/../lib/gcc/arm-none-eabi/9.2.1/thumb/v7e-m/nofp\libgcc.a(_arm_truncdfsf2.o)
                0x000006ac                __truncdfsf2
                0x000006ac                __aeabi_d2f
 .text          0x0000074c      0x21c c:/users/vinayan/ncs/v1.3.0/toolchain/opt/bin/../lib/gcc/arm-none-eabi/9.2.1/thumb/v7e-m/nofp\libgcc.a(_arm_addsubsf3.o)
                0x0000074c                __aeabi_frsub
                0x00000754                __subsf3
                0x00000754                __aeabi_fsub
                0x00000758                __aeabi_fadd
                0x00000758                __addsf3
                0x000008b8                __aeabi_ui2f
                0x000008b8                __floatunsisf
                0x000008c0                __aeabi_i2f
                0x000008c0                __floatsisf
                0x000008dc                __aeabi_ul2f
                0x000008dc                __floatundisf
                0x000008ec                __aeabi_l2f
                0x000008ec                __floatdisf
 .text          0x00000968       0x30 c:/users/vinayan/ncs/v1.3.0/toolchain/opt/bin/../lib/gcc/arm-none-eabi/9.2.1/thumb/v7e-m/nofp\libgcc.a(_aeabi_uldivmod.o)
                0x00000968                __aeabi_uldivmod
 .text          0x00000998      0x2c0 c:/users/vinayan/ncs/v1.3.0/toolchain/opt/bin/../lib/gcc/arm-none-eabi/9.2.1/thumb/v7e-m/nofp\libgcc.a(_udivmoddi4.o)
                0x00000998                __udivmoddi4
 .text          0x00000c58        0x4 c:/users/vinayan/ncs/v1.3.0/toolchain/opt/bin/../lib/gcc/arm-none-eabi/9.2.1/thumb/v7e-m/nofp\libgcc.a(_dvmd_tls.o)
                0x00000c58                __aeabi_idiv0
                0x00000c58                __aeabi_ldiv0
 *(SORT_BY_ALIGNMENT(.text.*))
 *fill*         0x00000c5c        0x4 
 .text.max30208_read_temp
                0x00000c60       0x40 app/libapp.a(max30208.c.obj)
                0x00000c60                max30208_read_temp
 .text.AnalogRead
                0x00000ca0       0xd0 app/libapp.a(lightSensor.c.obj)
                0x00000ca0                AnalogRead
 .text.main     0x00000d70       0xa4 app/libapp.a(main.c.obj)
                0x00000d70                main
 .text.bma_i2c_write
                0x00000e14       0x44 app/libapp.a(bma_sensor.c.obj)
 .text.bma_i2c_read
                0x00000e58       0x44 app/libapp.a(bma_sensor.c.obj)
 .text.initialize_bma
                0x00000e9c       0xb8 app/libapp.a(bma_sensor.c.obj)
                0x00000e9c                initialize_bma
 .text.stepCounterEnable
                0x00000f54      0x144 app/libapp.a(bma_sensor.c.obj)
                0x00000f54                stepCounterEnable
 .text.getStepCounterOutput
                0x00001098       0x3c app/libapp.a(bma_sensor.c.obj)
                0x00001098                getStepCounterOutput
 .text.bma4_write_config_file
                0x000010d4      0x154 app/libapp.a(bma4.c.obj)
                0x000010d4                bma4_write_config_file
 .text.bma4_map_interrupt
                0x00001228       0x90 app/libapp.a(bma4.c.obj)
                0x00001228                bma4_map_interrupt
 .text.bma456_write_config_file
                0x000012b8       0x40 app/libapp.a(bma456.c.obj)
                0x000012b8                bma456_write_config_file
 .text.max30102_i2c_write.isra.0
                0x000012f8       0x38 app/libapp.a(max30102.c.obj)
 .text.max30102_i2c_read.isra.0
                0x00001330       0x44 app/libapp.a(max30102.c.obj)
 .text.init_max30102
                0x00001374       0x38 app/libapp.a(max30102.c.obj)
                0x00001374                init_max30102
 .text.max30102_read_fifo
                0x000013ac       0xc0 app/libapp.a(max30102.c.obj)
                0x000013ac                max30102_read_fifo
 .text.button_pressed
                0x0000146c        0xc app/libapp.a(latchSensor.c.obj)
                0x0000146c                button_pressed
 .text.init_latch
                0x00001478       0xc8 app/libapp.a(latchSensor.c.obj)
                0x00001478                init_latch
 .text.detect_latch
                0x00001540       0x14 app/libapp.a(latchSensor.c.obj)
                0x00001540                detect_latch
 .text.max30208_i2c_read.isra.0
                0x00001554       0x44 app/libapp.a(max30208.c.obj)
 .text.max30208_i2c_write.isra.0
                0x00001598       0x38 app/libapp.a(max30208.c.obj)
 .text.init_max30208
                0x000015d0       0x3c app/libapp.a(max30208.c.obj)
                0x000015d0                init_max30208
 .text.configure_max30208
                0x0000160c       0x6c app/libapp.a(max30208.c.obj)
                0x0000160c                configure_max30208
 .text.max30208_read_fifo
                0x00001678       0x54 app/libapp.a(max30208.c.obj)
                0x00001678                max30208_read_fifo
 .text.getAdcDevice
                0x000016cc        0xc app/libapp.a(lightSensor.c.obj)
                0x000016cc                getAdcDevice
 .text.init_output
                0x000016d8       0x80 app/libapp.a(digitalPins.c.obj)
                0x000016d8                init_output
 .text.toggle_buzzer
                0x00001758       0x34 app/libapp.a(digitalPins.c.obj)
                0x00001758                toggle_buzzer
 .text.toggle_motor
                0x0000178c       0x34 app/libapp.a(digitalPins.c.obj)
                0x0000178c                toggle_motor
 .text.char_out
                0x000017c0       0x10 zephyr/libzephyr.a(printk.c.obj)
 .text._printk_dec_ulong
                0x000017d0       0xa0 zephyr/libzephyr.a(printk.c.obj)
 .text.__printk_hook_install
                0x00001870        0xc zephyr/libzephyr.a(printk.c.obj)
                0x00001870                __printk_hook_install
 .text.z_vprintk
                0x0000187c      0x328 zephyr/libzephyr.a(printk.c.obj)
                0x0000187c                z_vprintk
 .text.vprintk  0x00001ba4       0x1c zephyr/libzephyr.a(printk.c.obj)
                0x00001ba4                vprintk
 .text.uart_console_init
                0x00001bc0       0x2c zephyr/libzephyr.a(uart_console.c.obj)
 .text.console_out
                0x00001bec       0x28 zephyr/libzephyr.a(uart_console.c.obj)
 .text.clkstarted_handle.constprop.0
                0x00001c14       0x50 zephyr/libzephyr.a(nrf_power_clock.c.obj)
 .text.clock_async_start
                0x00001c64       0xe8 zephyr/libzephyr.a(nrf_power_clock.c.obj)
 .text.nrf_power_clock_isr
                0x00001d4c       0x64 zephyr/libzephyr.a(nrf_power_clock.c.obj)
                0x00001d4c                nrf_power_clock_isr
 .text.handle_next_tick_case
                0x00001db0       0x28 zephyr/libzephyr.a(nrf_rtc_timer.c.obj)
 .text.event_clear
                0x00001dd8       0x18 zephyr/libzephyr.a(nrf_rtc_timer.c.obj)
 .text.rtc1_nrf_isr
                0x00001df0       0x2c zephyr/libzephyr.a(nrf_rtc_timer.c.obj)
                0x00001df0                rtc1_nrf_isr
 .text.z_clock_driver_init
                0x00001e1c       0x64 zephyr/libzephyr.a(nrf_rtc_timer.c.obj)
                0x00001e1c                z_clock_driver_init
 .text.z_clock_set_timeout
                0x00001e80       0xbc zephyr/libzephyr.a(nrf_rtc_timer.c.obj)
                0x00001e80                z_clock_set_timeout
 .text.z_clock_elapsed
                0x00001f3c       0x34 zephyr/libzephyr.a(nrf_rtc_timer.c.obj)
                0x00001f3c                z_clock_elapsed
 .text._DoInit  0x00001f70       0x60 zephyr/libzephyr.a(SEGGER_RTT.c.obj)
 .text.arch_swap
                0x00001fd0       0x34 zephyr/arch/arch/arm/core/aarch32/libarch__arm__core__aarch32.a(swap.c.obj)
                0x00001fd0                arch_swap
 .text.arch_irq_enable
                0x00002004       0x20 zephyr/arch/arch/arm/core/aarch32/libarch__arm__core__aarch32.a(irq_manage.c.obj)
                0x00002004                arch_irq_enable
 .text.z_arm_irq_priority_set
                0x00002024       0x30 zephyr/arch/arch/arm/core/aarch32/libarch__arm__core__aarch32.a(irq_manage.c.obj)
                0x00002024                z_arm_irq_priority_set
 .text.arch_new_thread
                0x00002054       0x34 zephyr/arch/arch/arm/core/aarch32/libarch__arm__core__aarch32.a(thread.c.obj)
                0x00002054                arch_new_thread
 .text.arch_switch_to_main_thread
                0x00002088       0x38 zephyr/arch/arch/arm/core/aarch32/libarch__arm__core__aarch32.a(thread.c.obj)
                0x00002088                arch_switch_to_main_thread
 .text.z_arm_prep_c
                0x000020c0       0x44 zephyr/arch/arch/arm/core/aarch32/libarch__arm__core__aarch32.a(prep_c.c.obj)
                0x000020c0                z_arm_prep_c
 .text.z_arm_pendsv
                0x00002104       0x48 zephyr/arch/arch/arm/core/aarch32/libarch__arm__core__aarch32.a(swap_helper.S.obj)
                0x00002104                z_arm_pendsv
 .text.z_arm_svc
                0x0000214c       0x20 zephyr/arch/arch/arm/core/aarch32/libarch__arm__core__aarch32.a(swap_helper.S.obj)
                0x0000214c                z_arm_svc
 .text.z_arm_cpu_idle_init
                0x0000216c        0xc zephyr/arch/arch/arm/core/aarch32/libarch__arm__core__aarch32.a(cpu_idle.S.obj)
                0x0000216c                z_arm_cpu_idle_init
 .text.arch_cpu_idle
                0x00002178       0x1c zephyr/arch/arch/arm/core/aarch32/libarch__arm__core__aarch32.a(cpu_idle.S.obj)
                0x00002178                arch_cpu_idle
 .text.z_SysNmiOnReset
                0x00002194        0x8 zephyr/arch/arch/arm/core/aarch32/libarch__arm__core__aarch32.a(nmi_on_reset.S.obj)
                0x00002194                z_SysNmiOnReset
 .text._isr_wrapper
                0x0000219c       0x40 zephyr/arch/arch/arm/core/aarch32/libarch__arm__core__aarch32.a(isr_wrapper.S.obj)
                0x0000219c                _isr_wrapper
 .text._reset_section
                0x000021dc       0x30 zephyr/arch/arch/arm/core/aarch32/cortex_m/libarch__arm__core__aarch32__cortex_m.a(reset.S.obj)
                0x000021dc                __start
                0x000021dc                z_arm_reset
 .text.__fault  0x0000220c       0x14 zephyr/arch/arch/arm/core/aarch32/cortex_m/libarch__arm__core__aarch32__cortex_m.a(fault_s.S.obj)
                0x0000220c                z_arm_usage_fault
                0x0000220c                z_arm_mpu_fault
                0x0000220c                z_arm_exc_spurious
                0x0000220c                z_arm_debug_monitor
                0x0000220c                z_arm_hard_fault
                0x0000220c                z_arm_bus_fault
 .text._HandlerModeExit
                0x00002220       0x1c zephyr/arch/arch/arm/core/aarch32/cortex_m/libarch__arm__core__aarch32__cortex_m.a(exc_exit.S.obj)
                0x00002220                z_arm_int_exit
                0x00002220                z_arm_exc_exit
 .text.mem_manage_fault.isra.0
                0x0000223c       0x38 zephyr/arch/arch/arm/core/aarch32/cortex_m/libarch__arm__core__aarch32__cortex_m.a(fault.c.obj)
 .text.bus_fault.isra.0
                0x00002274       0x3c zephyr/arch/arch/arm/core/aarch32/cortex_m/libarch__arm__core__aarch32__cortex_m.a(fault.c.obj)
 .text.usage_fault.isra.0
                0x000022b0       0x24 zephyr/arch/arch/arm/core/aarch32/cortex_m/libarch__arm__core__aarch32__cortex_m.a(fault.c.obj)
 .text.z_arm_fault
                0x000022d4       0xe8 zephyr/arch/arch/arm/core/aarch32/cortex_m/libarch__arm__core__aarch32__cortex_m.a(fault.c.obj)
                0x000022d4                z_arm_fault
 .text.z_arm_fault_init
                0x000023bc       0x10 zephyr/arch/arch/arm/core/aarch32/cortex_m/libarch__arm__core__aarch32__cortex_m.a(fault.c.obj)
                0x000023bc                z_arm_fault_init
 .text.z_arm_interrupt_init
                0x000023cc       0x18 zephyr/arch/arch/arm/core/aarch32/cortex_m/libarch__arm__core__aarch32__cortex_m.a(irq_init.c.obj)
                0x000023cc                z_arm_interrupt_init
 .text.z_impl_k_thread_abort
                0x000023e4       0x4c zephyr/arch/arch/arm/core/aarch32/cortex_m/libarch__arm__core__aarch32__cortex_m.a(thread_abort.c.obj)
                0x000023e4                z_impl_k_thread_abort
 .text.z_arm_configure_static_mpu_regions
                0x00002430       0x38 zephyr/arch/arch/arm/core/aarch32/cortex_m/mpu/libarch__arm__core__aarch32__cortex_m__mpu.a(arm_core_mpu.c.obj)
                0x00002430                z_arm_configure_static_mpu_regions
 .text.mpu_configure_regions
                0x00002468       0x8c zephyr/arch/arch/arm/core/aarch32/cortex_m/mpu/libarch__arm__core__aarch32__cortex_m__mpu.a(arm_mpu.c.obj)
 .text.arm_core_mpu_enable
                0x000024f4       0x14 zephyr/arch/arch/arm/core/aarch32/cortex_m/mpu/libarch__arm__core__aarch32__cortex_m__mpu.a(arm_mpu.c.obj)
                0x000024f4                arm_core_mpu_enable
 .text.arm_core_mpu_disable
                0x00002508       0x10 zephyr/arch/arch/arm/core/aarch32/cortex_m/mpu/libarch__arm__core__aarch32__cortex_m__mpu.a(arm_mpu.c.obj)
                0x00002508                arm_core_mpu_disable
 .text.arm_mpu_init
                0x00002518       0x5c zephyr/arch/arch/arm/core/aarch32/cortex_m/mpu/libarch__arm__core__aarch32__cortex_m__mpu.a(arm_mpu.c.obj)
 .text.arm_core_mpu_configure_static_mpu_regions
                0x00002574       0x14 zephyr/arch/arch/arm/core/aarch32/cortex_m/mpu/libarch__arm__core__aarch32__cortex_m__mpu.a(arm_mpu.c.obj)
                0x00002574                arm_core_mpu_configure_static_mpu_regions
 .text.z_prf    0x00002588      0x9e0 zephyr/lib/libc/minimal/liblib__libc__minimal.a(prf.c.obj)
                0x00002588                z_prf
 .text.__stdout_hook_install
                0x00002f68        0xc zephyr/lib/libc/minimal/liblib__libc__minimal.a(stdout_console.c.obj)
                0x00002f68                __stdout_hook_install
 .text.z_impl_zephyr_fputc
                0x00002f74       0x14 zephyr/lib/libc/minimal/liblib__libc__minimal.a(stdout_console.c.obj)
                0x00002f74                z_impl_zephyr_fputc
 .text.printf   0x00002f88       0x24 zephyr/lib/libc/minimal/liblib__libc__minimal.a(fprintf.c.obj)
                0x00002f88                printf
 .text.nordicsemi_nrf52_init
                0x00002fac       0x30 zephyr/soc/arm/nordic_nrf/nrf52/libsoc__arm__nordic_nrf__nrf52.a(soc.c.obj)
 .text.sys_arch_reboot
                0x00002fdc       0x2c zephyr/soc/arm/nordic_nrf/nrf52/libsoc__arm__nordic_nrf__nrf52.a(soc.c.obj)
                0x00002fdc                sys_arch_reboot
 .text.arch_busy_wait
                0x00003008       0x14 zephyr/soc/arm/nordic_nrf/nrf52/libsoc__arm__nordic_nrf__nrf52.a(soc.c.obj)
                0x00003008                arch_busy_wait
 .text.adc_context_start_sampling.isra.0
                0x0000301c       0x20 zephyr/drivers/adc/libdrivers__adc.a(adc_nrfx_saadc.c.obj)
 .text.adc_nrfx_channel_setup
                0x0000303c       0xd4 zephyr/drivers/adc/libdrivers__adc.a(adc_nrfx_saadc.c.obj)
 .text.start_read.isra.0
                0x00003110      0x194 zephyr/drivers/adc/libdrivers__adc.a(adc_nrfx_saadc.c.obj)
 .text.adc_nrfx_read_async
                0x000032a4       0x44 zephyr/drivers/adc/libdrivers__adc.a(adc_nrfx_saadc.c.obj)
 .text.saadc_irq_handler
                0x000032e8      0x104 zephyr/drivers/adc/libdrivers__adc.a(adc_nrfx_saadc.c.obj)
 .text.init_saadc
                0x000033ec       0x54 zephyr/drivers/adc/libdrivers__adc.a(adc_nrfx_saadc.c.obj)
 .text.adc_nrfx_read
                0x00003440       0x40 zephyr/drivers/adc/libdrivers__adc.a(adc_nrfx_saadc.c.obj)
 .text.gpio_nrfx_init
                0x00003480       0x30 zephyr/drivers/gpio/libdrivers__gpio.a(gpio_nrfx.c.obj)
 .text.gpio_nrfx_config
                0x000034b0       0xbc zephyr/drivers/gpio/libdrivers__gpio.a(gpio_nrfx.c.obj)
 .text.gpiote_pin_int_cfg
                0x0000356c      0x148 zephyr/drivers/gpio/libdrivers__gpio.a(gpio_nrfx.c.obj)
 .text.gpiote_event_handler
                0x000036b4      0x160 zephyr/drivers/gpio/libdrivers__gpio.a(gpio_nrfx.c.obj)
 .text.twi_0_init
                0x00003814       0x34 zephyr/drivers/i2c/libdrivers__i2c.a(i2c_nrfx_twi.c.obj)
 .text.i2c_nrfx_twi_transfer
                0x00003848       0xd8 zephyr/drivers/i2c/libdrivers__i2c.a(i2c_nrfx_twi.c.obj)
 .text.event_handler
                0x00003920       0x38 zephyr/drivers/i2c/libdrivers__i2c.a(i2c_nrfx_twi.c.obj)
 .text.spi_2_init
                0x00003958       0x3c zephyr/drivers/spi/libdrivers__spi.a(spi_nrfx_spi.c.obj)
 .text.transfer_next_chunk
                0x00003994       0x7c zephyr/drivers/spi/libdrivers__spi.a(spi_nrfx_spi.c.obj)
 .text.spi_nrfx_transceive
                0x00003a10      0x1c8 zephyr/drivers/spi/libdrivers__spi.a(spi_nrfx_spi.c.obj)
 .text.uart_nrfx_err_check
                0x00003bd8       0x10 zephyr/drivers/serial/libdrivers__serial.a(uart_nrfx_uart.c.obj)
 .text.uart_nrfx_configure
                0x00003be8      0x168 zephyr/drivers/serial/libdrivers__serial.a(uart_nrfx_uart.c.obj)
 .text.uart_nrfx_poll_in
                0x00003d50       0x2c zephyr/drivers/serial/libdrivers__serial.a(uart_nrfx_uart.c.obj)
 .text.uart_nrfx_poll_out
                0x00003d7c       0x88 zephyr/drivers/serial/libdrivers__serial.a(uart_nrfx_uart.c.obj)
 .text.uart_nrfx_init
                0x00003e04       0x68 zephyr/drivers/serial/libdrivers__serial.a(uart_nrfx_uart.c.obj)
 .text.nrf52_errata_12
                0x00003e6c       0x40 modules/nordic/lib..__modules__hal__nordic.a(system_nrf52.c.obj)
 .text.nrf52_errata_16
                0x00003eac       0x2c modules/nordic/lib..__modules__hal__nordic.a(system_nrf52.c.obj)
 .text.SystemInit
                0x00003ed8      0x260 modules/nordic/lib..__modules__hal__nordic.a(system_nrf52.c.obj)
                0x00003ed8                SystemInit
 .text.nrfx_spi_init
                0x00004138      0x138 modules/nordic/lib..__modules__hal__nordic.a(nrfx_spi.c.obj)
                0x00004138                nrfx_spi_init
 .text.nrfx_spi_xfer
                0x00004270      0x11c modules/nordic/lib..__modules__hal__nordic.a(nrfx_spi.c.obj)
                0x00004270                nrfx_spi_xfer
 .text.nrfx_spi_2_irq_handler
                0x0000438c       0x10 modules/nordic/lib..__modules__hal__nordic.a(nrfx_spi.c.obj)
                0x0000438c                nrfx_spi_2_irq_handler
 .text.twi_rx_start_transfer
                0x0000439c       0xe8 modules/nordic/lib..__modules__hal__nordic.a(nrfx_twi.c.obj)
 .text.twi_tx_start_transfer
                0x00004484       0xdc modules/nordic/lib..__modules__hal__nordic.a(nrfx_twi.c.obj)
 .text.nrfx_twi_init
                0x00004560       0x88 modules/nordic/lib..__modules__hal__nordic.a(nrfx_twi.c.obj)
                0x00004560                nrfx_twi_init
 .text.nrfx_twi_enable
                0x000045e8       0x20 modules/nordic/lib..__modules__hal__nordic.a(nrfx_twi.c.obj)
                0x000045e8                nrfx_twi_enable
 .text.nrfx_twi_disable
                0x00004608       0x34 modules/nordic/lib..__modules__hal__nordic.a(nrfx_twi.c.obj)
                0x00004608                nrfx_twi_disable
 .text.nrfx_twi_xfer
                0x0000463c       0xe0 modules/nordic/lib..__modules__hal__nordic.a(nrfx_twi.c.obj)
                0x0000463c                nrfx_twi_xfer
 .text.nrfx_twi_0_irq_handler
                0x0000471c       0x24 modules/nordic/lib..__modules__hal__nordic.a(nrfx_twi.c.obj)
                0x0000471c                nrfx_twi_0_irq_handler
 .text.z_sys_init_run_level
                0x00004740       0x2c zephyr/kernel/libkernel.a(device.c.obj)
                0x00004740                z_sys_init_run_level
 .text.z_impl_device_get_binding
                0x0000476c       0x48 zephyr/kernel/libkernel.a(device.c.obj)
                0x0000476c                z_impl_device_get_binding
 .text.idle     0x000047b4       0x34 zephyr/kernel/libkernel.a(idle.c.obj)
                0x000047b4                idle
 .text.z_bss_zero
                0x000047e8       0x14 zephyr/kernel/libkernel.a(init.c.obj)
                0x000047e8                z_bss_zero
 .text.z_data_copy
                0x000047fc       0x34 zephyr/kernel/libkernel.a(init.c.obj)
                0x000047fc                z_data_copy
 .text.bg_thread_main
                0x00004830       0x48 zephyr/kernel/libkernel.a(init.c.obj)
 .text.z_cstart
                0x00004878      0x108 zephyr/kernel/libkernel.a(init.c.obj)
                0x00004878                z_cstart
 .text.z_reset_time_slice
                0x00004980       0x2c zephyr/kernel/libkernel.a(sched.c.obj)
                0x00004980                z_reset_time_slice
 .text.k_sched_time_slice_set
                0x000049ac       0x58 zephyr/kernel/libkernel.a(sched.c.obj)
                0x000049ac                k_sched_time_slice_set
 .text.k_sched_lock
                0x00004a04       0x28 zephyr/kernel/libkernel.a(sched.c.obj)
                0x00004a04                k_sched_lock
 .text.z_priq_dumb_remove
                0x00004a2c       0x2c zephyr/kernel/libkernel.a(sched.c.obj)
                0x00004a2c                z_priq_dumb_remove
 .text.update_cache
                0x00004a58       0x48 zephyr/kernel/libkernel.a(sched.c.obj)
 .text.k_sched_unlock
                0x00004aa0       0x38 zephyr/kernel/libkernel.a(sched.c.obj)
                0x00004aa0                k_sched_unlock
 .text.ready_thread
                0x00004ad8       0x68 zephyr/kernel/libkernel.a(sched.c.obj)
 .text.z_sched_start
                0x00004b40       0x3c zephyr/kernel/libkernel.a(sched.c.obj)
                0x00004b40                z_sched_start
 .text.z_move_thread_to_end_of_prio_q
                0x00004b7c       0x8c zephyr/kernel/libkernel.a(sched.c.obj)
                0x00004b7c                z_move_thread_to_end_of_prio_q
 .text.z_time_slice
                0x00004c08       0x6c zephyr/kernel/libkernel.a(sched.c.obj)
                0x00004c08                z_time_slice
 .text.z_impl_k_thread_suspend
                0x00004c74       0x68 zephyr/kernel/libkernel.a(sched.c.obj)
                0x00004c74                z_impl_k_thread_suspend
 .text.z_thread_single_abort
                0x00004cdc       0xb8 zephyr/kernel/libkernel.a(sched.c.obj)
                0x00004cdc                z_thread_single_abort
 .text.unready_thread
                0x00004d94       0x34 zephyr/kernel/libkernel.a(sched.c.obj)
 .text.z_tick_sleep.part.0
                0x00004dc8       0x5c zephyr/kernel/libkernel.a(sched.c.obj)
 .text.pend     0x00004e24       0x4c zephyr/kernel/libkernel.a(sched.c.obj)
 .text.z_pend_curr
                0x00004e70       0x28 zephyr/kernel/libkernel.a(sched.c.obj)
                0x00004e70                z_pend_curr
 .text.z_sched_init
                0x00004e98       0x18 zephyr/kernel/libkernel.a(sched.c.obj)
                0x00004e98                z_sched_init
 .text.z_impl_k_yield
                0x00004eb0       0x9c zephyr/kernel/libkernel.a(sched.c.obj)
                0x00004eb0                z_impl_k_yield
 .text.z_impl_k_sleep
                0x00004f4c       0x40 zephyr/kernel/libkernel.a(sched.c.obj)
                0x00004f4c                z_impl_k_sleep
 .text.z_impl_k_current_get
                0x00004f8c        0xc zephyr/kernel/libkernel.a(sched.c.obj)
                0x00004f8c                z_impl_k_current_get
 .text.z_impl_k_sem_give
                0x00004f98       0x4c zephyr/kernel/libkernel.a(sem.c.obj)
                0x00004f98                z_impl_k_sem_give
 .text.z_impl_k_sem_take
                0x00004fe4       0x54 zephyr/kernel/libkernel.a(sem.c.obj)
                0x00004fe4                z_impl_k_sem_take
 .text.z_setup_new_thread
                0x00005038       0x4c zephyr/kernel/libkernel.a(thread.c.obj)
                0x00005038                z_setup_new_thread
 .text.z_init_static_threads
                0x00005084       0xc4 zephyr/kernel/libkernel.a(thread.c.obj)
                0x00005084                z_init_static_threads
 .text.elapsed  0x00005148       0x14 zephyr/kernel/libkernel.a(timeout.c.obj)
 .text.remove_timeout
                0x0000515c       0x28 zephyr/kernel/libkernel.a(timeout.c.obj)
 .text.next_timeout
                0x00005184       0x38 zephyr/kernel/libkernel.a(timeout.c.obj)
 .text.z_add_timeout
                0x000051bc       0xf4 zephyr/kernel/libkernel.a(timeout.c.obj)
                0x000051bc                z_add_timeout
 .text.z_clock_announce
                0x000052b0       0xa8 zephyr/kernel/libkernel.a(timeout.c.obj)
                0x000052b0                z_clock_announce
 .text.z_tick_get
                0x00005358       0x34 zephyr/kernel/libkernel.a(timeout.c.obj)
                0x00005358                z_tick_get
 .text.z_timer_expiration_handler
                0x0000538c       0x4c zephyr/kernel/libkernel.a(timer.c.obj)
                0x0000538c                z_timer_expiration_handler
 .text.z_impl_k_timer_start
                0x000053d8       0x9c zephyr/kernel/libkernel.a(timer.c.obj)
                0x000053d8                z_impl_k_timer_start
 .text.z_impl_k_poll_signal_raise
                0x00005474       0x50 zephyr/kernel/libkernel.a(poll.c.obj)
                0x00005474                z_impl_k_poll_signal_raise
 .text.statics_init
                0x000054c4       0x24 zephyr/kernel/libkernel.a(kheap.c.obj)
 .text.bma_delay_us
                0x000054e8        0x4 app/libapp.a(bma_sensor.c.obj)
 .text.null_pointer_check
                0x000054ec       0x1c app/libapp.a(bma4.c.obj)
 .text.read_regs
                0x00005508       0x6e app/libapp.a(bma4.c.obj)
 .text.write_regs
                0x00005576       0x4a app/libapp.a(bma4.c.obj)
 .text.increment_feature_config_addr
                0x000055c0       0x84 app/libapp.a(bma4.c.obj)
 .text.set_feature_config_start_addr
                0x00005644       0x2e app/libapp.a(bma4.c.obj)
 .text.bma4_get_advance_power_save
                0x00005672       0x38 app/libapp.a(bma4.c.obj)
                0x00005672                bma4_get_advance_power_save
 .text.bma4_read_regs
                0x000056aa      0x110 app/libapp.a(bma4.c.obj)
                0x000056aa                bma4_read_regs
 .text.bma4_set_advance_power_save
                0x000057ba       0x48 app/libapp.a(bma4.c.obj)
                0x000057ba                bma4_set_advance_power_save
 .text.bma4_write_regs
                0x00005802      0x110 app/libapp.a(bma4.c.obj)
                0x00005802                bma4_write_regs
 .text.bma4_init
                0x00005912       0x4e app/libapp.a(bma4.c.obj)
                0x00005912                bma4_init
 .text.bma4_set_accel_enable
                0x00005960       0x4a app/libapp.a(bma4.c.obj)
                0x00005960                bma4_set_accel_enable
 .text.bma4_set_command_register
                0x000059aa       0x22 app/libapp.a(bma4.c.obj)
                0x000059aa                bma4_set_command_register
 .text.bma456_init
                0x000059cc       0x28 app/libapp.a(bma456.c.obj)
                0x000059cc                bma456_init
 .text.bma456_map_interrupt
                0x000059f4       0x28 app/libapp.a(bma456.c.obj)
                0x000059f4                bma456_map_interrupt
 .text.bma456_feature_enable
                0x00005a1c       0xee app/libapp.a(bma456.c.obj)
                0x00005a1c                bma456_feature_enable
 .text.bma456_step_counter_set_watermark
                0x00005b0a       0x58 app/libapp.a(bma456.c.obj)
                0x00005b0a                bma456_step_counter_set_watermark
 .text.bma456_reset_step_counter
                0x00005b62       0x50 app/libapp.a(bma456.c.obj)
                0x00005b62                bma456_reset_step_counter
 .text.bma456_step_counter_output
                0x00005bb2       0x36 app/libapp.a(bma456.c.obj)
                0x00005bb2                bma456_step_counter_output
 .text.set_max30102_for_reading_data
                0x00005be8       0x90 app/libapp.a(max30102.c.obj)
                0x00005be8                set_max30102_for_reading_data
 .text.z_impl_gpio_pin_interrupt_configure
                0x00005c78       0x28 app/libapp.a(latchSensor.c.obj)
 .text.gpio_pin_configure
                0x00005ca0       0x26 app/libapp.a(latchSensor.c.obj)
 .text.match_led_to_button
                0x00005cc6       0x4a app/libapp.a(latchSensor.c.obj)
                0x00005cc6                match_led_to_button
 .text.gpio_pin_configure
                0x00005d10       0x26 app/libapp.a(digitalPins.c.obj)
 .text.gpio_pin_set
                0x00005d36       0x20 app/libapp.a(digitalPins.c.obj)
 .text.arch_printk_char_out
                0x00005d56        0x4 zephyr/libzephyr.a(printk.c.obj)
                0x00005d56                arch_printk_char_out
 .text.print_err
                0x00005d5a       0x1c zephyr/libzephyr.a(printk.c.obj)
 .text.printk   0x00005d76       0x1a zephyr/libzephyr.a(printk.c.obj)
                0x00005d76                printk
 .text.z_thread_entry
                0x00005d90       0x14 zephyr/libzephyr.a(thread_entry.c.obj)
                0x00005d90                z_thread_entry
 .text.chunk_field
                0x00005da4       0x18 zephyr/libzephyr.a(heap.c.obj)
 .text.chunk_set
                0x00005dbc       0x1a zephyr/libzephyr.a(heap.c.obj)
 .text.free_list_add
                0x00005dd6       0x9a zephyr/libzephyr.a(heap.c.obj)
 .text.sys_heap_init
                0x00005e70       0x88 zephyr/libzephyr.a(heap.c.obj)
                0x00005e70                sys_heap_init
 .text._ConfigAbsSyms
                0x00005ef8        0x2 zephyr/libzephyr.a(configs.c.obj)
                0x00005ef8                _ConfigAbsSyms
 .text.get_status
                0x00005efa       0x1c zephyr/libzephyr.a(nrf_power_clock.c.obj)
 .text.clock_stop
                0x00005f16       0x52 zephyr/libzephyr.a(nrf_power_clock.c.obj)
 .text.clk_init
                0x00005f68       0x34 zephyr/libzephyr.a(nrf_power_clock.c.obj)
 .text.clock_start
                0x00005f9c        0x6 zephyr/libzephyr.a(nrf_power_clock.c.obj)
 .text.z_clock_isr
                0x00005fa2        0x2 zephyr/libzephyr.a(sys_clock_init.c.obj)
                0x00005fa2                z_clock_isr
 .text.z_clock_idle_exit
                0x00005fa4        0x2 zephyr/libzephyr.a(sys_clock_init.c.obj)
                0x00005fa4                z_clock_idle_exit
 .text.SEGGER_RTT_Init
                0x00005fa6        0x4 zephyr/libzephyr.a(SEGGER_RTT.c.obj)
                0x00005fa6                SEGGER_RTT_Init
 .text.rtt_init
                0x00005faa        0xa zephyr/libzephyr.a(SEGGER_RTT_zephyr.c.obj)
 .text.z_irq_spurious
                0x00005fb4        0x8 zephyr/arch/arch/arm/core/aarch32/libarch__arm__core__aarch32.a(irq_manage.c.obj)
                0x00005fb4                z_irq_spurious
 .text.z_arm_fatal_error
                0x00005fbc        0x4 zephyr/arch/arch/arm/core/aarch32/libarch__arm__core__aarch32.a(fatal.c.obj)
                0x00005fbc                z_arm_fatal_error
 .text.z_do_kernel_oops
                0x00005fc0        0x8 zephyr/arch/arch/arm/core/aarch32/libarch__arm__core__aarch32.a(fatal.c.obj)
                0x00005fc0                z_do_kernel_oops
 .text.z_arm_nmi
                0x00005fc8        0xe zephyr/arch/arch/arm/core/aarch32/libarch__arm__core__aarch32.a(nmi.c.obj)
                0x00005fc8                z_arm_nmi
 .text.strcpy   0x00005fd6       0x14 zephyr/lib/libc/minimal/liblib__libc__minimal.a(string.c.obj)
                0x00005fd6                strcpy
 .text.strchr   0x00005fea       0x1c zephyr/lib/libc/minimal/liblib__libc__minimal.a(string.c.obj)
                0x00005fea                strchr
 .text.strcmp   0x00006006       0x18 zephyr/lib/libc/minimal/liblib__libc__minimal.a(string.c.obj)
                0x00006006                strcmp
 .text.memcpy   0x0000601e       0x56 zephyr/lib/libc/minimal/liblib__libc__minimal.a(string.c.obj)
                0x0000601e                memcpy
 .text.memset   0x00006074       0x46 zephyr/lib/libc/minimal/liblib__libc__minimal.a(string.c.obj)
                0x00006074                memset
 .text._to_x    0x000060ba       0x48 zephyr/lib/libc/minimal/liblib__libc__minimal.a(prf.c.obj)
 .text._rlrshift
                0x00006102       0x24 zephyr/lib/libc/minimal/liblib__libc__minimal.a(prf.c.obj)
 .text._ldiv5   0x00006126       0x52 zephyr/lib/libc/minimal/liblib__libc__minimal.a(prf.c.obj)
 .text._get_digit
                0x00006178       0x2e zephyr/lib/libc/minimal/liblib__libc__minimal.a(prf.c.obj)
 .text._stdout_hook_default
                0x000061a6        0x6 zephyr/lib/libc/minimal/liblib__libc__minimal.a(stdout_console.c.obj)
 .text.fputc    0x000061ac        0x4 zephyr/lib/libc/minimal/liblib__libc__minimal.a(stdout_console.c.obj)
                0x000061ac                fputc
 .text.z_platform_init
                0x000061b0        0x4 zephyr/soc/arm/nordic_nrf/nrf52/libsoc__arm__nordic_nrf__nrf52.a(soc.c.obj)
                0x000061b0                z_platform_init
 .text.adc_context_on_timer_expired
                0x000061b4       0x2e zephyr/drivers/adc/libdrivers__adc.a(adc_nrfx_saadc.c.obj)
 .text.gpio_nrfx_port_get_raw
                0x000061e2        0xe zephyr/drivers/gpio/libdrivers__gpio.a(gpio_nrfx.c.obj)
 .text.gpio_nrfx_port_set_masked_raw
                0x000061f0       0x16 zephyr/drivers/gpio/libdrivers__gpio.a(gpio_nrfx.c.obj)
 .text.gpio_nrfx_port_set_bits_raw
                0x00006206        0xc zephyr/drivers/gpio/libdrivers__gpio.a(gpio_nrfx.c.obj)
 .text.gpio_nrfx_port_clear_bits_raw
                0x00006212        0xc zephyr/drivers/gpio/libdrivers__gpio.a(gpio_nrfx.c.obj)
 .text.gpio_nrfx_port_toggle_bits
                0x0000621e       0x12 zephyr/drivers/gpio/libdrivers__gpio.a(gpio_nrfx.c.obj)
 .text.gpio_nrfx_manage_callback
                0x00006230       0x56 zephyr/drivers/gpio/libdrivers__gpio.a(gpio_nrfx.c.obj)
 .text.gpio_nrfx_pin_interrupt_configure
                0x00006286       0x8e zephyr/drivers/gpio/libdrivers__gpio.a(gpio_nrfx.c.obj)
 .text.gpio_nrfx_pin_disable_callback
                0x00006314       0x18 zephyr/drivers/gpio/libdrivers__gpio.a(gpio_nrfx.c.obj)
 .text.gpio_nrfx_pin_enable_callback
                0x0000632c       0x16 zephyr/drivers/gpio/libdrivers__gpio.a(gpio_nrfx.c.obj)
 .text.i2c_nrfx_twi_configure
                0x00006342       0x32 zephyr/drivers/i2c/libdrivers__i2c.a(i2c_nrfx_twi.c.obj)
 .text.gpio_pin_set
                0x00006374       0x20 zephyr/drivers/spi/libdrivers__spi.a(spi_nrfx_spi.c.obj)
 .text._spi_context_cs_control.isra.0
                0x00006394       0x54 zephyr/drivers/spi/libdrivers__spi.a(spi_nrfx_spi.c.obj)
 .text.spi_context_unlock_unconditionally
                0x000063e8       0x1c zephyr/drivers/spi/libdrivers__spi.a(spi_nrfx_spi.c.obj)
 .text.spi_nrfx_release
                0x00006404       0x24 zephyr/drivers/spi/libdrivers__spi.a(spi_nrfx_spi.c.obj)
 .text.event_handler
                0x00006428       0x80 zephyr/drivers/spi/libdrivers__spi.a(spi_nrfx_spi.c.obj)
 .text.uart_nrfx_config_get
                0x000064a8       0x10 zephyr/drivers/serial/libdrivers__serial.a(uart_nrfx_uart.c.obj)
 .text.k_sys_fatal_error_handler
                0x000064b8        0x8 modules/nrf/lib/fatal_error/lib..__nrf__lib__fatal_error.a(fatal_error.c.obj)
                0x000064b8                k_sys_fatal_error_handler
 .text.nrfx_isr
                0x000064c0        0x2 modules/nordic/lib..__modules__hal__nordic.a(nrfx_glue.c.obj)
                0x000064c0                nrfx_isr
 .text.nrfx_busy_wait
                0x000064c2        0x4 modules/nordic/lib..__modules__hal__nordic.a(nrfx_glue.c.obj)
                0x000064c2                nrfx_busy_wait
 .text.transfer_byte
                0x000064c6       0x66 modules/nordic/lib..__modules__hal__nordic.a(nrfx_spi.c.obj)
 .text.irq_handler
                0x0000652c       0x44 modules/nordic/lib..__modules__hal__nordic.a(nrfx_spi.c.obj)
 .text.nrf_twi_event_clear
                0x00006570       0x10 modules/nordic/lib..__modules__hal__nordic.a(nrfx_twi.c.obj)
 .text.twi_send_byte
                0x00006580       0x3a modules/nordic/lib..__modules__hal__nordic.a(nrfx_twi.c.obj)
 .text.twi_transfer
                0x000065ba      0x114 modules/nordic/lib..__modules__hal__nordic.a(nrfx_twi.c.obj)
 .text.twi_irq_handler.part.0
                0x000066ce       0x9c modules/nordic/lib..__modules__hal__nordic.a(nrfx_twi.c.obj)
 .text.z_fatal_error
                0x0000676a       0x36 zephyr/kernel/libkernel.a(fatal.c.obj)
                0x0000676a                z_fatal_error
 .text.z_sys_power_save_idle_exit
                0x000067a0        0x4 zephyr/kernel/libkernel.a(idle.c.obj)
                0x000067a0                z_sys_power_save_idle_exit
 .text.z_find_first_thread_to_unpend
                0x000067a4       0x20 zephyr/kernel/libkernel.a(sched.c.obj)
                0x000067a4                z_find_first_thread_to_unpend
 .text.z_unpend_thread_no_timeout
                0x000067c4       0x32 zephyr/kernel/libkernel.a(sched.c.obj)
                0x000067c4                z_unpend_thread_no_timeout
 .text.z_reschedule
                0x000067f6       0x16 zephyr/kernel/libkernel.a(sched.c.obj)
                0x000067f6                z_reschedule
 .text.z_reschedule_irqlock
                0x0000680c       0x18 zephyr/kernel/libkernel.a(sched.c.obj)
                0x0000680c                z_reschedule_irqlock
 .text.z_reschedule_unlocked
                0x00006824       0x14 zephyr/kernel/libkernel.a(sched.c.obj)
 .text.z_priq_dumb_best
                0x00006838       0x14 zephyr/kernel/libkernel.a(sched.c.obj)
                0x00006838                z_priq_dumb_best
 .text.z_ready_thread
                0x0000684c       0x20 zephyr/kernel/libkernel.a(sched.c.obj)
                0x0000684c                z_ready_thread
 .text.z_thread_timeout
                0x0000686c       0x56 zephyr/kernel/libkernel.a(sched.c.obj)
                0x0000686c                z_thread_timeout
 .text.z_remove_thread_from_ready_q
                0x000068c2       0x20 zephyr/kernel/libkernel.a(sched.c.obj)
                0x000068c2                z_remove_thread_from_ready_q
 .text.add_to_waitq_locked
                0x000068e2       0x56 zephyr/kernel/libkernel.a(sched.c.obj)
 .text.z_unpend_first_thread
                0x00006938       0x5a zephyr/kernel/libkernel.a(sched.c.obj)
                0x00006938                z_unpend_first_thread
 .text.k_is_in_isr
                0x00006992        0xc zephyr/kernel/libkernel.a(thread.c.obj)
                0x00006992                k_is_in_isr
 .text.z_impl_k_busy_wait
                0x0000699e        0x4 zephyr/kernel/libkernel.a(thread.c.obj)
                0x0000699e                z_impl_k_busy_wait
 .text.z_abort_timeout
                0x000069a2       0x2c zephyr/kernel/libkernel.a(timeout.c.obj)
                0x000069a2                z_abort_timeout
 .text.z_get_next_timeout_expiry
                0x000069ce       0x20 zephyr/kernel/libkernel.a(timeout.c.obj)
                0x000069ce                z_get_next_timeout_expiry
 .text.z_set_timeout_expiry
                0x000069ee       0x34 zephyr/kernel/libkernel.a(timeout.c.obj)
                0x000069ee                z_set_timeout_expiry
 .text.z_tick_get_32
                0x00006a22        0x8 zephyr/kernel/libkernel.a(timeout.c.obj)
                0x00006a22                z_tick_get_32
 .text.z_impl_k_timer_stop
                0x00006a2a       0x44 zephyr/kernel/libkernel.a(timer.c.obj)
                0x00006a2a                z_impl_k_timer_stop
 .text.signal_poll_event
                0x00006a6e       0x36 zephyr/kernel/libkernel.a(poll.c.obj)
 .text.z_handle_obj_poll_events
                0x00006aa4       0x1c zephyr/kernel/libkernel.a(poll.c.obj)
                0x00006aa4                z_handle_obj_poll_events
 .text.k_heap_init
                0x00006ac0       0x10 zephyr/kernel/libkernel.a(kheap.c.obj)
                0x00006ac0                k_heap_init
 .text._OffsetAbsSyms
                0x00006ad0        0x2 zephyr/CMakeFiles/offsets.dir/arch/arm/core/offsets/offsets.c.obj
                0x00006ad0                _OffsetAbsSyms
 *(SORT_BY_ALIGNMENT(.gnu.linkonce.t.*))
 *(SORT_BY_ALIGNMENT(.glue_7t))
 .glue_7t       0x00006ad2        0x0 linker stubs
 *(SORT_BY_ALIGNMENT(.glue_7))
 .glue_7        0x00006ad2        0x0 linker stubs
 *(SORT_BY_ALIGNMENT(.vfp11_veneer))
 .vfp11_veneer  0x00006ad2        0x0 linker stubs
 *(SORT_BY_ALIGNMENT(.v4_bx))
 .v4_bx         0x00006ad2        0x0 linker stubs
                0x00006ad2                _image_text_end = .

.ARM.exidx      0x00006ad4        0x8
                0x00006ad4                __exidx_start = .
 *(SORT_BY_ALIGNMENT(.ARM.exidx*) SORT_BY_ALIGNMENT(gnu.linkonce.armexidx.*))
 .ARM.exidx     0x00006ad4        0x8 c:/users/vinayan/ncs/v1.3.0/toolchain/opt/bin/../lib/gcc/arm-none-eabi/9.2.1/thumb/v7e-m/nofp\libgcc.a(_udivmoddi4.o)
                0x00006adc                __exidx_end = .
                0x00006adc                _image_rodata_start = .

initlevel       0x00006adc       0x60
                0x00006adc                __init_start = .
                0x00006adc                __init_PRE_KERNEL_1_start = .
 *(SORT_BY_NAME(SORT_BY_ALIGNMENT(.init_PRE_KERNEL_1[0-9])))
 .init_PRE_KERNEL_10
                0x00006adc        0x8 zephyr/soc/arm/nordic_nrf/nrf52/libsoc__arm__nordic_nrf__nrf52.a(soc.c.obj)
 *(SORT_BY_NAME(SORT_BY_ALIGNMENT(.init_PRE_KERNEL_1[1-9][0-9])))
 .init_PRE_KERNEL_130
                0x00006ae4        0x8 zephyr/libzephyr.a(SEGGER_RTT_zephyr.c.obj)
 .init_PRE_KERNEL_130
                0x00006aec        0x8 zephyr/kernel/libkernel.a(kheap.c.obj)
 .init_PRE_KERNEL_140
                0x00006af4        0x8 zephyr/arch/arch/arm/core/aarch32/cortex_m/mpu/libarch__arm__core__aarch32__cortex_m__mpu.a(arm_mpu.c.obj)
 .init_PRE_KERNEL_150
                0x00006afc        0x8 zephyr/libzephyr.a(nrf_power_clock.c.obj)
 .init_PRE_KERNEL_150
                0x00006b04        0x8 zephyr/drivers/serial/libdrivers__serial.a(uart_nrfx_uart.c.obj)
 .init_PRE_KERNEL_160
                0x00006b0c        0x8 zephyr/libzephyr.a(uart_console.c.obj)
                0x00006b14                __init_PRE_KERNEL_2_start = .
 *(SORT_BY_NAME(SORT_BY_ALIGNMENT(.init_PRE_KERNEL_2[0-9])))
 .init_PRE_KERNEL_20
                0x00006b14        0x8 zephyr/libzephyr.a(sys_clock_init.c.obj)
 *(SORT_BY_NAME(SORT_BY_ALIGNMENT(.init_PRE_KERNEL_2[1-9][0-9])))
                0x00006b1c                __init_POST_KERNEL_start = .
 *(SORT_BY_NAME(SORT_BY_ALIGNMENT(.init_POST_KERNEL[0-9])))
 *(SORT_BY_NAME(SORT_BY_ALIGNMENT(.init_POST_KERNEL[1-9][0-9])))
 .init_POST_KERNEL40
                0x00006b1c        0x8 zephyr/drivers/gpio/libdrivers__gpio.a(gpio_nrfx.c.obj)
 .init_POST_KERNEL50
                0x00006b24        0x8 zephyr/drivers/adc/libdrivers__adc.a(adc_nrfx_saadc.c.obj)
 .init_POST_KERNEL60
                0x00006b2c        0x8 zephyr/drivers/i2c/libdrivers__i2c.a(i2c_nrfx_twi.c.obj)
 .init_POST_KERNEL70
                0x00006b34        0x8 zephyr/drivers/spi/libdrivers__spi.a(spi_nrfx_spi.c.obj)
                0x00006b3c                __init_APPLICATION_start = .
 *(SORT_BY_NAME(SORT_BY_ALIGNMENT(.init_APPLICATION[0-9])))
 *(SORT_BY_NAME(SORT_BY_ALIGNMENT(.init_APPLICATION[1-9][0-9])))
                0x00006b3c                __init_SMP_start = .
 *(SORT_BY_NAME(SORT_BY_ALIGNMENT(.init_SMP[0-9])))
 *(SORT_BY_NAME(SORT_BY_ALIGNMENT(.init_SMP[1-9][0-9])))
                0x00006b3c                __init_end = .

sw_isr_table    0x00006b3c      0x138
                0x00006b3c                . = ALIGN (0x0)
 *(SORT_BY_ALIGNMENT(.gnu.linkonce.sw_isr_table))
 .gnu.linkonce.sw_isr_table
                0x00006b3c      0x138 zephyr/arch/common/libarch__common.a(isr_tables.c.obj)
                0x00006b3c                _sw_isr_table

initlevel_error
                0x00006adc        0x0
 *(SORT_BY_NAME(SORT_BY_ALIGNMENT(.init_[_A-Z0-9]*)))
                0x00000001                ASSERT ((SIZEOF (initlevel_error) == 0x0), Undefined initialization levels used.)

app_shmem_regions
                0x00006c74        0x0
                0x00006c74                __app_shmem_regions_start = .
 *(SORT_BY_NAME(SORT_BY_ALIGNMENT(.app_regions.*)))
                0x00006c74                __app_shmem_regions_end = .

net_l2          0x00006c74        0x0
                0x00006c74                __net_l2_start = .
 *(SORT_BY_ALIGNMENT(.net_l2.init))
 *(SORT_BY_NAME(SORT_BY_ALIGNMENT(.net_l2.init*)))
                0x00006c74                __net_l2_end = .

_bt_channels_area
                0x00006c74        0x0
                0x00006c74                _bt_l2cap_fixed_chan_list_start = .
 *(SORT_BY_NAME(SORT_BY_ALIGNMENT(._bt_l2cap_fixed_chan.static.*)))
                0x00006c74                _bt_l2cap_fixed_chan_list_end = .

_bt_services_area
                0x00006c74        0x0
                0x00006c74                _bt_gatt_service_static_list_start = .
 *(SORT_BY_NAME(SORT_BY_ALIGNMENT(._bt_gatt_service_static.static.*)))
                0x00006c74                _bt_gatt_service_static_list_end = .

log_const_sections
                0x00006c74        0x0
                0x00006c74                __log_const_start = .
 *(SORT_BY_NAME(SORT_BY_ALIGNMENT(.log_const_*)))
                0x00006c74                __log_const_end = .

log_backends_sections
                0x00006c74        0x0
                0x00006c74                __log_backends_start = .
 *(SORT_BY_ALIGNMENT(._log_backend.*))
                0x00006c74                __log_backends_end = .

shell_sections  0x00006c74        0x0
                0x00006c74                _shell_list_start = .
 *(SORT_BY_NAME(SORT_BY_ALIGNMENT(._shell.static.*)))
                0x00006c74                _shell_list_end = .

shell_root_cmds_sections
                0x00006c74        0x0
                0x00006c74                __shell_root_cmds_start = .
 *(SORT_BY_NAME(SORT_BY_ALIGNMENT(.shell_root_cmd_*)))
                0x00006c74                __shell_root_cmds_end = .

font_entry_sections
                0x00006c74        0x0
                0x00006c74                __font_entry_start = .
 *(SORT_BY_NAME(SORT_BY_ALIGNMENT(._cfb_font.*)))
                0x00006c74                __font_entry_end = .

tracing_backends_sections
                0x00006c74        0x0
                0x00006c74                _tracing_backend_list_start = .
 *(SORT_BY_ALIGNMENT(._tracing_backend.*))
                0x00006c74                _tracing_backend_list_end = .

rodata          0x00006c80     0x1ff0
 *(SORT_BY_ALIGNMENT(.rodata))
 .rodata        0x00006c80        0x6 app/libapp.a(bma4.c.obj)
 .rodata        0x00006c86        0x6 app/libapp.a(max30102.c.obj)
 *(SORT_BY_ALIGNMENT(.rodata.*))
 *fill*         0x00006c8c        0x4 
 .rodata.delay_machine_code.8789
                0x00006c90        0x6 zephyr/soc/arm/nordic_nrf/nrf52/libsoc__arm__nordic_nrf__nrf52.a(soc.c.obj)
 *fill*         0x00006c96        0x2 
 .rodata.clock_control_api
                0x00006c98       0x14 zephyr/libzephyr.a(nrf_power_clock.c.obj)
 .rodata.mpu_config
                0x00006cac        0x8 zephyr/soc/arm/common/cortex_m/libsoc__arm__common__cortex_m.a(arm_mpu_regions.c.obj)
                0x00006cac                mpu_config
 .rodata.mpu_regions
                0x00006cb4       0x18 zephyr/soc/arm/common/cortex_m/libsoc__arm__common__cortex_m.a(arm_mpu_regions.c.obj)
 .rodata.adc_nrfx_driver_api
                0x00006ccc       0x10 zephyr/drivers/adc/libdrivers__adc.a(adc_nrfx_saadc.c.obj)
 .rodata.gpio_nrfx_drv_api_funcs
                0x00006cdc       0x2c zephyr/drivers/gpio/libdrivers__gpio.a(gpio_nrfx.c.obj)
 .rodata.gpio_nrfx_p0_cfg
                0x00006d08        0xc zephyr/drivers/gpio/libdrivers__gpio.a(gpio_nrfx.c.obj)
 .rodata.i2c_nrfx_twi_driver_api
                0x00006d14       0x14 zephyr/drivers/i2c/libdrivers__i2c.a(i2c_nrfx_twi.c.obj)
 .rodata.twi_0z_config
                0x00006d28       0x18 zephyr/drivers/i2c/libdrivers__i2c.a(i2c_nrfx_twi.c.obj)
 .rodata.spi_2z_config
                0x00006d40       0x18 zephyr/drivers/spi/libdrivers__spi.a(spi_nrfx_spi.c.obj)
 .rodata.spi_nrfx_driver_api
                0x00006d58        0x8 zephyr/drivers/spi/libdrivers__spi.a(spi_nrfx_spi.c.obj)
 .rodata.uart_nrfx_uart_driver_api
                0x00006d60       0x14 zephyr/drivers/serial/libdrivers__serial.a(uart_nrfx_uart.c.obj)
 .rodata.levels.8562
                0x00006d74       0x14 zephyr/kernel/libkernel.a(device.c.obj)
 .rodata._k_neg_eagain
                0x00006d88        0x4 zephyr/kernel/libkernel.a(errno.c.obj)
                0x00006d88                _k_neg_eagain
 .rodata.config
                0x00006d8c        0x8 zephyr/libzephyr.a(nrf_power_clock.c.obj)
 .rodata.main.str1.1
                0x00006d94       0x63 app/libapp.a(main.c.obj)
 .rodata.bma_i2c_write.str1.1
                0x00006df7        0x6 app/libapp.a(bma_sensor.c.obj)
 .rodata.initialize_bma.str1.1
                0x00006dfd       0x9c app/libapp.a(bma_sensor.c.obj)
 .rodata.stepCounterEnable.str1.1
                0x00006e99      0x275 app/libapp.a(bma_sensor.c.obj)
 .rodata.getStepCounterOutput.str1.1
                0x0000710e       0x1d app/libapp.a(bma_sensor.c.obj)
 .rodata.bma456_config_file
                0x0000712b     0x1800 app/libapp.a(bma456.c.obj)
                0x0000712b                bma456_config_file
 .rodata.max30102_i2c_write.isra.0.str1.1
                0x0000892b        0x6 app/libapp.a(max30102.c.obj)
 .rodata.init_max30102.str1.1
                0x0000892b       0x7f app/libapp.a(max30102.c.obj)
 .rodata.button_pressed.str1.1
                0x000089aa       0x11 app/libapp.a(latchSensor.c.obj)
 .rodata.init_latch.str1.1
                0x000089bb       0xd3 app/libapp.a(latchSensor.c.obj)
 .rodata.max30208_i2c_read.isra.0.str1.1
                0x00008a8e        0x6 app/libapp.a(max30208.c.obj)
 .rodata.init_max30208.str1.1
                0x00008a8e       0x82 app/libapp.a(max30208.c.obj)
 .rodata.configure_max30208.str1.1
                0x00008b10       0x3d app/libapp.a(max30208.c.obj)
 .rodata.max30208_read_fifo.str1.1
                0x00008b4d       0x25 app/libapp.a(max30208.c.obj)
 .rodata.getAdcDevice.str1.1
                0x00008b72        0x6 app/libapp.a(lightSensor.c.obj)
 .rodata.init_output.str1.1
                0x00008b78       0x62 app/libapp.a(digitalPins.c.obj)
                                 0x69 (size before relaxing)
 .rodata.uart_console_init.str1.1
                0x00008bda        0x7 zephyr/libzephyr.a(uart_console.c.obj)
 .rodata.str1.1
                0x00008be1        0x6 zephyr/libzephyr.a(nrf_power_clock.c.obj)
 .rodata.str1.1
                0x00008be7        0xa zephyr/libzephyr.a(sys_clock_init.c.obj)
 .rodata.z_clock_driver_init.str1.1
                0x00008bf1        0x6 zephyr/libzephyr.a(nrf_rtc_timer.c.obj)
 .rodata._DoInit.str1.1
                0x00008bf1       0x14 zephyr/libzephyr.a(SEGGER_RTT.c.obj)
 .rodata.z_prf.str1.1
                0x00008c05        0xa zephyr/lib/libc/minimal/liblib__libc__minimal.a(prf.c.obj)
 .rodata.str1.1
                0x00008c0f        0xf zephyr/soc/arm/common/cortex_m/libsoc__arm__common__cortex_m.a(arm_mpu_regions.c.obj)
 .rodata.str1.1
                0x00008c1e        0x6 zephyr/drivers/adc/libdrivers__adc.a(adc_nrfx_saadc.c.obj)
 .rodata.str1.1
                0x00008c1e        0x7 zephyr/drivers/gpio/libdrivers__gpio.a(gpio_nrfx.c.obj)
 .rodata.str1.1
                0x00008c1e        0x6 zephyr/drivers/i2c/libdrivers__i2c.a(i2c_nrfx_twi.c.obj)
 .rodata.str1.1
                0x00008c1e        0x6 zephyr/drivers/spi/libdrivers__spi.a(spi_nrfx_spi.c.obj)
 .rodata.str1.1
                0x00008c24        0x7 zephyr/drivers/serial/libdrivers__serial.a(uart_nrfx_uart.c.obj)
 .rodata.uart_nrfx_uart0_config
                0x00008c24        0x1 zephyr/drivers/serial/libdrivers__serial.a(uart_nrfx_uart.c.obj)
 .rodata.CSWTCH.14
                0x00008c25        0x4 modules/nordic/lib..__modules__hal__nordic.a(system_nrf52.c.obj)
 .rodata.CSWTCH.18
                0x00008c29        0x4 modules/nordic/lib..__modules__hal__nordic.a(system_nrf52.c.obj)
 .rodata.CSWTCH.4
                0x00008c2d        0x4 modules/nordic/lib..__modules__hal__nordic.a(system_nrf52.c.obj)
 .rodata.bg_thread_main.str1.1
                0x00008c31       0x37 zephyr/kernel/libkernel.a(init.c.obj)
                                 0x38 (size before relaxing)
 .rodata.z_cstart.str1.1
                0x00008c68        0x5 zephyr/kernel/libkernel.a(init.c.obj)
 *(SORT_BY_ALIGNMENT(.gnu.linkonce.r.*))
                0x00008c70                . = ALIGN (0x4)
 *fill*         0x00008c6d        0x3 
                0x00008c70                _image_rodata_end = .
                0x00008c80                . = ALIGN (_region_min_align)
                0x00010000                . = ALIGN ((0x1 << LOG2CEIL ((_image_rodata_end - _image_rom_start))))
                0x00010000                _image_rom_end = .
                0x20000000                . = 0x20000000
                0x20000000                . = ALIGN (_region_min_align)
                0x20000000                _image_ram_start = .

.ramfunc        0x20000000        0x0 load address 0x00008c70
                0x20000000                . = ALIGN (_region_min_align)
                0x20000000                . = ALIGN ((0x1 << LOG2CEIL (_ramfunc_ram_size)))
                0x20000000                _ramfunc_ram_start = .
 *(SORT_BY_ALIGNMENT(.ramfunc))
 *(SORT_BY_ALIGNMENT(.ramfunc.*))
                0x20000000                . = ALIGN (_region_min_align)
                0x20000000                . = ALIGN ((0x1 << LOG2CEIL (_ramfunc_ram_size)))
                0x20000000                _ramfunc_ram_end = .
                0x00000000                _ramfunc_ram_size = (_ramfunc_ram_end - _ramfunc_ram_start)
                0x00008c70                _ramfunc_rom_start = LOADADDR (.ramfunc)

datas           0x20000000      0x15d load address 0x00008c70
                0x20000000                __data_ram_start = .
 *(SORT_BY_ALIGNMENT(.data))
 *(SORT_BY_ALIGNMENT(.data.*))
 .data.m_data   0x20000000       0xa0 zephyr/drivers/adc/libdrivers__adc.a(adc_nrfx_saadc.c.obj)
 .data._char_out
                0x200000a0        0x4 zephyr/libzephyr.a(printk.c.obj)
                0x200000a0                _char_out
 .data._stdout_hook
                0x200000a4        0x4 zephyr/lib/libc/minimal/liblib__libc__minimal.a(stdout_console.c.obj)
 .data.twi_0_data
                0x200000a8       0x38 zephyr/drivers/i2c/libdrivers__i2c.a(i2c_nrfx_twi.c.obj)
 .data.spi_2_data
                0x200000e0       0x60 zephyr/drivers/spi/libdrivers__spi.a(spi_nrfx_spi.c.obj)
 .data.uart_nrfx_uart0_data
                0x20000140        0x8 zephyr/drivers/serial/libdrivers__serial.a(uart_nrfx_uart.c.obj)
 .data.SystemCoreClock
                0x20000148        0x4 modules/nordic/lib..__modules__hal__nordic.a(system_nrf52.c.obj)
                0x20000148                SystemCoreClock
 .data.timeout_list
                0x2000014c        0x8 zephyr/kernel/libkernel.a(timeout.c.obj)
 .data.m_1st_channel_cfg
                0x20000154        0x8 app/libapp.a(lightSensor.c.obj)
 .data._LastChannel
                0x2000015c        0x1 app/libapp.a(lightSensor.c.obj)
 *(SORT_BY_ALIGNMENT(.kernel.*))
                0x00008c70                __data_rom_start = LOADADDR (datas)

devices         0x20000160       0x70 load address 0x00008dd0
                0x20000160                __device_start = .
                0x20000160                __device_PRE_KERNEL_1_start = .
 *(SORT_BY_NAME(SORT_BY_ALIGNMENT(.device_PRE_KERNEL_1[0-9])))
 *(SORT_BY_NAME(SORT_BY_ALIGNMENT(.device_PRE_KERNEL_1[1-9][0-9])))
 .device_PRE_KERNEL_150
                0x20000160       0x10 zephyr/libzephyr.a(nrf_power_clock.c.obj)
 .device_PRE_KERNEL_150
                0x20000170       0x10 zephyr/drivers/serial/libdrivers__serial.a(uart_nrfx_uart.c.obj)
                0x20000180                __device_PRE_KERNEL_2_start = .
 *(SORT_BY_NAME(SORT_BY_ALIGNMENT(.device_PRE_KERNEL_2[0-9])))
 .device_PRE_KERNEL_20
                0x20000180       0x10 zephyr/libzephyr.a(sys_clock_init.c.obj)
 *(SORT_BY_NAME(SORT_BY_ALIGNMENT(.device_PRE_KERNEL_2[1-9][0-9])))
                0x20000190                __device_POST_KERNEL_start = .
 *(SORT_BY_NAME(SORT_BY_ALIGNMENT(.device_POST_KERNEL[0-9])))
 *(SORT_BY_NAME(SORT_BY_ALIGNMENT(.device_POST_KERNEL[1-9][0-9])))
 .device_POST_KERNEL40
                0x20000190       0x10 zephyr/drivers/gpio/libdrivers__gpio.a(gpio_nrfx.c.obj)
 .device_POST_KERNEL50
                0x200001a0       0x10 zephyr/drivers/adc/libdrivers__adc.a(adc_nrfx_saadc.c.obj)
 .device_POST_KERNEL60
                0x200001b0       0x10 zephyr/drivers/i2c/libdrivers__i2c.a(i2c_nrfx_twi.c.obj)
 .device_POST_KERNEL70
                0x200001c0       0x10 zephyr/drivers/spi/libdrivers__spi.a(spi_nrfx_spi.c.obj)
                0x200001d0                __device_APPLICATION_start = .
 *(SORT_BY_NAME(SORT_BY_ALIGNMENT(.device_APPLICATION[0-9])))
 *(SORT_BY_NAME(SORT_BY_ALIGNMENT(.device_APPLICATION[1-9][0-9])))
                0x200001d0                __device_SMP_start = .
 *(SORT_BY_NAME(SORT_BY_ALIGNMENT(.device_SMP[0-9])))
 *(SORT_BY_NAME(SORT_BY_ALIGNMENT(.device_SMP[1-9][0-9])))
                0x200001d0                __device_end = .

initshell       0x200001d0        0x0 load address 0x00008e40
                0x200001d0                __shell_module_start = .
 *(SORT_BY_ALIGNMENT(.shell_module_*))
                0x200001d0                __shell_module_end = .
                0x200001d0                __shell_cmd_start = .
 *(SORT_BY_ALIGNMENT(.shell_cmd_*))
                0x200001d0                __shell_cmd_end = .

log_dynamic_sections
                0x200001d0        0x0 load address 0x00008e40
                0x200001d0                __log_dynamic_start = .
 *(SORT_BY_NAME(SORT_BY_ALIGNMENT(.log_dynamic_*)))
                0x200001d0                __log_dynamic_end = .

_static_thread_area
                0x200001d0        0x0 load address 0x00008e40
                0x200001d0                __static_thread_data_list_start = .
 *(SORT_BY_NAME(SORT_BY_ALIGNMENT(.__static_thread_data.static.*)))
                0x200001d0                __static_thread_data_list_end = .

_k_timer_area   0x200001d0        0x0 load address 0x00008e40
                0x200001d0                _k_timer_list_start = .
 *(SORT_BY_ALIGNMENT(._k_timer.static.*))
                0x200001d0                _k_timer_list_end = .

_k_mem_slab_area
                0x200001d0        0x0 load address 0x00008e40
                0x200001d0                _k_mem_slab_list_start = .
 *(SORT_BY_ALIGNMENT(._k_mem_slab.static.*))
                0x200001d0                _k_mem_slab_list_end = .

_k_mem_pool_area
                0x200001d0        0x0 load address 0x00008e40
                0x200001d0                _k_mem_pool_list_start = .
 *(SORT_BY_ALIGNMENT(._k_mem_pool.static.*))
                0x200001d0                _k_mem_pool_list_end = .

_k_heap_area    0x200001d0        0x0 load address 0x00008e40
                0x200001d0                _k_heap_list_start = .
 *(SORT_BY_ALIGNMENT(._k_heap.static.*))
                0x200001d0                _k_heap_list_end = .

_k_sem_area     0x200001d0        0x0 load address 0x00008e40
                0x200001d0                _k_sem_list_start = .
 *(SORT_BY_ALIGNMENT(._k_sem.static.*))
 *(SORT_BY_ALIGNMENT(._sys_sem.static.*))
                0x200001d0                _k_sem_list_end = .

_k_mutex_area   0x200001d0       0x28 load address 0x00008e40
                0x200001d0                _k_mutex_list_start = .
 *(SORT_BY_ALIGNMENT(._k_mutex.static.*))
 ._k_mutex.static.fdtable_lock
                0x200001d0       0x14 zephyr/libzephyr.a(fdtable.c.obj)
 ._k_mutex.static.rtt_term_mutex
                0x200001e4       0x14 zephyr/libzephyr.a(SEGGER_RTT_zephyr.c.obj)
                0x200001e4                rtt_term_mutex
                0x200001f8                _k_mutex_list_end = .

_k_queue_area   0x200001f8        0x0 load address 0x00008e68
                0x200001f8                _k_queue_list_start = .
 *(SORT_BY_ALIGNMENT(._k_queue.static.*))
 *(SORT_BY_ALIGNMENT(._k_fifo.static.*))
 *(SORT_BY_ALIGNMENT(._k_lifo.static.*))
                0x200001f8                _k_queue_list_end = .

_k_stack_area   0x200001f8        0x0 load address 0x00008e68
                0x200001f8                _k_stack_list_start = .
 *(SORT_BY_ALIGNMENT(._k_stack.static.*))
                0x200001f8                _k_stack_list_end = .

_k_msgq_area    0x200001f8        0x0 load address 0x00008e68
                0x200001f8                _k_msgq_list_start = .
 *(SORT_BY_ALIGNMENT(._k_msgq.static.*))
                0x200001f8                _k_msgq_list_end = .

_k_mbox_area    0x200001f8        0x0 load address 0x00008e68
                0x200001f8                _k_mbox_list_start = .
 *(SORT_BY_ALIGNMENT(._k_mbox.static.*))
                0x200001f8                _k_mbox_list_end = .

_k_pipe_area    0x200001f8        0x0 load address 0x00008e68
                0x200001f8                _k_pipe_list_start = .
 *(SORT_BY_ALIGNMENT(._k_pipe.static.*))
                0x200001f8                _k_pipe_list_end = .

_net_buf_pool_area
                0x200001f8        0x0 load address 0x00008e68
                0x200001f8                _net_buf_pool_list = .
 *(SORT_BY_NAME(SORT_BY_ALIGNMENT(._net_buf_pool.static.*)))

net_if          0x200001f8        0x0 load address 0x00008e68
                0x200001f8                __net_if_start = .
 *(SORT_BY_ALIGNMENT(.net_if.*))
 *(SORT_BY_NAME(SORT_BY_ALIGNMENT(.net_if.*)))
                0x200001f8                __net_if_end = .

net_if_dev      0x200001f8        0x0 load address 0x00008e68
                0x200001f8                __net_if_dev_start = .
 *(SORT_BY_ALIGNMENT(.net_if_dev.*))
 *(SORT_BY_NAME(SORT_BY_ALIGNMENT(.net_if_dev.*)))
                0x200001f8                __net_if_dev_end = .

net_l2_data     0x200001f8        0x0 load address 0x00008e68
                0x200001f8                __net_l2_data_start = .
 *(SORT_BY_ALIGNMENT(.net_l2.data))
 *(SORT_BY_NAME(SORT_BY_ALIGNMENT(.net_l2.data*)))
                0x200001f8                __net_l2_data_end = .
                0x200001f8                __data_ram_end = .

bss             0x200001f8      0x782
                0x200001f8                . = ALIGN (0x4)
                0x200001f8                __bss_start = .
                0x200001f8                __kernel_ram_start = .
 *(SORT_BY_ALIGNMENT(.bss))
 *(SORT_BY_ALIGNMENT(.bss.*))
 .bss.curr_tick
                0x200001f8        0x8 zephyr/kernel/libkernel.a(timeout.c.obj)
 .bss.accel     0x20000200       0x30 app/libapp.a(bma_sensor.c.obj)
                0x20000200                accel
 .bss.bma456_device_global
                0x20000230       0x30 app/libapp.a(bma_sensor.c.obj)
                0x20000230                bma456_device_global
 .bss.button_cb_data
                0x20000260        0xc app/libapp.a(latchSensor.c.obj)
 .bss.globalButton
                0x2000026c        0x4 app/libapp.a(latchSensor.c.obj)
                0x2000026c                globalButton
 .bss.globalLed
                0x20000270        0x4 app/libapp.a(latchSensor.c.obj)
                0x20000270                globalLed
 .bss.globalBuzzer
                0x20000274        0x4 app/libapp.a(digitalPins.c.obj)
                0x20000274                globalBuzzer
 .bss.globalMotor
                0x20000278        0x4 app/libapp.a(digitalPins.c.obj)
                0x20000278                globalMotor
 .bss.uart_console_dev
                0x2000027c        0x4 zephyr/libzephyr.a(uart_console.c.obj)
 .bss.data      0x20000280       0x18 zephyr/libzephyr.a(nrf_power_clock.c.obj)
 .bss.last_count
                0x20000298        0x4 zephyr/libzephyr.a(nrf_rtc_timer.c.obj)
 .bss._SEGGER_RTT
                0x2000029c       0xa8 zephyr/libzephyr.a(SEGGER_RTT.c.obj)
                0x2000029c                _SEGGER_RTT
 .bss.gpio_nrfx_p0_data
                0x20000344       0x20 zephyr/drivers/gpio/libdrivers__gpio.a(gpio_nrfx.c.obj)
 .bss.poll_out_lock.9335
                0x20000364        0x4 zephyr/drivers/serial/libdrivers__serial.a(uart_nrfx_uart.c.obj)
 .bss.m_cb      0x20000368       0x50 modules/nordic/lib..__modules__hal__nordic.a(nrfx_spi.c.obj)
 .bss.m_cb      0x200003b8       0x78 modules/nordic/lib..__modules__hal__nordic.a(nrfx_twi.c.obj)
 .bss.z_idle_threads
                0x20000430       0x74 zephyr/kernel/libkernel.a(init.c.obj)
                0x20000430                z_idle_threads
 .bss.z_main_thread
                0x200004a4       0x74 zephyr/kernel/libkernel.a(init.c.obj)
                0x200004a4                z_main_thread
 .bss._kernel   0x20000518       0x30 zephyr/kernel/libkernel.a(sched.c.obj)
                0x20000518                _kernel
 .bss.pending_current
                0x20000548        0x4 zephyr/kernel/libkernel.a(sched.c.obj)
 .bss.slice_max_prio
                0x2000054c        0x4 zephyr/kernel/libkernel.a(sched.c.obj)
 .bss.slice_time
                0x20000550        0x4 zephyr/kernel/libkernel.a(sched.c.obj)
 .bss.announce_remaining
                0x20000554        0x4 zephyr/kernel/libkernel.a(timeout.c.obj)
 .bss.m_sample_buffer
                0x20000558        0xc app/libapp.a(lightSensor.c.obj)
 .bss.dev_addr.9273
                0x20000564        0x1 app/libapp.a(bma_sensor.c.obj)
 .bss._IsInitialized
                0x20000565        0x1 app/libapp.a(lightSensor.c.obj)
 .bss.once.9484
                0x20000566        0x1 zephyr/libzephyr.a(nrf_power_clock.c.obj)
 .bss._acDownBuffer
                0x20000567       0x10 zephyr/libzephyr.a(SEGGER_RTT.c.obj)
 .bss._acUpBuffer
                0x20000577      0x400 zephyr/libzephyr.a(SEGGER_RTT.c.obj)
 .bss.static_regions_num
                0x20000977        0x1 zephyr/arch/arch/arm/core/aarch32/cortex_m/mpu/libarch__arm__core__aarch32__cortex_m__mpu.a(arm_mpu.c.obj)
 .bss.gpio_initialized.9576
                0x20000978        0x1 zephyr/drivers/gpio/libdrivers__gpio.a(gpio_nrfx.c.obj)
 .bss.z_sys_post_kernel
                0x20000979        0x1 zephyr/kernel/libkernel.a(init.c.obj)
                0x20000979                z_sys_post_kernel
 .bss.sched_spinlock
                0x2000097a        0x0 zephyr/kernel/libkernel.a(sched.c.obj)
 .bss.lock      0x2000097a        0x0 zephyr/kernel/libkernel.a(sem.c.obj)
 .bss.lock      0x2000097a        0x0 zephyr/kernel/libkernel.a(poll.c.obj)
 *(SORT_BY_ALIGNMENT(COMMON))
 *(SORT_BY_ALIGNMENT(.kernel_bss.*))
                0x2000097c                __bss_end = ALIGN (0x4)

noinit          0x20000980      0xd40
 *(SORT_BY_ALIGNMENT(.noinit))
 *(SORT_BY_ALIGNMENT(.noinit.*))
 .noinit."WEST_TOPDIR/zephyr/kernel/init.c".2
                0x20000980      0x400 zephyr/kernel/libkernel.a(init.c.obj)
                0x20000980                z_main_stack
 .noinit."WEST_TOPDIR/zephyr/kernel/init.c".3
                0x20000d80      0x140 zephyr/kernel/libkernel.a(init.c.obj)
 .noinit."WEST_TOPDIR/zephyr/kernel/init.c".4
                0x20000ec0      0x800 zephyr/kernel/libkernel.a(init.c.obj)
                0x20000ec0                z_interrupt_stacks
 *(SORT_BY_ALIGNMENT(.kernel_noinit.*))
                0x200016c0                _image_ram_end = .
                0x200016c0                _end = .
                0x20010000                __kernel_ram_end = 0x20010000
                0x0000fe08                __kernel_ram_size = (__kernel_ram_end - __kernel_ram_start)

.intList        0x20010000       0x68
 *(SORT_BY_ALIGNMENT(.irq_info))
 .irq_info      0x20010000        0x8 zephyr/arch/common/libarch__common.a(isr_tables.c.obj)
                0x20010000                _iheader
 *(SORT_BY_ALIGNMENT(.intList))
 .intList       0x20010008       0x10 zephyr/libzephyr.a(nrf_power_clock.c.obj)
 .intList       0x20010018       0x10 zephyr/libzephyr.a(nrf_rtc_timer.c.obj)
 .intList       0x20010028       0x10 zephyr/drivers/adc/libdrivers__adc.a(adc_nrfx_saadc.c.obj)
 .intList       0x20010038       0x10 zephyr/drivers/gpio/libdrivers__gpio.a(gpio_nrfx.c.obj)
 .intList       0x20010048       0x10 zephyr/drivers/i2c/libdrivers__i2c.a(i2c_nrfx_twi.c.obj)
 .intList       0x20010058       0x10 zephyr/drivers/spi/libdrivers__spi.a(spi_nrfx_spi.c.obj)

.stab
 *(SORT_BY_ALIGNMENT(.stab))

.stabstr
 *(SORT_BY_ALIGNMENT(.stabstr))

.stab.excl
 *(SORT_BY_ALIGNMENT(.stab.excl))

.stab.exclstr
 *(SORT_BY_ALIGNMENT(.stab.exclstr))

.stab.index
 *(SORT_BY_ALIGNMENT(.stab.index))

.stab.indexstr
 *(SORT_BY_ALIGNMENT(.stab.indexstr))

.gnu.build.attributes
 *(SORT_BY_ALIGNMENT(.gnu.build.attributes) SORT_BY_ALIGNMENT(.gnu.build.attributes.*))

.comment        0x00000000       0x79
 *(SORT_BY_ALIGNMENT(.comment))
 .comment       0x00000000       0x79 app/libapp.a(main.c.obj)
                                 0x7a (size before relaxing)
 .comment       0x00000079       0x7a app/libapp.a(bma_sensor.c.obj)
 .comment       0x00000079       0x7a app/libapp.a(bma4.c.obj)
 .comment       0x00000079       0x7a app/libapp.a(bma456.c.obj)
 .comment       0x00000079       0x7a app/libapp.a(max30102.c.obj)
 .comment       0x00000079       0x7a app/libapp.a(latchSensor.c.obj)
 .comment       0x00000079       0x7a app/libapp.a(max30208.c.obj)
 .comment       0x00000079       0x7a app/libapp.a(lightSensor.c.obj)
 .comment       0x00000079       0x7a app/libapp.a(digitalPins.c.obj)
 .comment       0x00000079       0x7a zephyr/libzephyr.a(fdtable.c.obj)
 .comment       0x00000079       0x7a zephyr/libzephyr.a(printk.c.obj)
 .comment       0x00000079       0x7a zephyr/libzephyr.a(thread_entry.c.obj)
 .comment       0x00000079       0x7a zephyr/libzephyr.a(heap.c.obj)
 .comment       0x00000079       0x7a zephyr/libzephyr.a(configs.c.obj)
 .comment       0x00000079       0x7a zephyr/libzephyr.a(uart_console.c.obj)
 .comment       0x00000079       0x7a zephyr/libzephyr.a(nrf_power_clock.c.obj)
 .comment       0x00000079       0x7a zephyr/libzephyr.a(sys_clock_init.c.obj)
 .comment       0x00000079       0x7a zephyr/libzephyr.a(nrf_rtc_timer.c.obj)
 .comment       0x00000079       0x7a zephyr/libzephyr.a(SEGGER_RTT.c.obj)
 .comment       0x00000079       0x7a zephyr/libzephyr.a(SEGGER_RTT_zephyr.c.obj)
 .comment       0x00000079       0x7a zephyr/arch/common/libarch__common.a(isr_tables.c.obj)
 .comment       0x00000079       0x7a zephyr/arch/arch/arm/core/aarch32/libarch__arm__core__aarch32.a(swap.c.obj)
 .comment       0x00000079       0x7a zephyr/arch/arch/arm/core/aarch32/libarch__arm__core__aarch32.a(irq_manage.c.obj)
 .comment       0x00000079       0x7a zephyr/arch/arch/arm/core/aarch32/libarch__arm__core__aarch32.a(thread.c.obj)
 .comment       0x00000079       0x7a zephyr/arch/arch/arm/core/aarch32/libarch__arm__core__aarch32.a(fatal.c.obj)
 .comment       0x00000079       0x7a zephyr/arch/arch/arm/core/aarch32/libarch__arm__core__aarch32.a(nmi.c.obj)
 .comment       0x00000079       0x7a zephyr/arch/arch/arm/core/aarch32/libarch__arm__core__aarch32.a(prep_c.c.obj)
 .comment       0x00000079       0x7a zephyr/arch/arch/arm/core/aarch32/cortex_m/libarch__arm__core__aarch32__cortex_m.a(fault.c.obj)
 .comment       0x00000079       0x7a zephyr/arch/arch/arm/core/aarch32/cortex_m/libarch__arm__core__aarch32__cortex_m.a(irq_init.c.obj)
 .comment       0x00000079       0x7a zephyr/arch/arch/arm/core/aarch32/cortex_m/libarch__arm__core__aarch32__cortex_m.a(thread_abort.c.obj)
 .comment       0x00000079       0x7a zephyr/arch/arch/arm/core/aarch32/cortex_m/mpu/libarch__arm__core__aarch32__cortex_m__mpu.a(arm_core_mpu.c.obj)
 .comment       0x00000079       0x7a zephyr/arch/arch/arm/core/aarch32/cortex_m/mpu/libarch__arm__core__aarch32__cortex_m__mpu.a(arm_mpu.c.obj)
 .comment       0x00000079       0x7a zephyr/lib/libc/minimal/liblib__libc__minimal.a(string.c.obj)
 .comment       0x00000079       0x7a zephyr/lib/libc/minimal/liblib__libc__minimal.a(prf.c.obj)
 .comment       0x00000079       0x7a zephyr/lib/libc/minimal/liblib__libc__minimal.a(stdout_console.c.obj)
 .comment       0x00000079       0x7a zephyr/lib/libc/minimal/liblib__libc__minimal.a(fprintf.c.obj)
 .comment       0x00000079       0x7a zephyr/soc/arm/common/cortex_m/libsoc__arm__common__cortex_m.a(arm_mpu_regions.c.obj)
 .comment       0x00000079       0x7a zephyr/soc/arm/nordic_nrf/nrf52/libsoc__arm__nordic_nrf__nrf52.a(soc.c.obj)
 .comment       0x00000079       0x7a zephyr/drivers/adc/libdrivers__adc.a(adc_nrfx_saadc.c.obj)
 .comment       0x00000079       0x7a zephyr/drivers/gpio/libdrivers__gpio.a(gpio_nrfx.c.obj)
 .comment       0x00000079       0x7a zephyr/drivers/i2c/libdrivers__i2c.a(i2c_nrfx_twi.c.obj)
 .comment       0x00000079       0x7a zephyr/drivers/spi/libdrivers__spi.a(spi_nrfx_spi.c.obj)
 .comment       0x00000079       0x7a zephyr/drivers/serial/libdrivers__serial.a(uart_nrfx_uart.c.obj)
 .comment       0x00000079       0x7a modules/nrf/lib/fatal_error/lib..__nrf__lib__fatal_error.a(fatal_error.c.obj)
 .comment       0x00000079       0x7a modules/nordic/lib..__modules__hal__nordic.a(system_nrf52.c.obj)
 .comment       0x00000079       0x7a modules/nordic/lib..__modules__hal__nordic.a(nrfx_glue.c.obj)
 .comment       0x00000079       0x7a modules/nordic/lib..__modules__hal__nordic.a(nrfx_spi.c.obj)
 .comment       0x00000079       0x7a modules/nordic/lib..__modules__hal__nordic.a(nrfx_twi.c.obj)
 .comment       0x00000079       0x7a zephyr/kernel/libkernel.a(device.c.obj)
 .comment       0x00000079       0x7a zephyr/kernel/libkernel.a(errno.c.obj)
 .comment       0x00000079       0x7a zephyr/kernel/libkernel.a(fatal.c.obj)
 .comment       0x00000079       0x7a zephyr/kernel/libkernel.a(idle.c.obj)
 .comment       0x00000079       0x7a zephyr/kernel/libkernel.a(init.c.obj)
 .comment       0x00000079       0x7a zephyr/kernel/libkernel.a(sched.c.obj)
 .comment       0x00000079       0x7a zephyr/kernel/libkernel.a(sem.c.obj)
 .comment       0x00000079       0x7a zephyr/kernel/libkernel.a(thread.c.obj)
 .comment       0x00000079       0x7a zephyr/kernel/libkernel.a(timeout.c.obj)
 .comment       0x00000079       0x7a zephyr/kernel/libkernel.a(timer.c.obj)
 .comment       0x00000079       0x7a zephyr/kernel/libkernel.a(poll.c.obj)
 .comment       0x00000079       0x7a zephyr/kernel/libkernel.a(kheap.c.obj)
 .comment       0x00000079       0x7a zephyr/CMakeFiles/offsets.dir/arch/arm/core/offsets/offsets.c.obj

.debug
 *(SORT_BY_ALIGNMENT(.debug))

.line
 *(SORT_BY_ALIGNMENT(.line))

.debug_srcinfo
 *(SORT_BY_ALIGNMENT(.debug_srcinfo))

.debug_sfnames
 *(SORT_BY_ALIGNMENT(.debug_sfnames))

.debug_aranges  0x00000000     0x1658
 *(SORT_BY_ALIGNMENT(.debug_aranges))
 .debug_aranges
                0x00000000       0x28 zephyr/arch/arch/arm/core/aarch32/libarch__arm__core__aarch32.a(swap_helper.S.obj)
 .debug_aranges
                0x00000028       0x30 zephyr/arch/arch/arm/core/aarch32/libarch__arm__core__aarch32.a(cpu_idle.S.obj)
 .debug_aranges
                0x00000058       0x20 zephyr/arch/arch/arm/core/aarch32/libarch__arm__core__aarch32.a(nmi_on_reset.S.obj)
 .debug_aranges
                0x00000078       0x20 zephyr/arch/arch/arm/core/aarch32/libarch__arm__core__aarch32.a(isr_wrapper.S.obj)
 .debug_aranges
                0x00000098       0x20 zephyr/arch/arch/arm/core/aarch32/cortex_m/libarch__arm__core__aarch32__cortex_m.a(reset.S.obj)
 .debug_aranges
                0x000000b8       0x20 zephyr/arch/arch/arm/core/aarch32/cortex_m/libarch__arm__core__aarch32__cortex_m.a(fault_s.S.obj)
 .debug_aranges
                0x000000d8       0x20 zephyr/arch/arch/arm/core/aarch32/cortex_m/libarch__arm__core__aarch32__cortex_m.a(exc_exit.S.obj)
 .debug_aranges
                0x000000f8       0x20 app/libapp.a(main.c.obj)
 .debug_aranges
                0x00000118       0x58 app/libapp.a(bma_sensor.c.obj)
 .debug_aranges
                0x00000170      0x2d0 app/libapp.a(bma4.c.obj)
 .debug_aranges
                0x00000440       0xd8 app/libapp.a(bma456.c.obj)
 .debug_aranges
                0x00000518       0x48 app/libapp.a(max30102.c.obj)
 .debug_aranges
                0x00000560       0x48 app/libapp.a(latchSensor.c.obj)
 .debug_aranges
                0x000005a8       0x48 app/libapp.a(max30208.c.obj)
 .debug_aranges
                0x000005f0       0x28 app/libapp.a(lightSensor.c.obj)
 .debug_aranges
                0x00000618       0x40 app/libapp.a(digitalPins.c.obj)
 .debug_aranges
                0x00000658       0x50 zephyr/libzephyr.a(fdtable.c.obj)
 .debug_aranges
                0x000006a8       0x80 zephyr/libzephyr.a(printk.c.obj)
 .debug_aranges
                0x00000728       0x20 zephyr/libzephyr.a(thread_entry.c.obj)
 .debug_aranges
                0x00000748       0x60 zephyr/libzephyr.a(heap.c.obj)
 .debug_aranges
                0x000007a8       0x20 zephyr/libzephyr.a(configs.c.obj)
 .debug_aranges
                0x000007c8       0x28 zephyr/libzephyr.a(uart_console.c.obj)
 .debug_aranges
                0x000007f0       0x50 zephyr/libzephyr.a(nrf_power_clock.c.obj)
 .debug_aranges
                0x00000840       0x40 zephyr/libzephyr.a(sys_clock_init.c.obj)
 .debug_aranges
                0x00000880       0x50 zephyr/libzephyr.a(nrf_rtc_timer.c.obj)
 .debug_aranges
                0x000008d0      0x120 zephyr/libzephyr.a(SEGGER_RTT.c.obj)
 .debug_aranges
                0x000009f0       0x20 zephyr/libzephyr.a(SEGGER_RTT_zephyr.c.obj)
 .debug_aranges
                0x00000a10       0x18 zephyr/arch/common/libarch__common.a(isr_tables.c.obj)
 .debug_aranges
                0x00000a28       0x20 zephyr/arch/arch/arm/core/aarch32/libarch__arm__core__aarch32.a(swap.c.obj)
 .debug_aranges
                0x00000a48       0x48 zephyr/arch/arch/arm/core/aarch32/libarch__arm__core__aarch32.a(irq_manage.c.obj)
 .debug_aranges
                0x00000a90       0x28 zephyr/arch/arch/arm/core/aarch32/libarch__arm__core__aarch32.a(thread.c.obj)
 .debug_aranges
                0x00000ab8       0x30 zephyr/arch/arch/arm/core/aarch32/libarch__arm__core__aarch32.a(fatal.c.obj)
 .debug_aranges
                0x00000ae8       0x20 zephyr/arch/arch/arm/core/aarch32/libarch__arm__core__aarch32.a(nmi.c.obj)
 .debug_aranges
                0x00000b08       0x20 zephyr/arch/arch/arm/core/aarch32/libarch__arm__core__aarch32.a(prep_c.c.obj)
 .debug_aranges
                0x00000b28       0x40 zephyr/arch/arch/arm/core/aarch32/cortex_m/libarch__arm__core__aarch32__cortex_m.a(fault.c.obj)
 .debug_aranges
                0x00000b68       0x20 zephyr/arch/arch/arm/core/aarch32/cortex_m/libarch__arm__core__aarch32__cortex_m.a(irq_init.c.obj)
 .debug_aranges
                0x00000b88       0x20 zephyr/arch/arch/arm/core/aarch32/cortex_m/libarch__arm__core__aarch32__cortex_m.a(thread_abort.c.obj)
 .debug_aranges
                0x00000ba8       0x28 zephyr/arch/arch/arm/core/aarch32/cortex_m/mpu/libarch__arm__core__aarch32__cortex_m__mpu.a(arm_core_mpu.c.obj)
 .debug_aranges
                0x00000bd0       0x48 zephyr/arch/arch/arm/core/aarch32/cortex_m/mpu/libarch__arm__core__aarch32__cortex_m__mpu.a(arm_mpu.c.obj)
 .debug_aranges
                0x00000c18       0x90 zephyr/lib/libc/minimal/liblib__libc__minimal.a(string.c.obj)
 .debug_aranges
                0x00000ca8       0x40 zephyr/lib/libc/minimal/liblib__libc__minimal.a(prf.c.obj)
 .debug_aranges
                0x00000ce8       0x58 zephyr/lib/libc/minimal/liblib__libc__minimal.a(stdout_console.c.obj)
 .debug_aranges
                0x00000d40       0x38 zephyr/lib/libc/minimal/liblib__libc__minimal.a(fprintf.c.obj)
 .debug_aranges
                0x00000d78       0x18 zephyr/soc/arm/common/cortex_m/libsoc__arm__common__cortex_m.a(arm_mpu_regions.c.obj)
 .debug_aranges
                0x00000d90       0x38 zephyr/soc/arm/nordic_nrf/nrf52/libsoc__arm__nordic_nrf__nrf52.a(soc.c.obj)
 .debug_aranges
                0x00000dc8       0x58 zephyr/drivers/adc/libdrivers__adc.a(adc_nrfx_saadc.c.obj)
 .debug_aranges
                0x00000e20       0x80 zephyr/drivers/gpio/libdrivers__gpio.a(gpio_nrfx.c.obj)
 .debug_aranges
                0x00000ea0       0x38 zephyr/drivers/i2c/libdrivers__i2c.a(i2c_nrfx_twi.c.obj)
 .debug_aranges
                0x00000ed8       0x58 zephyr/drivers/spi/libdrivers__spi.a(spi_nrfx_spi.c.obj)
 .debug_aranges
                0x00000f30       0x48 zephyr/drivers/serial/libdrivers__serial.a(uart_nrfx_uart.c.obj)
 .debug_aranges
                0x00000f78       0x20 modules/nrf/lib/fatal_error/lib..__nrf__lib__fatal_error.a(fatal_error.c.obj)
 .debug_aranges
                0x00000f98       0x38 modules/nordic/lib..__modules__hal__nordic.a(system_nrf52.c.obj)
 .debug_aranges
                0x00000fd0       0x30 modules/nordic/lib..__modules__hal__nordic.a(nrfx_glue.c.obj)
 .debug_aranges
                0x00001000       0x58 modules/nordic/lib..__modules__hal__nordic.a(nrfx_spi.c.obj)
 .debug_aranges
                0x00001058       0x98 modules/nordic/lib..__modules__hal__nordic.a(nrfx_twi.c.obj)
 .debug_aranges
                0x000010f0       0x30 zephyr/kernel/libkernel.a(device.c.obj)
 .debug_aranges
                0x00001120       0x20 zephyr/kernel/libkernel.a(errno.c.obj)
 .debug_aranges
                0x00001140       0x38 zephyr/kernel/libkernel.a(fatal.c.obj)
 .debug_aranges
                0x00001178       0x28 zephyr/kernel/libkernel.a(idle.c.obj)
 .debug_aranges
                0x000011a0       0x40 zephyr/kernel/libkernel.a(init.c.obj)
 .debug_aranges
                0x000011e0      0x1c0 zephyr/kernel/libkernel.a(sched.c.obj)
 .debug_aranges
                0x000013a0       0x30 zephyr/kernel/libkernel.a(sem.c.obj)
 .debug_aranges
                0x000013d0       0xa0 zephyr/kernel/libkernel.a(thread.c.obj)
 .debug_aranges
                0x00001470       0x90 zephyr/kernel/libkernel.a(timeout.c.obj)
 .debug_aranges
                0x00001500       0x48 zephyr/kernel/libkernel.a(timer.c.obj)
 .debug_aranges
                0x00001548       0xa8 zephyr/kernel/libkernel.a(poll.c.obj)
 .debug_aranges
                0x000015f0       0x48 zephyr/kernel/libkernel.a(kheap.c.obj)
 .debug_aranges
                0x00001638       0x20 zephyr/CMakeFiles/offsets.dir/arch/arm/core/offsets/offsets.c.obj

.debug_pubnames
 *(SORT_BY_ALIGNMENT(.debug_pubnames))

.debug_info     0x00000000    0x53915
 *(SORT_BY_ALIGNMENT(.debug_info) SORT_BY_ALIGNMENT(.gnu.linkonce.wi.*))
 .debug_info    0x00000000      0xbd1 app/libapp.a(main.c.obj)
 .debug_info    0x00000bd1     0x1dfb app/libapp.a(bma_sensor.c.obj)
 .debug_info    0x000029cc     0x69c3 app/libapp.a(bma4.c.obj)
 .debug_info    0x0000938f     0x1c46 app/libapp.a(bma456.c.obj)
 .debug_info    0x0000afd5     0x1ecb app/libapp.a(max30102.c.obj)
 .debug_info    0x0000cea0     0x182c app/libapp.a(latchSensor.c.obj)
 .debug_info    0x0000e6cc     0x169d app/libapp.a(max30208.c.obj)
 .debug_info    0x0000fd69     0x1065 app/libapp.a(lightSensor.c.obj)
 .debug_info    0x00010dce     0x1588 app/libapp.a(digitalPins.c.obj)
 .debug_info    0x00012356      0xe85 zephyr/libzephyr.a(fdtable.c.obj)
 .debug_info    0x000131db     0x12dc zephyr/libzephyr.a(printk.c.obj)
 .debug_info    0x000144b7      0x93e zephyr/libzephyr.a(thread_entry.c.obj)
 .debug_info    0x00014df5     0x1e42 zephyr/libzephyr.a(heap.c.obj)
 .debug_info    0x00016c37       0x38 zephyr/libzephyr.a(configs.c.obj)
 .debug_info    0x00016c6f      0xcb1 zephyr/libzephyr.a(uart_console.c.obj)
 .debug_info    0x00017920     0x233a zephyr/libzephyr.a(nrf_power_clock.c.obj)
 .debug_info    0x00019c5a      0xa58 zephyr/libzephyr.a(sys_clock_init.c.obj)
 .debug_info    0x0001a6b2     0x2071 zephyr/libzephyr.a(nrf_rtc_timer.c.obj)
 .debug_info    0x0001c723     0x1e91 zephyr/libzephyr.a(SEGGER_RTT.c.obj)
 .debug_info    0x0001e5b4      0xac5 zephyr/libzephyr.a(SEGGER_RTT_zephyr.c.obj)
 .debug_info    0x0001f079      0x214 zephyr/arch/common/libarch__common.a(isr_tables.c.obj)
 .debug_info    0x0001f28d      0xaa2 zephyr/arch/arch/arm/core/aarch32/libarch__arm__core__aarch32.a(swap.c.obj)
 .debug_info    0x0001fd2f      0xed5 zephyr/arch/arch/arm/core/aarch32/libarch__arm__core__aarch32.a(irq_manage.c.obj)
 .debug_info    0x00020c04      0xbf7 zephyr/arch/arch/arm/core/aarch32/libarch__arm__core__aarch32.a(thread.c.obj)
 .debug_info    0x000217fb      0xd74 zephyr/arch/arch/arm/core/aarch32/libarch__arm__core__aarch32.a(fatal.c.obj)
 .debug_info    0x0002256f      0x837 zephyr/arch/arch/arm/core/aarch32/libarch__arm__core__aarch32.a(nmi.c.obj)
 .debug_info    0x00022da6      0xd21 zephyr/arch/arch/arm/core/aarch32/libarch__arm__core__aarch32.a(prep_c.c.obj)
 .debug_info    0x00023ac7       0x22 zephyr/arch/arch/arm/core/aarch32/libarch__arm__core__aarch32.a(swap_helper.S.obj)
 .debug_info    0x00023ae9       0x22 zephyr/arch/arch/arm/core/aarch32/libarch__arm__core__aarch32.a(cpu_idle.S.obj)
 .debug_info    0x00023b0b       0x26 zephyr/arch/arch/arm/core/aarch32/libarch__arm__core__aarch32.a(nmi_on_reset.S.obj)
 .debug_info    0x00023b31       0x26 zephyr/arch/arch/arm/core/aarch32/libarch__arm__core__aarch32.a(isr_wrapper.S.obj)
 .debug_info    0x00023b57       0x26 zephyr/arch/arch/arm/core/aarch32/cortex_m/libarch__arm__core__aarch32__cortex_m.a(reset.S.obj)
 .debug_info    0x00023b7d       0x26 zephyr/arch/arch/arm/core/aarch32/cortex_m/libarch__arm__core__aarch32__cortex_m.a(fault_s.S.obj)
 .debug_info    0x00023ba3       0x26 zephyr/arch/arch/arm/core/aarch32/cortex_m/libarch__arm__core__aarch32__cortex_m.a(exc_exit.S.obj)
 .debug_info    0x00023bc9     0x1705 zephyr/arch/arch/arm/core/aarch32/cortex_m/libarch__arm__core__aarch32__cortex_m.a(fault.c.obj)
 .debug_info    0x000252ce      0x661 zephyr/arch/arch/arm/core/aarch32/cortex_m/libarch__arm__core__aarch32__cortex_m.a(irq_init.c.obj)
 .debug_info    0x0002592f      0xb74 zephyr/arch/arch/arm/core/aarch32/cortex_m/libarch__arm__core__aarch32__cortex_m.a(thread_abort.c.obj)
 .debug_info    0x000264a3      0xbdc zephyr/arch/arch/arm/core/aarch32/cortex_m/mpu/libarch__arm__core__aarch32__cortex_m__mpu.a(arm_core_mpu.c.obj)
 .debug_info    0x0002707f     0x14aa zephyr/arch/arch/arm/core/aarch32/cortex_m/mpu/libarch__arm__core__aarch32__cortex_m__mpu.a(arm_mpu.c.obj)
 .debug_info    0x00028529      0x70d zephyr/lib/libc/minimal/liblib__libc__minimal.a(string.c.obj)
 .debug_info    0x00028c36      0xe97 zephyr/lib/libc/minimal/liblib__libc__minimal.a(prf.c.obj)
 .debug_info    0x00029acd      0x691 zephyr/lib/libc/minimal/liblib__libc__minimal.a(stdout_console.c.obj)
 .debug_info    0x0002a15e      0x25d zephyr/lib/libc/minimal/liblib__libc__minimal.a(fprintf.c.obj)
 .debug_info    0x0002a3bb      0x1eb zephyr/soc/arm/common/cortex_m/libsoc__arm__common__cortex_m.a(arm_mpu_regions.c.obj)
 .debug_info    0x0002a5a6     0x131b zephyr/soc/arm/nordic_nrf/nrf52/libsoc__arm__nordic_nrf__nrf52.a(soc.c.obj)
 .debug_info    0x0002b8c1     0x323b zephyr/drivers/adc/libdrivers__adc.a(adc_nrfx_saadc.c.obj)
 .debug_info    0x0002eafc     0x2f69 zephyr/drivers/gpio/libdrivers__gpio.a(gpio_nrfx.c.obj)
 .debug_info    0x00031a65     0x19ae zephyr/drivers/i2c/libdrivers__i2c.a(i2c_nrfx_twi.c.obj)
 .debug_info    0x00033413     0x2d9d zephyr/drivers/spi/libdrivers__spi.a(spi_nrfx_spi.c.obj)
 .debug_info    0x000361b0     0x226c zephyr/drivers/serial/libdrivers__serial.a(uart_nrfx_uart.c.obj)
 .debug_info    0x0003841c     0x1031 modules/nrf/lib/fatal_error/lib..__nrf__lib__fatal_error.a(fatal_error.c.obj)
 .debug_info    0x0003944d     0x136a modules/nordic/lib..__modules__hal__nordic.a(system_nrf52.c.obj)
 .debug_info    0x0003a7b7      0x995 modules/nordic/lib..__modules__hal__nordic.a(nrfx_glue.c.obj)
 .debug_info    0x0003b14c     0x21fd modules/nordic/lib..__modules__hal__nordic.a(nrfx_spi.c.obj)
 .debug_info    0x0003d349     0x2c15 modules/nordic/lib..__modules__hal__nordic.a(nrfx_twi.c.obj)
 .debug_info    0x0003ff5e      0xa6b zephyr/kernel/libkernel.a(device.c.obj)
 .debug_info    0x000409c9      0x893 zephyr/kernel/libkernel.a(errno.c.obj)
 .debug_info    0x0004125c     0x13a7 zephyr/kernel/libkernel.a(fatal.c.obj)
 .debug_info    0x00042603      0xa50 zephyr/kernel/libkernel.a(idle.c.obj)
 .debug_info    0x00043053     0x1c1c zephyr/kernel/libkernel.a(init.c.obj)
 .debug_info    0x00044c6f     0x569c zephyr/kernel/libkernel.a(sched.c.obj)
 .debug_info    0x0004a30b      0xe7d zephyr/kernel/libkernel.a(sem.c.obj)
 .debug_info    0x0004b188     0x163d zephyr/kernel/libkernel.a(thread.c.obj)
 .debug_info    0x0004c7c5     0x1c19 zephyr/kernel/libkernel.a(timeout.c.obj)
 .debug_info    0x0004e3de     0x129f zephyr/kernel/libkernel.a(timer.c.obj)
 .debug_info    0x0004f67d     0x2a34 zephyr/kernel/libkernel.a(poll.c.obj)
 .debug_info    0x000520b1     0x101d zephyr/kernel/libkernel.a(kheap.c.obj)
 .debug_info    0x000530ce      0x847 zephyr/CMakeFiles/offsets.dir/arch/arm/core/offsets/offsets.c.obj

.debug_abbrev   0x00000000     0xddbb
 *(SORT_BY_ALIGNMENT(.debug_abbrev))
 .debug_abbrev  0x00000000      0x306 app/libapp.a(main.c.obj)
 .debug_abbrev  0x00000306      0x499 app/libapp.a(bma_sensor.c.obj)
 .debug_abbrev  0x0000079f      0x3c8 app/libapp.a(bma4.c.obj)
 .debug_abbrev  0x00000b67      0x2bd app/libapp.a(bma456.c.obj)
 .debug_abbrev  0x00000e24      0x492 app/libapp.a(max30102.c.obj)
 .debug_abbrev  0x000012b6      0x525 app/libapp.a(latchSensor.c.obj)
 .debug_abbrev  0x000017db      0x3f1 app/libapp.a(max30208.c.obj)
 .debug_abbrev  0x00001bcc      0x3dc app/libapp.a(lightSensor.c.obj)
 .debug_abbrev  0x00001fa8      0x4ab app/libapp.a(digitalPins.c.obj)
 .debug_abbrev  0x00002453      0x3e7 zephyr/libzephyr.a(fdtable.c.obj)
 .debug_abbrev  0x0000283a      0x50d zephyr/libzephyr.a(printk.c.obj)
 .debug_abbrev  0x00002d47      0x267 zephyr/libzephyr.a(thread_entry.c.obj)
 .debug_abbrev  0x00002fae      0x3c3 zephyr/libzephyr.a(heap.c.obj)
 .debug_abbrev  0x00003371       0x2e zephyr/libzephyr.a(configs.c.obj)
 .debug_abbrev  0x0000339f      0x37c zephyr/libzephyr.a(uart_console.c.obj)