BL51 BANKED LINKER/LOCATER V6.22                                                        03/10/2020  13:13:08  PAGE 1


BL51 BANKED LINKER/LOCATER V6.22, INVOKED BY:
C:\KEIL_V5\C51\BIN\BL51.EXE main.obj, mmc_sd.obj, lcd.obj, tp.obj, .\USBX_F34X.LIB TO main RAMSIZE (256)


MEMORY MODEL: SMALL


INPUT MODULES INCLUDED:
  main.obj (MAIN)
  mmc_sd.obj (MMC_SD)
  lcd.obj (LCD)
  tp.obj (TP)
  .\USBX_F34X.LIB (USB_API)
  .\USBX_F34X.LIB (USB_CLOCK_START)
  .\USBX_F34X.LIB (USB_SUSPEND)
  .\USBX_F34X.LIB (GET_INTERRUPT_SOURCE)
  .\USBX_F34X.LIB (BLOCK_READ)
  .\USBX_F34X.LIB (BLOCK_WRITE)
  .\USBX_F34X.LIB (USB_INT_ENABLE)
  .\USBX_F34X.LIB (USB_CLOCK_RECOVERY)
  .\USBX_F34X.LIB (USB_JUMP_ISR)
  C:\KEIL_V5\C51\LIB\C51S.LIB (?C_STARTUP)
  C:\KEIL_V5\C51\LIB\C51S.LIB (?C?COPY)
  C:\KEIL_V5\C51\LIB\C51S.LIB (?C?CLDPTR)
  C:\KEIL_V5\C51\LIB\C51S.LIB (?C?CLDOPTR)
  C:\KEIL_V5\C51\LIB\C51S.LIB (?C?IMUL)
  C:\KEIL_V5\C51\LIB\C51S.LIB (?C?IILDX)
  C:\KEIL_V5\C51\LIB\C51S.LIB (?C?LMUL)
  C:\KEIL_V5\C51\LIB\C51S.LIB (?C?ULDIV)
  C:\KEIL_V5\C51\LIB\C51S.LIB (?C?ULCMP)
  C:\KEIL_V5\C51\LIB\C51S.LIB (?C?ULSHR)
  C:\KEIL_V5\C51\LIB\C51S.LIB (?C?LSHL)
  C:\KEIL_V5\C51\LIB\C51S.LIB (?C?LLDIIDATA)
  C:\KEIL_V5\C51\LIB\C51S.LIB (?C?LSTXDATA)
  C:\KEIL_V5\C51\LIB\C51S.LIB (?C?LSTKXDATA)
  C:\KEIL_V5\C51\LIB\C51S.LIB (?C_IBP)
  C:\KEIL_V5\C51\LIB\C51S.LIB (?C_INIT)


LINK MAP OF MODULE:  main (MAIN)


            TYPE    BASE      LENGTH    RELOCATION   SEGMENT NAME
            -----------------------------------------------------

            * * * * * * *   D A T A   M E M O R Y   * * * * * * *
            REG     0000H     0008H     ABSOLUTE     "REG BANK 0"
            DATA    0008H     0023H     UNIT         _DATA_GROUP_
            DATA    002BH     0014H     UNIT         ?DT?DISPBAND?LCD
            DATA    003FH     0010H     UNIT         ?DT?MAIN
            DATA    004FH     000AH     UNIT         ?DT?_DRAWLINE?LCD
            DATA    0059H     0004H     UNIT         ?DT?DISPSCALEHOR1?LCD
            DATA    005DH     0004H     UNIT         ?DT?DISPSCALEHOR2?LCD
            DATA    0061H     0004H     UNIT         ?DT?_DRAWGIRD?LCD
            DATA    0065H     0002H     UNIT         ?DT?DISPSCALEVER?LCD
            DATA    0067H     0002H     UNIT         ?DT?DISPSCALEVER_RED?LCD
            DATA    0069H     0002H     UNIT         ?DT?DISPSCALEVER_GREEN?LCD
            DATA    006BH     0002H     UNIT         ?DT?DISPSCALEVER_GRAY?LCD
BL51 BANKED LINKER/LOCATER V6.22                                                      03/10/2020  13:13:08  PAGE 2


            DATA    006DH     0002H     UNIT         ?DT?DISPGRAYHOR16?LCD
            DATA    006FH     0002H     UNIT         ?DT?DISPGRAYHOR32?LCD
            DATA    0071H     0002H     UNIT         ?DT?DISPBLOCK?LCD
            DATA    0073H     0002H     UNIT         ?DT?_PUTPIXEL?LCD
            DATA    0075H     0001H     UNIT         ?C?LIB_DATA
            IDATA   0076H     0001H     UNIT         ?STACK

            * * * * * * *  X D A T A   M E M O R Y  * * * * * * *
            XDATA   0000H     0200H     UNIT         ?XD?MMC_SD
            XDATA   0200H     0058H     UNIT         _XDATA_GROUP_
            XDATA   0258H     0040H     UNIT         ?XD?MAIN
            XDATA   0298H     001BH     UNIT         ?XD?_TP_GETPOSITION?TP
            XDATA   02B3H     0018H     UNIT         ?XD?TP_DRAWLINE?TP
            XDATA   02CBH     0005H     UNIT         ?XD?TP_READ?TP
            XDATA   02D0H     0001H     UNIT         ?XD?_TP_WRITE?TP
                    02D1H     036FH                  *** GAP ***
            XDATA   0640H     0100H     ABSOLUTE     
            XDATA   0740H     0012H     ABSOLUTE     
            XDATA   0752H     0020H     ABSOLUTE     
            XDATA   0772H     000CH     ABSOLUTE     
            XDATA   077EH     0008H     ABSOLUTE     
            XDATA   0786H     0001H     ABSOLUTE     
            XDATA   0787H     0003H     ABSOLUTE     
            XDATA   078AH     0002H     ABSOLUTE     
            XDATA   078CH     0002H     ABSOLUTE     
            XDATA   078EH     0003H     ABSOLUTE     
            XDATA   0791H     0001H     ABSOLUTE     
            XDATA   0792H     0001H     ABSOLUTE     
            XDATA   0793H     0001H     ABSOLUTE     
            XDATA   0794H     0001H     ABSOLUTE     
            XDATA   0795H     0002H     ABSOLUTE     
            XDATA   0797H     0002H     ABSOLUTE     
            XDATA   0799H     0001H     ABSOLUTE     
            XDATA   079AH     0001H     ABSOLUTE     
            XDATA   079BH     0001H     ABSOLUTE     
            XDATA   079CH     0001H     ABSOLUTE     
            XDATA   079DH     0001H     ABSOLUTE     
            XDATA   079EH     0001H     ABSOLUTE     
            XDATA   079FH     0002H     ABSOLUTE     
            XDATA   07A1H     0001H     ABSOLUTE     
            XDATA   07A2H     0001H     ABSOLUTE     
            XDATA   07A3H     000CH     ABSOLUTE     
                    07AFH     0011H                  *** GAP ***
            XDATA   07C0H     0040H     ABSOLUTE     

            * * * * * * *   C O D E   M E M O R Y   * * * * * * *
            CODE    0000H     0003H     ABSOLUTE     
            CODE    0003H     003AH     UNIT         ?CO?USB_API
            CODE    003DH     0003H     UNIT         ?PR?SUSPEND_DEVICE?MAIN
                    0040H     0003H                  *** GAP ***
            CODE    0043H     0003H     ABSOLUTE     
            CODE    0046H     0042H     UNIT         ?PR?MCU_INIT?MAIN
                    0088H     0003H                  *** GAP ***
            CODE    008BH     0003H     ABSOLUTE     
            CODE    008EH     0610H     UNIT         ?CO?LCD
            CODE    069EH     0361H     UNIT         ?PR?CONNTOUSB?MAIN
            CODE    09FFH     0315H     UNIT         ?C?LIB_CODE
BL51 BANKED LINKER/LOCATER V6.22                                                      03/10/2020  13:13:08  PAGE 3


            CODE    0D14H     0233H     UNIT         ?PR?DISPSCALEHOR2?LCD
            CODE    0F47H     0233H     UNIT         ?PR?USBXCORE_HANDLE_SETUP?USB_API
            CODE    117AH     016BH     UNIT         ?PR?DISPSCALEHOR1?LCD
            CODE    12E5H     0151H     UNIT         ?PR?USBXCORE_USB_ISR?USB_API
            CODE    1436H     013EH     UNIT         ?PR?TP_DRAWLINE?TP
            CODE    1574H     0137H     UNIT         ?PR?_USB_INIT?USB_API
            CODE    16ABH     0130H     UNIT         ?PR?LCD
            CODE    17DBH     0111H     UNIT         ?PR?_BLOCK_WRITE?BLOCK_WRITE
            CODE    18ECH     00FBH     UNIT         ?PR?USB_API_TEST_ISR?MAIN
            CODE    19E7H     00DCH     UNIT         ?PR?DISPSCALEVER?LCD
            CODE    1AC3H     00D3H     UNIT         ?PR?_TP_GETPOSITION?TP
            CODE    1B96H     00CDH     UNIT         ?PR?USBXCORE_VENDOR_USB_API?USB_API
            CODE    1C63H     00CBH     UNIT         ?PR?LCD_INIT?LCD
            CODE    1D2EH     00B7H     UNIT         ?PR?_DISPPICFROMSD?LCD
            CODE    1DE5H     00B6H     UNIT         ?PR?MAIN
            CODE    1E9BH     00B2H     UNIT         ?PR?USBXCORE_GET_DESCRIPTOR?USB_API
            CODE    1F4DH     00AFH     UNIT         ?PR?_BLOCK_READ?BLOCK_READ
            CODE    1FFCH     00A1H     UNIT         ?PR?DISPBAND?LCD
            CODE    209DH     0099H     UNIT         ?PR?DISPBLOCK?LCD
            CODE    2136H     0092H     UNIT         ?PR?MMC_SD_RESET?MMC_SD
            CODE    21C8H     008CH     UNIT         ?PR?_DISPONECHAR?LCD
            CODE    2254H     008CH     UNIT         ?C_C51STARTUP
            CODE    22E0H     008AH     UNIT         ?PR?_DISPSTR?LCD
            CODE    236AH     0085H     UNIT         ?PR?_DISPINT?LCD
            CODE    23EFH     0081H     UNIT         ?PR?DISPSCALEVER_GREEN?LCD
            CODE    2470H     0078H     UNIT         ?PR?_?BLOCKWRITE?LCD
            CODE    24E8H     0077H     UNIT         ?PR?DISPGRAYHOR16?LCD
            CODE    255FH     0073H     UNIT         ?PR?USBXCORE_GET_STATUS?USB_API
            CODE    25D2H     0071H     UNIT         ?PR?DISPSCALEVER_GRAY?LCD
            CODE    2643H     0070H     UNIT         ?PR?DISPSCALEVER_RED?LCD
            CODE    26B3H     006EH     UNIT         ?PR?_DRAWGIRD?LCD
            CODE    2721H     006DH     UNIT         ?PR?_MMC_SD_WRITESINGLEBLOCK?MMC_SD
            CODE    278EH     006CH     UNIT         ?PR?DEVICES_INIT?MAIN
            CODE    27FAH     0069H     UNIT         ?PR?TP_READ?TP
            CODE    2863H     0068H     UNIT         ?PR?MAIN?MAIN
            CODE    28CBH     0061H     UNIT         ?PR?_DRAWLINE?LCD
            CODE    292CH     0060H     UNIT         ?PR?TP
            CODE    298CH     005CH     UNIT         ?PR?DISPSCALEVER_BLUE?LCD
            CODE    29E8H     005BH     UNIT         ?PR?_TOORD?LCD
            CODE    2A43H     005AH     UNIT         ?PR?USBXCORE_SET_CONFIGURATION?USB_API
            CODE    2A9DH     0059H     UNIT         ?PR?DISPFRAME?LCD
            CODE    2AF6H     0059H     UNIT         ?PR?DISPGRAYHOR32?LCD
            CODE    2B4FH     0058H     UNIT         ?PR?USBXCORE_CLEAR_FEATURE?USB_API
            CODE    2BA7H     0057H     UNIT         ?PR?USBXCORE_SET_FEATURE?USB_API
            CODE    2BFEH     0054H     UNIT         ?PR?_MMC_SD_READSINGLEBLOCK?MMC_SD
            CODE    2C52H     0050H     UNIT         ?CO?MAIN
            CODE    2CA2H     0048H     UNIT         ?PR?_STOPDELAY?MAIN
            CODE    2CEAH     0047H     UNIT         ?PR?_MMC_SD_SENDCOMMAND?MMC_SD
            CODE    2D31H     0047H     UNIT         ?PR?USBXCORE_GET_CONFIGURATION?USB_API
            CODE    2D78H     0038H     UNIT         ?PR?USB_CLOCK_START?USB_CLOCK_START
            CODE    2DB0H     0034H     UNIT         ?PR?MMC_SD
            CODE    2DE4H     0034H     UNIT         ?PR?_DISPCOLOR?LCD
            CODE    2E18H     0034H     UNIT         ?PR?DISPSNOW?LCD
            CODE    2E4CH     002BH     UNIT         ?PR?_PUTPIXEL?LCD
            CODE    2E77H     002BH     UNIT         ?PR?USB_SUSPEND?USB_SUSPEND
            CODE    2EA2H     0029H     UNIT         ?C_INITSEG
            CODE    2ECBH     0027H     UNIT         ?PR?USBXCORE_USB_RESET?USB_API
BL51 BANKED LINKER/LOCATER V6.22                                                      03/10/2020  13:13:08  PAGE 4


            CODE    2EF2H     0027H     UNIT         ?PR?USBXCORE_GET_INTERFACE?USB_API
            CODE    2F19H     0026H     UNIT         ?PR?_TP_WRITE?TP
            CODE    2F3FH     0022H     UNIT         ?PR?USBXCORE_JUMP_ISR?USB_JUMP_ISR
            CODE    2F61H     0020H     UNIT         ?PR?USBXCORE_SET_ADDRESS?USB_API
            CODE    2F81H     001FH     UNIT         ?PR?_DELAY?MAIN
            CODE    2FA0H     001DH     UNIT         ?PR?USBXCORE_FORCE_STALL?USB_API
            CODE    2FBDH     0019H     UNIT         ?PR?USB_INT_ENABLE?USB_INT_ENABLE
            CODE    2FD6H     0018H     UNIT         ?PR?_SENDDATASPI?LCD
            CODE    2FEEH     0016H     UNIT         ?PR?_SPI_WRITEBYTE?MMC_SD
            CODE    3004H     0016H     UNIT         ?PR?READDATA?LCD
            CODE    301AH     0014H     UNIT         ?PR?USBXCORE_SET_SOP?USB_API
            CODE    302EH     0013H     UNIT         ?PR?WAITKEY?MAIN
            CODE    3041H     0013H     UNIT         ?PR?_WRITECOMM?LCD
            CODE    3054H     0012H     UNIT         ?PR?_WRITEDATA?LCD
            CODE    3066H     0011H     UNIT         ?PR?SD_INIT?MMC_SD
            CODE    3077H     0010H     UNIT         ?PR?_WRITEONEDOT?LCD
            CODE    3087H     000EH     UNIT         ?PR?GET_INTERRUPT_SOURCE?GET_INTERRUPT_SOURCE
            CODE    3095H     000CH     UNIT         ?PR?USBXCORE_CLKREC?USB_CLOCK_RECOVERY
            CODE    30A1H     000BH     UNIT         ?PR?SPI_READBYTE?MMC_SD
            CODE    30ACH     0008H     UNIT         ?PR?_WRITEDISPDATA?LCD
            CODE    30B4H     0008H     UNIT         ?CO?TP



OVERLAY MAP OF MODULE:   main (MAIN)


SEGMENT                                            DATA_GROUP          XDATA_GROUP
  +--> CALLED SEGMENT                            START    LENGTH     START    LENGTH
------------------------------------------------------------------------------------
?PR?USB_API_TEST_ISR?MAIN                        0008H    0001H      -----    -----
  +--> ?PR?GET_INTERRUPT_SOURCE?GET_INTERRUP...
  +--> ?PR?_BLOCK_READ?BLOCK_READ
  +--> ?PR?SUSPEND_DEVICE?MAIN
  +--> ?PR?MCU_INIT?MAIN
  +--> ?PR?_?BLOCKWRITE?LCD

?PR?SUSPEND_DEVICE?MAIN                          -----    -----      -----    -----
  +--> ?PR?USB_SUSPEND?USB_SUSPEND

?PR?USB_SUSPEND?USB_SUSPEND                      -----    -----      -----    -----
  +--> ?PR?USB_CLOCK_START?USB_CLOCK_START

?PR?_?BLOCKWRITE?LCD                             -----    -----      -----    -----
  +--> ?PR?LCD
  +--> ?PR?_WRITECOMM?LCD
  +--> ?PR?_WRITEDATA?LCD

?PR?LCD                                          -----    -----      -----    -----
  +--> ?PR?_SENDDATASPI?LCD
  +--> ?PR?_WRITEDATA?LCD
  +--> ?PR?_WRITECOMM?LCD

?PR?_WRITEDATA?LCD                               -----    -----      -----    -----
  +--> ?PR?_WRITECOMM?LCD
  +--> ?PR?_SENDDATASPI?LCD

BL51 BANKED LINKER/LOCATER V6.22                                                      03/10/2020  13:13:08  PAGE 5


?PR?_WRITECOMM?LCD                               -----    -----      -----    -----
  +--> ?PR?_SENDDATASPI?LCD

*** NEW ROOT ***************************************************

?PR?USBXCORE_USB_ISR?USB_API                     -----    -----      -----    -----
  +--> ?PR?USBXCORE_USB_RESET?USB_API
  +--> ?PR?USBXCORE_HANDLE_SETUP?USB_API
  +--> ?PR?USBXCORE_JUMP_ISR?USB_JUMP_ISR

?PR?USBXCORE_HANDLE_SETUP?USB_API                -----    -----      -----    -----
  +--> ?PR?USBXCORE_GET_STATUS?USB_API
  +--> ?PR?USBXCORE_CLEAR_FEATURE?USB_API
  +--> ?PR?USBXCORE_VENDOR_USB_API?USB_API
  +--> ?PR?USBXCORE_SET_FEATURE?USB_API
  +--> ?PR?USBXCORE_SET_ADDRESS?USB_API
  +--> ?PR?USBXCORE_GET_DESCRIPTOR?USB_API
  +--> ?PR?USBXCORE_GET_CONFIGURATION?USB_API
  +--> ?PR?USBXCORE_SET_CONFIGURATION?USB_API
  +--> ?PR?USBXCORE_GET_INTERFACE?USB_API
  +--> ?PR?USBXCORE_SET_SOP?USB_API
  +--> ?PR?USBXCORE_FORCE_STALL?USB_API

?PR?USBXCORE_GET_STATUS?USB_API                  -----    -----      -----    -----
  +--> ?CO?USB_API
  +--> ?PR?USBXCORE_FORCE_STALL?USB_API
  +--> ?PR?USBXCORE_SET_SOP?USB_API

?PR?USBXCORE_CLEAR_FEATURE?USB_API               -----    -----      -----    -----
  +--> ?PR?USBXCORE_FORCE_STALL?USB_API
  +--> ?PR?USBXCORE_SET_SOP?USB_API

?PR?USBXCORE_VENDOR_USB_API?USB_API              -----    -----      -----    -----
  +--> ?PR?USBXCORE_SET_SOP?USB_API

?PR?USBXCORE_SET_FEATURE?USB_API                 -----    -----      -----    -----
  +--> ?PR?USBXCORE_FORCE_STALL?USB_API
  +--> ?PR?USBXCORE_SET_SOP?USB_API

?PR?USBXCORE_SET_ADDRESS?USB_API                 -----    -----      -----    -----
  +--> ?PR?USBXCORE_SET_SOP?USB_API

?PR?USBXCORE_GET_DESCRIPTOR?USB_API              -----    -----      -----    -----
  +--> ?PR?USBXCORE_FORCE_STALL?USB_API
  +--> ?PR?USBXCORE_SET_SOP?USB_API

?PR?USBXCORE_GET_CONFIGURATION?USB_API           -----    -----      -----    -----
  +--> ?CO?USB_API
  +--> ?PR?USBXCORE_SET_SOP?USB_API

?PR?USBXCORE_SET_CONFIGURATION?USB_API           -----    -----      -----    -----
  +--> ?PR?USBXCORE_SET_SOP?USB_API

?PR?USBXCORE_GET_INTERFACE?USB_API               -----    -----      -----    -----
  +--> ?CO?USB_API
  +--> ?PR?USBXCORE_SET_SOP?USB_API

BL51 BANKED LINKER/LOCATER V6.22                                                      03/10/2020  13:13:08  PAGE 6


*** NEW ROOT ***************************************************

?C_C51STARTUP                                    -----    -----      -----    -----
  +--> ?PR?MAIN?MAIN
  +--> ?C_INITSEG

?PR?MAIN?MAIN                                    0009H    0001H      -----    -----
  +--> ?PR?DEVICES_INIT?MAIN
  +--> ?PR?_DISPCOLOR?LCD
  +--> ?PR?_STOPDELAY?MAIN
  +--> ?PR?SD_INIT?MMC_SD
  +--> ?PR?_DELAY?MAIN
  +--> ?PR?_DISPPICFROMSD?LCD

?PR?DEVICES_INIT?MAIN                            -----    -----      -----    -----
  +--> ?PR?MCU_INIT?MAIN
  +--> ?PR?USB_CLOCK_START?USB_CLOCK_START
  +--> ?CO?MAIN
  +--> ?PR?_USB_INIT?USB_API
  +--> ?PR?USB_INT_ENABLE?USB_INT_ENABLE
  +--> ?PR?LCD_INIT?LCD

?PR?_USB_INIT?USB_API                            -----    -----      0200H    0011H
  +--> ?CO?USB_API
  +--> ?PR?USBXCORE_CLKREC?USB_CLOCK_RECOVERY

?PR?LCD_INIT?LCD                                 -----    -----      -----    -----
  +--> ?PR?_DELAY?MAIN
  +--> ?PR?_WRITECOMM?LCD
  +--> ?PR?LCD
  +--> ?PR?_WRITEDATA?LCD

?PR?_DISPCOLOR?LCD                               000AH    0002H      -----    -----
  +--> ?PR?LCD
  +--> ?PR?_SENDDATASPI?LCD

?PR?_STOPDELAY?MAIN                              000AH    0004H      -----    -----
  +--> ?PR?WAITKEY?MAIN
  +--> ?PR?_DELAY?MAIN

?PR?WAITKEY?MAIN                                 -----    -----      -----    -----
  +--> ?PR?CONNTOUSB?MAIN
  +--> ?PR?_DELAY?MAIN

?PR?CONNTOUSB?MAIN                               000EH    0005H      0200H    0058H
  +--> ?CO?MAIN
  +--> ?PR?MAIN
  +--> ?PR?_WRITECOMM?LCD
  +--> ?PR?_WRITEDATA?LCD
  +--> ?PR?_DISPINT?LCD
  +--> ?PR?_WRITEDISPDATA?LCD
  +--> ?PR?_BLOCK_WRITE?BLOCK_WRITE
  +--> ?PR?READDATA?LCD
  +--> ?PR?_DELAY?MAIN
  +--> ?PR?_MMC_SD_WRITESINGLEBLOCK?MMC_SD
  +--> ?PR?_DISPSTR?LCD

BL51 BANKED LINKER/LOCATER V6.22                                                      03/10/2020  13:13:08  PAGE 7


?PR?_DISPINT?LCD                                 0013H    000AH      -----    -----
  +--> ?PR?LCD
  +--> ?PR?_DISPONECHAR?LCD
  +--> ?PR?_?BLOCKWRITE?LCD

?PR?_DISPONECHAR?LCD                             001EH    000DH      -----    -----
  +--> ?PR?LCD
  +--> ?PR?_?BLOCKWRITE?LCD
  +--> ?CO?LCD
  +--> ?PR?_WRITEONEDOT?LCD

?PR?_WRITEONEDOT?LCD                             -----    -----      -----    -----
  +--> ?PR?LCD

?PR?_WRITEDISPDATA?LCD                           -----    -----      -----    -----
  +--> ?PR?_SENDDATASPI?LCD

?PR?READDATA?LCD                                 -----    -----      -----    -----
  +--> ?PR?_DELAY?MAIN

?PR?_MMC_SD_WRITESINGLEBLOCK?MMC_SD              0013H    0004H      -----    -----
  +--> ?PR?MMC_SD
  +--> ?PR?_MMC_SD_SENDCOMMAND?MMC_SD
  +--> ?PR?_SPI_WRITEBYTE?MMC_SD

?PR?MMC_SD                                       -----    -----      -----    -----
  +--> ?PR?_SPI_WRITEBYTE?MMC_SD

?PR?_MMC_SD_SENDCOMMAND?MMC_SD                   001BH    0005H      -----    -----
  +--> ?PR?_SPI_WRITEBYTE?MMC_SD
  +--> ?PR?MMC_SD

?PR?_DISPSTR?LCD                                 0013H    000BH      -----    -----
  +--> ?PR?_TOORD?LCD
  +--> ?PR?_DISPONECHAR?LCD
  +--> ?PR?LCD
  +--> ?PR?_?BLOCKWRITE?LCD

?PR?SD_INIT?MMC_SD                               -----    -----      -----    -----
  +--> ?PR?MMC_SD_RESET?MMC_SD

?PR?MMC_SD_RESET?MMC_SD                          -----    -----      -----    -----
  +--> ?PR?_SPI_WRITEBYTE?MMC_SD
  +--> ?PR?MMC_SD
  +--> ?PR?_MMC_SD_SENDCOMMAND?MMC_SD

?PR?_DISPPICFROMSD?LCD                           000AH    000DH      -----    -----
  +--> ?PR?LCD
  +--> ?PR?_MMC_SD_READSINGLEBLOCK?MMC_SD
  +--> ?PR?_WRITEDISPDATA?LCD

?PR?_MMC_SD_READSINGLEBLOCK?MMC_SD               0017H    0004H      -----    -----
  +--> ?PR?MMC_SD
  +--> ?PR?_MMC_SD_SENDCOMMAND?MMC_SD
  +--> ?PR?SPI_READBYTE?MMC_SD
  +--> ?PR?_SPI_WRITEBYTE?MMC_SD

BL51 BANKED LINKER/LOCATER V6.22                                                      03/10/2020  13:13:08  PAGE 8




SYMBOL TABLE OF MODULE:  main (MAIN)

  VALUE           TYPE          NAME
  ----------------------------------

  -------         MODULE        MAIN
  C:0000H         SYMBOL        _ICE_DUMMY_
  D:0080H         PUBLIC        P0
  D:003FH         PUBLIC        f_down
  D:0090H         PUBLIC        P1
  D:00A0H         PUBLIC        P2
  D:00B0H         PUBLIC        P3
  C:2C9DH         PUBLIC        USB_MaxPower
  B:00B0H.6       PUBLIC        KEY_STEP
  D:00A4H         PUBLIC        P0MDOUT
  D:00A5H         PUBLIC        P1MDOUT
  D:00A6H         PUBLIC        P2MDOUT
  D:00A7H         PUBLIC        P3MDOUT
  D:00AEH         PUBLIC        P4MDOUT
  B:0080H.6       PUBLIC        OE
  D:00D9H         PUBLIC        PCA0MD
  C:18ECH         PUBLIC        USB_API_TEST_ISR
  C:003DH         PUBLIC        Suspend_Device
  C:2CA2H         PUBLIC        _StopDelay
  D:00E1H         PUBLIC        XBR0
  D:00E2H         PUBLIC        XBR1
  B:00B0H.1       PUBLIC        RS
  C:2863H         PUBLIC        main
  D:0040H         PUBLIC        VerifyCode0
  D:0041H         PUBLIC        VerifyCode1
  C:2C67H         PUBLIC        USB_PID
  D:0042H         PUBLIC        VerifyCode2
  D:00F1H         PUBLIC        P0MDIN
  D:00F2H         PUBLIC        P1MDIN
  C:2C69H         PUBLIC        USB_MfrStr
  D:00F4H         PUBLIC        P3MDIN
  C:2C65H         PUBLIC        USB_VID
  D:00F8H         PUBLIC        SPI0CN
  D:0043H         PUBLIC        pic
  C:278EH         PUBLIC        Devices_Init
  C:069EH         PUBLIC        ConnToUSB
  D:00A9H         PUBLIC        CLKSEL
  D:00B2H         PUBLIC        OSCICN
  C:2C9EH         PUBLIC        USB_PwAttributes
  C:302EH         PUBLIC        WaitKey
  C:2CA1H         SYMBOL        _?ix1000
  B:00A0H.0       PUBLIC        CS0
  D:0044H         PUBLIC        bf
  C:2C9FH         PUBLIC        USB_bcdDevice
  D:00B9H         PUBLIC        CLKMUL
  D:0046H         PUBLIC        f_debug
  D:0047H         PUBLIC        sd
  X:0258H         PUBLIC        Packet
  C:0046H         PUBLIC        MCU_Init
  B:0080H.7       PUBLIC        DIR
BL51 BANKED LINKER/LOCATER V6.22                                                      03/10/2020  13:13:08  PAGE 9


  D:00EFH         PUBLIC        RSTSRC
  D:004BH         PUBLIC        f_read
  C:2C93H         PUBLIC        USB_SerialStr
  D:004CH         PUBLIC        f_other
  C:2C83H         PUBLIC        USB_ProductStr
  D:004DH         PUBLIC        f_para
  D:00A1H         PUBLIC        SPI0CFG
  C:2F81H         PUBLIC        _Delay
  B:00B0H.7       PUBLIC        KEY_Stop
  D:004EH         PUBLIC        f_init
  C:1DE5H         SYMBOL        Com0087
  C:1DE5H         SYMBOL        L?0136
  C:1DE5H         SYMBOL        L?0137
  C:1DFEH         SYMBOL        L?0138
  C:1E03H         SYMBOL        L?0139
  C:1E0AH         SYMBOL        L?0141
  C:1E0AH         SYMBOL        L?0142
  C:1E12H         SYMBOL        L?0143
  C:1E1BH         SYMBOL        L?0144
  C:1E27H         SYMBOL        L?0145
  C:1E34H         SYMBOL        L?0146
  C:1E43H         SYMBOL        L?0147
  C:1E4CH         SYMBOL        L?0152
  C:1E4CH         SYMBOL        L?0153
  C:1E58H         SYMBOL        L?0156
  C:1E58H         SYMBOL        L?0157
  C:1E60H         SYMBOL        L?0158
  C:1E6EH         SYMBOL        L?0159
  C:1E7BH         SYMBOL        L?0160
  C:1E87H         SYMBOL        L?0161
  C:1E91H         SYMBOL        L?0162
  -------         PROC          COM0087
  -------         ENDPROC       COM0087
  C:28B3H         SYMBOL        L?0148
  C:28C0H         SYMBOL        L?0155
  -------         PROC          MAIN
  -------         DO            
  D:0009H         SYMBOL        n
  -------         ENDDO         
  C:2863H         LINE#         38
  C:2863H         LINE#         39
  C:2863H         LINE#         44
  C:2866H         LINE#         47
  C:2869H         LINE#         48
  C:2869H         LINE#         50
  C:286DH         LINE#         53
  C:2870H         LINE#         55
  C:2874H         LINE#         58
  C:2877H         LINE#         60
  C:287EH         LINE#         63
  C:2885H         LINE#         65
  C:2887H         LINE#         68
  C:288AH         LINE#         70
  C:288BH         LINE#         73
  C:288EH         LINE#         91
  C:2891H         LINE#         92
  C:2898H         LINE#         96
BL51 BANKED LINKER/LOCATER V6.22                                                      03/10/2020  13:13:08  PAGE 10


  C:28A2H         LINE#         97
  C:28A2H         LINE#         98
  C:28A7H         LINE#         101
  C:28AEH         LINE#         102
  C:28B2H         LINE#         109
  C:28B2H         LINE#         112
  -------         ENDPROC       MAIN
  -------         PROC          _DELAY
  D:0006H         SYMBOL        dly
  -------         DO            
  D:0004H         SYMBOL        i
  D:0002H         SYMBOL        j
  -------         ENDDO         
  C:2F81H         LINE#         115
  C:2F81H         LINE#         116
  C:2F81H         LINE#         119
  C:2F8BH         LINE#         120
  C:2F9FH         LINE#         121
  -------         ENDPROC       _DELAY
  -------         PROC          _STOPDELAY
  D:000AH         SYMBOL        sdly
  -------         DO            
  D:0006H         SYMBOL        i
  D:0004H         SYMBOL        j
  D:000CH         SYMBOL        k
  -------         ENDDO         
  C:2CA2H         LINE#         123
  C:2CA6H         LINE#         124
  C:2CA6H         LINE#         126
  C:2CABH         LINE#         127
  C:2CABH         LINE#         128
  C:2CAEH         LINE#         129
  C:2CAEH         LINE#         130
  C:2CBAH         LINE#         131
  C:2CCEH         LINE#         132
  C:2CCEH         LINE#         134
  C:2CCEH         LINE#         135
  C:2CD8H         LINE#         136
  C:2CD8H         LINE#         137
  C:2CE9H         LINE#         138
  -------         ENDPROC       _STOPDELAY
  -------         PROC          WAITKEY
  C:302EH         LINE#         160
  C:302EH         LINE#         161
  C:302EH         LINE#         162
  C:3031H         LINE#         163
  C:3031H         LINE#         165
  C:3034H         LINE#         167
  C:3036H         LINE#         169
  C:303DH         LINE#         170
  C:3040H         LINE#         172
  -------         ENDPROC       WAITKEY
  C:0988H         SYMBOL        L?0140
  C:09B8H         SYMBOL        L?0149
  C:09D7H         SYMBOL        L?0150
  C:09F3H         SYMBOL        L?0154
  -------         PROC          CONNTOUSB
BL51 BANKED LINKER/LOCATER V6.22                                                      03/10/2020  13:13:08  PAGE 11


  -------         DO            
  D:000EH         SYMBOL        i
  X:0200H         SYMBOL        reg_data
  X:0218H         SYMBOL        para_data
  D:0007H         SYMBOL        dat
  D:000FH         SYMBOL        reg_index
  D:0011H         SYMBOL        data_num
  D:0012H         SYMBOL        st
  -------         ENDDO         
  C:069EH         LINE#         193
  C:069EH         LINE#         194
  C:069EH         LINE#         201
  C:06B1H         LINE#         204
  C:06B8H         LINE#         205
  C:06B8H         LINE#         206
  C:06BBH         LINE#         207
  C:06BBH         LINE#         208
  C:06C0H         LINE#         209
  C:06C0H         LINE#         210
  C:06C6H         LINE#         211
  C:06C8H         LINE#         212
  C:06CFH         LINE#         213
  C:06CFH         LINE#         214
  C:06D5H         LINE#         216
  C:06D5H         LINE#         217
  C:06D5H         LINE#         218
  C:06D5H         LINE#         220
  C:06D5H         LINE#         221
  C:06DEH         LINE#         222
  C:06E8H         LINE#         223
  C:06F2H         LINE#         225
  C:06F6H         LINE#         227
  C:06FCH         LINE#         228
  C:06FCH         LINE#         229
  C:06FFH         LINE#         230
  C:06FFH         LINE#         231
  C:0704H         LINE#         232
  C:0704H         LINE#         233
  C:0713H         LINE#         234
  C:0715H         LINE#         235
  C:071CH         LINE#         236
  C:071CH         LINE#         237
  C:072BH         LINE#         238
  C:072BH         LINE#         239
  C:072BH         LINE#         240
  C:072BH         LINE#         242
  C:072BH         LINE#         243
  C:0734H         LINE#         244
  C:0734H         LINE#         245
  C:073EH         LINE#         246
  C:0748H         LINE#         248
  C:074BH         LINE#         249
  C:074EH         LINE#         253
  C:0752H         LINE#         254
  C:0752H         LINE#         255
  C:075CH         LINE#         256
  C:075CH         LINE#         257
BL51 BANKED LINKER/LOCATER V6.22                                                      03/10/2020  13:13:08  PAGE 12


  C:075CH         LINE#         259
  C:075CH         LINE#         260
  C:075CH         LINE#         261
  C:075CH         LINE#         263
  C:0766H         LINE#         264
  C:0770H         LINE#         265
  C:077BH         LINE#         266
  C:077BH         LINE#         267
  C:077BH         LINE#         268
  C:077BH         LINE#         269
  C:077BH         LINE#         270
  C:077EH         LINE#         271
  C:077EH         LINE#         272
  C:0785H         LINE#         274
  C:0788H         LINE#         275
  C:078BH         LINE#         276
  C:078EH         LINE#         279
  C:0792H         LINE#         280
  C:0792H         LINE#         281
  C:0798H         LINE#         282
  C:0798H         LINE#         283
  C:07A2H         LINE#         284
  C:07A2H         LINE#         285
  C:07A2H         LINE#         287
  C:07A2H         LINE#         288
  C:07A2H         LINE#         289
  C:07A2H         LINE#         291
  C:07ACH         LINE#         292
  C:07B6H         LINE#         294
  C:07C1H         LINE#         295
  C:07C1H         LINE#         296
  C:07C1H         LINE#         297
  C:07C1H         LINE#         298
  C:07C1H         LINE#         299
  C:07C4H         LINE#         300
  C:07C4H         LINE#         302
  C:07CBH         LINE#         308
  C:07CBH         LINE#         309
  C:07D5H         LINE#         310
  C:07D5H         LINE#         311
  C:07D7H         LINE#         313
  C:07D9H         LINE#         314
  C:07E8H         LINE#         315
  C:07EAH         LINE#         317
  C:07F0H         LINE#         318
  C:07F3H         LINE#         319
  C:07F6H         LINE#         320
  C:07F6H         LINE#         321
  C:07F9H         LINE#         324
  C:07FDH         LINE#         325
  C:07FDH         LINE#         326
  C:0807H         LINE#         327
  C:0807H         LINE#         328
  C:0810H         LINE#         329
  C:0810H         LINE#         330
  C:081EH         LINE#         331
  C:0820H         LINE#         332
BL51 BANKED LINKER/LOCATER V6.22                                                      03/10/2020  13:13:08  PAGE 13


  C:082AH         LINE#         333
  C:082AH         LINE#         334
  C:0838H         LINE#         335
  C:083AH         LINE#         336
  C:0845H         LINE#         337
  C:0845H         LINE#         340
  C:084FH         LINE#         341
  C:0859H         LINE#         342
  C:0859H         LINE#         343
  C:0859H         LINE#         344
  C:0859H         LINE#         346
  C:0859H         LINE#         347
  C:0862H         LINE#         348
  C:0865H         LINE#         349
  C:0870H         LINE#         350
  C:0873H         LINE#         353
  C:087AH         LINE#         354
  C:087AH         LINE#         355
  C:087DH         LINE#         356
  C:0889H         LINE#         358
  C:0891H         LINE#         359
  C:089FH         LINE#         361
  C:08A7H         LINE#         362
  C:08A7H         LINE#         363
  C:08AEH         LINE#         364
  C:08B8H         LINE#         365
  C:08B8H         LINE#         366
  C:08BBH         LINE#         367
  C:08C0H         LINE#         368
  C:08C7H         LINE#         369
  C:08CDH         LINE#         370
  C:08CDH         LINE#         372
  C:08D0H         LINE#         373
  C:08DEH         LINE#         375
  C:08E5H         LINE#         376
  C:08E9H         LINE#         377
  C:08EFH         LINE#         378
  C:08EFH         LINE#         379
  C:0902H         LINE#         380
  C:090FH         LINE#         381
  C:090FH         LINE#         382
  C:0943H         LINE#         383
  C:0949H         LINE#         384
  C:0949H         LINE#         385
  C:0949H         LINE#         388
  C:094DH         LINE#         389
  C:094DH         LINE#         390
  C:0950H         LINE#         391
  C:0964H         LINE#         393
  C:096AH         LINE#         394
  C:096EH         LINE#         395
  C:0972H         LINE#         396
  C:0976H         LINE#         398
  C:0979H         LINE#         399
  C:0985H         LINE#         400
  C:0987H         LINE#         401
  -------         ENDPROC       CONNTOUSB
BL51 BANKED LINKER/LOCATER V6.22                                                      03/10/2020  13:13:08  PAGE 14


  -------         PROC          MCU_INIT
  -------         DO            
  D:0007H         SYMBOL        n
  -------         ENDDO         
  C:0046H         LINE#         405
  C:0046H         LINE#         406
  C:0046H         LINE#         408
  C:0049H         LINE#         411
  C:004CH         LINE#         412
  C:004FH         LINE#         414
  C:0052H         LINE#         416
  C:0057H         LINE#         418
  C:005AH         LINE#         419
  C:005FH         LINE#         420
  C:0062H         LINE#         422
  C:0065H         LINE#         425
  C:0068H         LINE#         426
  C:006BH         LINE#         428
  C:006EH         LINE#         429
  C:0071H         LINE#         431
  C:0074H         LINE#         432
  C:0077H         LINE#         434
  C:007AH         LINE#         435
  C:007DH         LINE#         437
  C:007FH         LINE#         438
  C:0081H         LINE#         443
  C:0084H         LINE#         444
  C:0087H         LINE#         446
  -------         ENDPROC       MCU_INIT
  -------         PROC          DEVICES_INIT
  C:278EH         LINE#         448
  C:278EH         LINE#         449
  C:278EH         LINE#         451
  C:2791H         LINE#         454
  C:2794H         LINE#         455
  C:27EEH         LINE#         456
  C:27F1H         LINE#         459
  C:27F4H         LINE#         460
  C:27F7H         LINE#         468
  -------         ENDPROC       DEVICES_INIT
  -------         PROC          SUSPEND_DEVICE
  C:003DH         LINE#         472
  C:003DH         LINE#         473
  C:003DH         LINE#         474
  -------         ENDPROC       SUSPEND_DEVICE
  C:19CCH         SYMBOL        L?0151
  -------         PROC          USB_API_TEST_ISR
  -------         DO            
  D:0008H         SYMBOL        INTVAL
  -------         ENDDO         
  C:18ECH         LINE#         478
  C:1909H         LINE#         480
  C:190EH         LINE#         482
  C:1913H         LINE#         483
  C:1913H         LINE#         484
  C:191EH         LINE#         486
  C:1930H         LINE#         487
BL51 BANKED LINKER/LOCATER V6.22                                                      03/10/2020  13:13:08  PAGE 15


  C:1930H         LINE#         488
  C:1933H         LINE#         489
  C:1935H         LINE#         490
  C:1945H         LINE#         491
  C:1945H         LINE#         492
  C:1948H         LINE#         493
  C:194AH         LINE#         494
  C:195BH         LINE#         495
  C:195BH         LINE#         496
  C:195EH         LINE#         497
  C:1960H         LINE#         498
  C:1972H         LINE#         499
  C:1972H         LINE#         500
  C:1975H         LINE#         501
  C:1977H         LINE#         502
  C:1987H         LINE#         503
  C:1987H         LINE#         504
  C:198AH         LINE#         505
  C:198CH         LINE#         507
  C:198CH         LINE#         508
  C:198FH         LINE#         509
  C:198FH         LINE#         510
  C:198FH         LINE#         512
  C:198FH         LINE#         513
  C:198FH         LINE#         515
  C:198FH         LINE#         517
  C:1994H         LINE#         518
  C:1994H         LINE#         519
  C:1997H         LINE#         520
  C:1997H         LINE#         522
  C:199CH         LINE#         523
  C:199CH         LINE#         524
  C:199FH         LINE#         525
  C:199FH         LINE#         527
  C:19A4H         LINE#         528
  C:19A4H         LINE#         529
  C:19A7H         LINE#         530
  C:19A7H         LINE#         532
  C:19ACH         LINE#         533
  C:19ACH         LINE#         534
  C:19AEH         LINE#         535
  C:19B1H         LINE#         536
  C:19B1H         LINE#         537
  -------         ENDPROC       USB_API_TEST_ISR
  -------         ENDMOD        MAIN

  -------         MODULE        MMC_SD
  C:0000H         SYMBOL        _ICE_DUMMY_
  D:00A2H         PUBLIC        SPI0CKR
  D:0080H         PUBLIC        P0
  D:0090H         PUBLIC        P1
  D:00A0H         PUBLIC        P2
  D:00B0H         PUBLIC        P3
  C:2CEAH         PUBLIC        _MMC_SD_SendCommand
  C:2BFEH         PUBLIC        _MMC_SD_ReadSingleBlock
  C:3066H         PUBLIC        SD_Init
  C:2721H         PUBLIC        _MMC_SD_WriteSingleBlock
BL51 BANKED LINKER/LOCATER V6.22                                                      03/10/2020  13:13:08  PAGE 16


  B:00F8H.7       PUBLIC        SPIF
  B:00F8H.2       PUBLIC        NSSMD0
  C:2136H         PUBLIC        MMC_SD_Reset
  D:00A9H         PUBLIC        CLKSEL
  C:30A1H         PUBLIC        SPI_ReadByte
  C:2FFAH         PUBLIC        _SPI_WriteByte
  D:00A3H         PUBLIC        SPI0DAT
  X:0000H         PUBLIC        buffer
  C:2DB0H         SYMBOL        Com0040
  C:2DB0H         SYMBOL        L?0065
  C:2DC1H         SYMBOL        L?0066
  C:2DC1H         SYMBOL        L?0067
  C:2DC2H         SYMBOL        L?0068
  C:2DCBH         SYMBOL        L?0070
  C:2DD9H         SYMBOL        L?0071
  -------         PROC          COM0040
  -------         ENDPROC       COM0040
  C:2FEEH         SYMBOL        L?0062
  C:2FF3H         SYMBOL        L?0063
  -------         PROC          L?0061
  -------         ENDPROC       L?0061
  C:2FEEH         SYMBOL        L?0062
  C:2FF3H         SYMBOL        L?0063
  -------         PROC          _SPI_WRITEBYTE
  D:0007H         SYMBOL        val
  -------         DO            
  D:0007H         SYMBOL        ret
  -------         ENDDO         
  C:2FFAH         LINE#         9
  C:2FFAH         LINE#         10
  C:2FFAH         LINE#         13
  C:2FFCH         LINE#         14
  C:2FFFH         LINE#         15
  C:3001H         LINE#         16
  C:3003H         LINE#         17
  C:3003H         LINE#         18
  -------         ENDPROC       _SPI_WRITEBYTE
  -------         PROC          SPI_READBYTE
  -------         DO            
  D:0007H         SYMBOL        ret
  -------         ENDDO         
  C:30A1H         LINE#         20
  C:30A1H         LINE#         21
  C:30A1H         LINE#         24
  C:30A4H         LINE#         25
  C:30A7H         LINE#         26
  C:30A9H         LINE#         27
  C:30ABH         LINE#         28
  C:30ABH         LINE#         29
  -------         ENDPROC       SPI_READBYTE
  -------         PROC          _MMC_SD_SENDCOMMAND
  D:0006H         SYMBOL        cmd
  D:001CH         SYMBOL        arg
  -------         DO            
  D:0007H         SYMBOL        r1
  D:0003H         SYMBOL        retry
  -------         ENDDO         
BL51 BANKED LINKER/LOCATER V6.22                                                      03/10/2020  13:13:08  PAGE 17


  C:2CEAH         LINE#         31
  C:2CECH         LINE#         32
  C:2CECH         LINE#         34
  C:2CEEH         LINE#         36
  C:2CEEH         LINE#         37
  C:2CEEH         LINE#         38
  C:2CF1H         LINE#         39
  C:2CF1H         LINE#         40
  C:2CF1H         LINE#         41
  C:2CF4H         LINE#         43
  C:2CF6H         LINE#         45
  C:2CFDH         LINE#         46
  C:2CFFH         LINE#         47
  C:2D10H         LINE#         48
  C:2D12H         LINE#         49
  C:2D18H         LINE#         50
  C:2D1DH         LINE#         52
  C:2D25H         LINE#         53
  C:2D2EH         LINE#         55
  C:2D30H         LINE#         57
  C:2D30H         LINE#         58
  -------         ENDPROC       _MMC_SD_SENDCOMMAND
  C:21B4H         SYMBOL        L?0069
  C:21BDH         SYMBOL        L?0072
  -------         PROC          MMC_SD_RESET
  -------         DO            
  D:0005H         SYMBOL        i
  D:0002H         SYMBOL        retry
  D:0006H         SYMBOL        r1
  -------         ENDDO         
  C:2136H         LINE#         60
  C:2136H         LINE#         61
  C:2136H         LINE#         64
  C:2138H         LINE#         66
  C:2139H         LINE#         67
  C:213CH         LINE#         69
  C:213FH         LINE#         71
  C:213FH         LINE#         72
  C:214AH         LINE#         73
  C:214EH         LINE#         74
  C:214EH         LINE#         75
  C:2155H         LINE#         76
  C:2158H         LINE#         78
  C:215AH         LINE#         80
  C:215AH         LINE#         82
  C:215AH         LINE#         83
  C:215FH         LINE#         84
  C:215FH         LINE#         85
  C:2169H         LINE#         86
  C:216CH         LINE#         88
  C:216EH         LINE#         89
  C:2173H         LINE#         90
  C:2173H         LINE#         91
  C:217BH         LINE#         92
  C:217EH         LINE#         94
  C:2181H         LINE#         95
  C:2181H         LINE#         96
BL51 BANKED LINKER/LOCATER V6.22                                                      03/10/2020  13:13:08  PAGE 18


  C:2183H         LINE#         98
  C:2183H         LINE#         99
  C:2188H         LINE#         100
  C:2188H         LINE#         101
  C:2190H         LINE#         102
  C:2193H         LINE#         103
  C:2193H         LINE#         104
  C:219DH         LINE#         106
  C:21ACH         LINE#         107
  C:21AFH         LINE#         108
  C:21B2H         LINE#         109
  C:21B3H         LINE#         110
  -------         ENDPROC       MMC_SD_RESET
  -------         PROC          _MMC_SD_WRITESINGLEBLOCK
  D:0013H         SYMBOL        sector
  -------         DO            
  D:0006H         SYMBOL        r1
  D:0004H         SYMBOL        i
  D:0002H         SYMBOL        retry
  -------         ENDDO         
  C:2721H         LINE#         112
  C:2729H         LINE#         113
  C:2729H         LINE#         116
  C:272BH         LINE#         118
  C:272EH         LINE#         120
  C:272EH         LINE#         121
  C:2740H         LINE#         122
  C:2741H         LINE#         123
  C:274AH         LINE#         124
  C:274DH         LINE#         128
  C:274FH         LINE#         130
  C:2754H         LINE#         132
  C:2759H         LINE#         134
  C:275BH         LINE#         135
  C:275BH         LINE#         136
  C:2763H         LINE#         137
  C:2770H         LINE#         139
  C:2770H         LINE#         140
  C:2770H         LINE#         142
  C:2775H         LINE#         144
  C:277CH         LINE#         145
  C:277CH         LINE#         146
  C:277EH         LINE#         147
  C:277FH         LINE#         148
  C:277FH         LINE#         150
  C:2787H         LINE#         152
  C:2789H         LINE#         153
  C:278CH         LINE#         154
  C:278DH         LINE#         155
  -------         ENDPROC       _MMC_SD_WRITESINGLEBLOCK
  -------         PROC          _MMC_SD_READSINGLEBLOCK
  D:0017H         SYMBOL        sector
  -------         DO            
  D:0007H         SYMBOL        r1
  D:0004H         SYMBOL        i
  D:0002H         SYMBOL        retry
  -------         ENDDO         
BL51 BANKED LINKER/LOCATER V6.22                                                      03/10/2020  13:13:08  PAGE 19


  C:2BFEH         LINE#         157
  C:2C06H         LINE#         158
  C:2C06H         LINE#         161
  C:2C08H         LINE#         163
  C:2C0BH         LINE#         165
  C:2C0BH         LINE#         166
  C:2C1BH         LINE#         167
  C:2C1CH         LINE#         168
  C:2C25H         LINE#         169
  C:2C28H         LINE#         172
  C:2C2AH         LINE#         174
  C:2C30H         LINE#         176
  C:2C33H         LINE#         177
  C:2C33H         LINE#         178
  C:2C3BH         LINE#         179
  C:2C48H         LINE#         181
  C:2C48H         LINE#         182
  C:2C4BH         LINE#         184
  C:2C4DH         LINE#         185
  C:2C50H         LINE#         186
  C:2C51H         LINE#         187
  -------         ENDPROC       _MMC_SD_READSINGLEBLOCK
  -------         PROC          SD_INIT
  -------         DO            
  D:0001H         SYMBOL        n
  -------         ENDDO         
  C:3066H         LINE#         190
  C:3066H         LINE#         191
  C:3066H         LINE#         192
  C:3068H         LINE#         194
  C:306EH         LINE#         195
  C:306EH         LINE#         196
  C:306FH         LINE#         197
  C:3076H         LINE#         199
  -------         ENDPROC       SD_INIT
  -------         ENDMOD        MMC_SD

  -------         MODULE        LCD
  C:0000H         SYMBOL        _ICE_DUMMY_
  D:0080H         PUBLIC        P0
  C:209DH         PUBLIC        DispBlock
  C:2A9DH         PUBLIC        DispFrame
  D:0090H         PUBLIC        P1
  C:23EFH         PUBLIC        DispScaleVer_Green
  D:00A0H         PUBLIC        P2
  D:00B0H         PUBLIC        P3
  D:00C7H         PUBLIC        P4
  C:1FFCH         PUBLIC        DispBand
  C:305CH         PUBLIC        _WriteData
  C:009EH         PUBLIC        ascii
  C:2DE4H         PUBLIC        _DispColor
  C:298CH         PUBLIC        DispScaleVer_Blue
  C:26B3H         PUBLIC        _DrawGird
  C:28CBH         PUBLIC        _DrawLine
  B:00D0H.7       PUBLIC        CY
  C:304AH         PUBLIC        _WriteComm
  C:30ACH         PUBLIC        _WriteDispData
BL51 BANKED LINKER/LOCATER V6.22                                                      03/10/2020  13:13:08  PAGE 20


  C:25D2H         PUBLIC        DispScaleVer_Gray
  B:00B0H.1       PUBLIC        RS
  C:2643H         PUBLIC        DispScaleVer_Red
  C:19E7H         PUBLIC        DispScaleVer
  C:21C8H         PUBLIC        _DispOneChar
  C:2AF6H         PUBLIC        DispGrayHor32
  C:24E8H         PUBLIC        DispGrayHor16
  C:2E18H         PUBLIC        DispSnow
  C:236AH         PUBLIC        _DispInt
  C:2E4CH         PUBLIC        _PutPixel
  D:00A9H         PUBLIC        CLKSEL
  C:008EH         SYMBOL        _?ix1000
  B:0090H.6       PUBLIC        RD0
  B:00A0H.0       PUBLIC        CS0
  C:1C63H         PUBLIC        LCD_Init
  C:22E0H         PUBLIC        _DispStr
  B:0090H.6       PUBLIC        SDA
  B:0090H.7       PUBLIC        WR0
  C:117AH         PUBLIC        DispScaleHor1
  C:3077H         PUBLIC        _WriteOneDot
  C:0D14H         PUBLIC        DispScaleHor2
  C:1D2EH         PUBLIC        _DispPicFromSD
  B:0090H.7       PUBLIC        SCL
  C:29E8H         PUBLIC        _ToOrd
  C:2FDDH         PUBLIC        _SendDataSPI
  B:0080H.5       PUBLIC        RST
  C:3004H         PUBLIC        ReadData
  C:2470H         PUBLIC        _?BlockWrite
  C:16ABH         SYMBOL        Com01ED
  C:16ABH         SYMBOL        L?0494
  C:16ABH         SYMBOL        L?0495
  C:16CAH         SYMBOL        L?0499
  C:16CAH         SYMBOL        L?0500
  C:16CFH         SYMBOL        L?0501
  C:16E0H         SYMBOL        L?0502
  C:16E0H         SYMBOL        L?0503
  C:16E4H         SYMBOL        L?0504
  C:16EAH         SYMBOL        L?0505
  C:16F2H         SYMBOL        L?0506
  C:16F2H         SYMBOL        L?0507
  C:16FCH         SYMBOL        L?0508
  C:16FCH         SYMBOL        L?0509
  C:1703H         SYMBOL        L?0510
  C:170AH         SYMBOL        L?0513
  C:170AH         SYMBOL        L?0514
  C:1718H         SYMBOL        L?0515
  C:1718H         SYMBOL        L?0516
  C:171FH         SYMBOL        L?0517
  C:171FH         SYMBOL        L?0518
  C:172AH         SYMBOL        L?0519
  C:172AH         SYMBOL        L?0520
  C:1736H         SYMBOL        L?0521
  C:1736H         SYMBOL        L?0522
  C:1741H         SYMBOL        L?0523
  C:1741H         SYMBOL        L?0524
  C:1742H         SYMBOL        L?0525
  C:174AH         SYMBOL        L?0526
BL51 BANKED LINKER/LOCATER V6.22                                                      03/10/2020  13:13:08  PAGE 21


  C:175CH         SYMBOL        L?0529
  C:175CH         SYMBOL        L?0530
  C:1764H         SYMBOL        L?0531
  C:1764H         SYMBOL        L?0532
  C:176CH         SYMBOL        L?0533
  C:176CH         SYMBOL        L?0534
  C:1774H         SYMBOL        L?0535
  C:1774H         SYMBOL        L?0536
  C:177DH         SYMBOL        L?0537
  C:177DH         SYMBOL        L?0538
  C:1785H         SYMBOL        L?0539
  C:1785H         SYMBOL        L?0540
  C:178DH         SYMBOL        L?0541
  C:178DH         SYMBOL        L?0542
  C:1797H         SYMBOL        L?0543
  C:179AH         SYMBOL        L?0544
  C:17A1H         SYMBOL        L?0546
  C:17A1H         SYMBOL        L?0547
  C:17A9H         SYMBOL        L?0548
  C:17B5H         SYMBOL        L?0549
  C:17C1H         SYMBOL        L?0550
  C:17C2H         SYMBOL        L?0551
  C:17C9H         SYMBOL        L?0552
  C:17CAH         SYMBOL        L?0553
  C:17D2H         SYMBOL        L?0554
  -------         PROC          COM01ED
  -------         ENDPROC       COM01ED
  C:2FD6H         SYMBOL        L?0497
  C:2FD7H         SYMBOL        L?0498
  -------         PROC          L?0496
  -------         ENDPROC       L?0496
  C:2FD6H         SYMBOL        L?0497
  C:2FD7H         SYMBOL        L?0498
  -------         PROC          _SENDDATASPI
  D:0007H         SYMBOL        dat
  -------         DO            
  D:0006H         SYMBOL        i
  -------         ENDDO         
  C:2FDDH         LINE#         10
  C:2FDDH         LINE#         11
  C:2FDDH         LINE#         13
  C:2FDFH         LINE#         14
  C:2FDFH         LINE#         15
  C:2FE3H         LINE#         16
  C:2FE5H         LINE#         17
  C:2FE7H         LINE#         18
  C:2FE9H         LINE#         19
  C:2FEDH         LINE#         20
  -------         ENDPROC       _SENDDATASPI
  C:3046H         SYMBOL        L?0528
  -------         PROC          L?0527
  -------         ENDPROC       L?0527
  C:3046H         SYMBOL        L?0528
  -------         PROC          _WRITECOMM
  D:0006H         SYMBOL        i
  C:304AH         LINE#         22
  C:304AH         LINE#         23
BL51 BANKED LINKER/LOCATER V6.22                                                      03/10/2020  13:13:08  PAGE 22


  C:304AH         LINE#         25
  C:304CH         LINE#         26
  C:304EH         LINE#         28
  C:3051H         LINE#         30
  C:3053H         LINE#         32
  -------         ENDPROC       _WRITECOMM
  C:3054H         SYMBOL        L?0512
  -------         PROC          L?0511
  -------         ENDPROC       L?0511
  C:3054H         SYMBOL        L?0512
  -------         PROC          _WRITEDATA
  D:0006H         SYMBOL        i
  C:305CH         LINE#         33
  C:305CH         LINE#         34
  C:305CH         LINE#         35
  C:305EH         LINE#         36
  C:3060H         LINE#         38
  C:3063H         LINE#         40
  C:3065H         LINE#         41
  -------         ENDPROC       _WRITEDATA
  -------         PROC          _WRITEDISPDATA
  D:0007H         SYMBOL        DataH
  D:0005H         SYMBOL        DataL
  C:30ACH         LINE#         43
  C:30ACH         LINE#         44
  C:30ACH         LINE#         47
  C:30AFH         LINE#         48
  -------         ENDPROC       _WRITEDISPDATA
  -------         PROC          LCD_INIT
  C:1C63H         LINE#         54
  C:1C63H         LINE#         55
  C:1C63H         LINE#         57
  C:1C65H         LINE#         58
  C:1C6CH         LINE#         59
  C:1C6EH         LINE#         60
  C:1C75H         LINE#         61
  C:1C77H         LINE#         62
  C:1C7EH         LINE#         64
  C:1C84H         LINE#         65
  C:1C92H         LINE#         66
  C:1C9BH         LINE#         68
  C:1CA5H         LINE#         69
  C:1CAEH         LINE#         71
  C:1CB8H         LINE#         72
  C:1CBDH         LINE#         74
  C:1CC2H         LINE#         75
  C:1CCBH         LINE#         76
  C:1CD0H         LINE#         78
  C:1CDAH         LINE#         79
  C:1CDFH         LINE#         80
  C:1CEDH         LINE#         82
  C:1D00H         LINE#         83
  C:1D12H         LINE#         85
  C:1D19H         LINE#         86
  C:1D20H         LINE#         88
  C:1D27H         LINE#         89
  -------         ENDPROC       LCD_INIT
BL51 BANKED LINKER/LOCATER V6.22                                                      03/10/2020  13:13:08  PAGE 23


  -------         PROC          _?BLOCKWRITE
  i:0000H         SYMBOL        Xstart
  i:0002H         SYMBOL        Xend
  i:0004H         SYMBOL        Ystart
  i:0006H         SYMBOL        Yend
  C:2470H         LINE#         113
  C:2488H         LINE#         116
  C:248FH         LINE#         117
  C:2494H         LINE#         118
  C:2499H         LINE#         119
  C:24B0H         LINE#         120
  C:24B7H         LINE#         124
  C:24BEH         LINE#         125
  C:24C5H         LINE#         126
  C:24CCH         LINE#         127
  C:24D3H         LINE#         128
  C:24DAH         LINE#         142
  C:24E1H         LINE#         143
  -------         ENDPROC       _?BLOCKWRITE
  -------         PROC          _DISPCOLOR
  D:000AH         SYMBOL        color
  -------         DO            
  D:0004H         SYMBOL        i
  D:0002H         SYMBOL        j
  -------         ENDDO         
  C:2DE4H         LINE#         145
  C:2DE8H         LINE#         146
  C:2DE8H         LINE#         149
  C:2DE8H         LINE#         151
  C:2DE8H         LINE#         152
  C:2DEBH         LINE#         153
  C:2DEEH         LINE#         156
  C:2DF1H         LINE#         157
  C:2DF1H         LINE#         158
  C:2DF4H         LINE#         159
  C:2DF4H         LINE#         160
  C:2DFAH         LINE#         161
  C:2DFFH         LINE#         162
  C:2E0AH         LINE#         163
  C:2E15H         LINE#         165
  C:2E17H         LINE#         166
  -------         ENDPROC       _DISPCOLOR
  -------         PROC          DISPBAND
  -------         DO            
  D:0004H         SYMBOL        i
  D:002BH         SYMBOL        j
  D:002DH         SYMBOL        k
  D:002FH         SYMBOL        color
  -------         ENDDO         
  C:1FFCH         LINE#         168
  C:1FFCH         LINE#         169
  C:1FFCH         LINE#         172
  C:200FH         LINE#         175
  C:200FH         LINE#         177
  C:200FH         LINE#         179
  C:2012H         LINE#         181
  C:2015H         LINE#         182
BL51 BANKED LINKER/LOCATER V6.22                                                      03/10/2020  13:13:08  PAGE 24


  C:2015H         LINE#         183
  C:201AH         LINE#         184
  C:201AH         LINE#         185
  C:201FH         LINE#         186
  C:201FH         LINE#         187
  C:2028H         LINE#         188
  C:2034H         LINE#         190
  C:2045H         LINE#         191
  C:2056H         LINE#         192
  C:2061H         LINE#         193
  C:206DH         LINE#         194
  C:206DH         LINE#         195
  C:2072H         LINE#         196
  C:2072H         LINE#         198
  C:2078H         LINE#         199
  C:207FH         LINE#         201
  C:2090H         LINE#         202
  C:209AH         LINE#         204
  C:209CH         LINE#         205
  -------         ENDPROC       DISPBAND
  -------         PROC          DISPFRAME
  -------         DO            
  D:0004H         SYMBOL        i
  D:0002H         SYMBOL        j
  -------         ENDDO         
  C:2A9DH         LINE#         207
  C:2A9DH         LINE#         208
  C:2A9DH         LINE#         211
  C:2A9DH         LINE#         213
  C:2A9DH         LINE#         215
  C:2AA0H         LINE#         217
  C:2AA0H         LINE#         218
  C:2AA3H         LINE#         219
  C:2AA6H         LINE#         220
  C:2AA6H         LINE#         221
  C:2AA6H         LINE#         222
  C:2AA9H         LINE#         223
  C:2AB4H         LINE#         224
  C:2AB4H         LINE#         225
  C:2AB7H         LINE#         227
  C:2ABAH         LINE#         228
  C:2ABAH         LINE#         229
  C:2ABAH         LINE#         230
  C:2ABDH         LINE#         231
  C:2AC0H         LINE#         232
  C:2AC0H         LINE#         233
  C:2AC3H         LINE#         234
  C:2ACEH         LINE#         235
  C:2ACEH         LINE#         236
  C:2AD1H         LINE#         237
  C:2ADCH         LINE#         239
  C:2ADCH         LINE#         240
  C:2ADFH         LINE#         241
  C:2AE2H         LINE#         242
  C:2AE2H         LINE#         243
  C:2AE2H         LINE#         244
  C:2AE5H         LINE#         245
BL51 BANKED LINKER/LOCATER V6.22                                                      03/10/2020  13:13:08  PAGE 25


  C:2AF0H         LINE#         246
  C:2AF0H         LINE#         247
  C:2AF3H         LINE#         249
  C:2AF5H         LINE#         250
  -------         ENDPROC       DISPFRAME
  -------         PROC          _DISPPICFROMSD
  D:000AH         SYMBOL        PicNum
  -------         DO            
  D:000BH         SYMBOL        Address_S
  D:000FH         SYMBOL        Address_E
  D:0002H         SYMBOL        i
  D:0013H         SYMBOL        k
  -------         ENDDO         
  C:1D2EH         LINE#         319
  C:1D30H         LINE#         320
  C:1D30H         LINE#         325
  C:1D33H         LINE#         326
  C:1D33H         LINE#         327
  C:1D33H         LINE#         329
  C:1D36H         LINE#         330
  C:1D41H         LINE#         331
  C:1D62H         LINE#         332
  C:1D7AH         LINE#         334
  C:1D90H         LINE#         335
  C:1D90H         LINE#         336
  C:1D9BH         LINE#         337
  C:1DA4H         LINE#         338
  C:1DA4H         LINE#         341
  C:1DBFH         LINE#         344
  C:1DC8H         LINE#         345
  C:1DDFH         LINE#         348
  C:1DE1H         LINE#         349
  C:1DE4H         LINE#         351
  -------         ENDPROC       _DISPPICFROMSD
  -------         PROC          DISPSCALEHOR1
  -------         DO            
  D:0059H         SYMBOL        i
  D:005BH         SYMBOL        j
  D:0004H         SYMBOL        k
  -------         ENDDO         
  C:117AH         LINE#         355
  C:117AH         LINE#         356
  C:117AH         LINE#         359
  C:117AH         LINE#         361
  C:117AH         LINE#         363
  C:117DH         LINE#         366
  C:1180H         LINE#         367
  C:1180H         LINE#         368
  C:1192H         LINE#         369
  C:1197H         LINE#         370
  C:1197H         LINE#         371
  C:119CH         LINE#         372
  C:119CH         LINE#         373
  C:11A9H         LINE#         374
  C:11ACH         LINE#         376
  C:11B9H         LINE#         377
  C:11C6H         LINE#         379
BL51 BANKED LINKER/LOCATER V6.22                                                      03/10/2020  13:13:08  PAGE 26


  C:11D1H         LINE#         383
  C:11D4H         LINE#         384
  C:11D4H         LINE#         385
  C:11E6H         LINE#         386
  C:11EBH         LINE#         387
  C:11EBH         LINE#         388
  C:11F0H         LINE#         389
  C:11F0H         LINE#         390
  C:1200H         LINE#         391
  C:120CH         LINE#         393
  C:1218H         LINE#         394
  C:1225H         LINE#         395
  C:1230H         LINE#         398
  C:1233H         LINE#         399
  C:1233H         LINE#         400
  C:1245H         LINE#         401
  C:124AH         LINE#         402
  C:124AH         LINE#         403
  C:124FH         LINE#         404
  C:124FH         LINE#         405
  C:1254H         LINE#         406
  C:1256H         LINE#         408
  C:1262H         LINE#         409
  C:126FH         LINE#         410
  C:127AH         LINE#         413
  C:127DH         LINE#         414
  C:127DH         LINE#         415
  C:128FH         LINE#         416
  C:1294H         LINE#         417
  C:1294H         LINE#         418
  C:1299H         LINE#         419
  C:1299H         LINE#         420
  C:12B3H         LINE#         421
  C:12BEH         LINE#         423
  C:12CAH         LINE#         424
  C:12D7H         LINE#         425
  C:12E2H         LINE#         427
  C:12E4H         LINE#         428
  -------         ENDPROC       DISPSCALEHOR1
  -------         PROC          DISPSCALEVER
  -------         DO            
  D:0002H         SYMBOL        i
  D:0065H         SYMBOL        j
  D:0004H         SYMBOL        k
  -------         ENDDO         
  C:19E7H         LINE#         430
  C:19E7H         LINE#         431
  C:19E7H         LINE#         434
  C:19E7H         LINE#         436
  C:19E7H         LINE#         438
  C:19EAH         LINE#         441
  C:19F3H         LINE#         442
  C:19F3H         LINE#         443
  C:19F8H         LINE#         444
  C:19F8H         LINE#         445
  C:19F8H         LINE#         446
  C:19FBH         LINE#         448
BL51 BANKED LINKER/LOCATER V6.22                                                      03/10/2020  13:13:08  PAGE 27


  C:1A0CH         LINE#         449
  C:1A13H         LINE#         451
  C:1A16H         LINE#         452
  C:1A16H         LINE#         454
  C:1A19H         LINE#         455
  C:1A19H         LINE#         457
  C:1A1EH         LINE#         458
  C:1A1EH         LINE#         459
  C:1A2AH         LINE#         460
  C:1A2DH         LINE#         462
  C:1A3AH         LINE#         464
  C:1A3FH         LINE#         465
  C:1A3FH         LINE#         466
  C:1A49H         LINE#         467
  C:1A5EH         LINE#         469
  C:1A6BH         LINE#         471
  C:1A70H         LINE#         472
  C:1A70H         LINE#         473
  C:1A72H         LINE#         474
  C:1A75H         LINE#         476
  C:1A82H         LINE#         478
  C:1A87H         LINE#         479
  C:1A87H         LINE#         480
  C:1A91H         LINE#         481
  C:1A97H         LINE#         483
  C:1AA4H         LINE#         485
  C:1AB2H         LINE#         487
  C:1AC0H         LINE#         489
  C:1AC2H         LINE#         490
  -------         ENDPROC       DISPSCALEVER
  -------         PROC          DISPSCALEVER_RED
  -------         DO            
  D:0002H         SYMBOL        i
  D:0067H         SYMBOL        j
  D:0004H         SYMBOL        k
  -------         ENDDO         
  C:2643H         LINE#         492
  C:2643H         LINE#         493
  C:2643H         LINE#         496
  C:2643H         LINE#         498
  C:2643H         LINE#         500
  C:2646H         LINE#         503
  C:264FH         LINE#         504
  C:264FH         LINE#         505
  C:2654H         LINE#         506
  C:2654H         LINE#         507
  C:2654H         LINE#         508
  C:2657H         LINE#         510
  C:2668H         LINE#         511
  C:266FH         LINE#         513
  C:2672H         LINE#         514
  C:2672H         LINE#         515
  C:2675H         LINE#         516
  C:2675H         LINE#         518
  C:267AH         LINE#         519
  C:267AH         LINE#         520
  C:2686H         LINE#         521
BL51 BANKED LINKER/LOCATER V6.22                                                      03/10/2020  13:13:08  PAGE 28


  C:2689H         LINE#         522
  C:269AH         LINE#         523
  C:26A5H         LINE#         525
  C:26B0H         LINE#         527
  C:26B2H         LINE#         528
  -------         ENDPROC       DISPSCALEVER_RED
  -------         PROC          DISPSCALEVER_GREEN
  -------         DO            
  D:0002H         SYMBOL        i
  D:0069H         SYMBOL        j
  D:0004H         SYMBOL        k
  -------         ENDDO         
  C:23EFH         LINE#         530
  C:23EFH         LINE#         531
  C:23EFH         LINE#         534
  C:23EFH         LINE#         536
  C:23EFH         LINE#         538
  C:23F2H         LINE#         541
  C:23FBH         LINE#         542
  C:23FBH         LINE#         543
  C:2400H         LINE#         544
  C:2400H         LINE#         545
  C:2400H         LINE#         546
  C:2403H         LINE#         548
  C:2414H         LINE#         549
  C:241BH         LINE#         551
  C:241EH         LINE#         552
  C:241EH         LINE#         553
  C:2421H         LINE#         554
  C:2421H         LINE#         556
  C:2426H         LINE#         557
  C:2426H         LINE#         558
  C:2436H         LINE#         559
  C:2446H         LINE#         561
  C:2457H         LINE#         562
  C:2462H         LINE#         564
  C:246DH         LINE#         566
  C:246FH         LINE#         567
  -------         ENDPROC       DISPSCALEVER_GREEN
  -------         PROC          DISPSCALEVER_BLUE
  -------         DO            
  D:0002H         SYMBOL        i
  D:0082H         SYMBOL        j
  D:0004H         SYMBOL        k
  -------         ENDDO         
  C:298CH         LINE#         569
  C:298CH         LINE#         570
  C:298CH         LINE#         573
  C:298CH         LINE#         575
  C:298CH         LINE#         577
  C:298FH         LINE#         580
  C:2998H         LINE#         581
  C:2998H         LINE#         582
  C:299DH         LINE#         583
  C:299DH         LINE#         584
  C:299DH         LINE#         585
  C:29A0H         LINE#         587
BL51 BANKED LINKER/LOCATER V6.22                                                      03/10/2020  13:13:08  PAGE 29


  C:29ABH         LINE#         588
  C:29B2H         LINE#         590
  C:29B5H         LINE#         591
  C:29B5H         LINE#         592
  C:29B8H         LINE#         593
  C:29B8H         LINE#         595
  C:29BDH         LINE#         596
  C:29BDH         LINE#         597
  C:29C2H         LINE#         598
  C:29C4H         LINE#         599
  C:29CFH         LINE#         600
  C:29DAH         LINE#         602
  C:29E5H         LINE#         604
  C:29E7H         LINE#         605
  -------         ENDPROC       DISPSCALEVER_BLUE
  -------         PROC          DISPSCALEVER_GRAY
  -------         DO            
  D:0002H         SYMBOL        i
  D:006BH         SYMBOL        j
  D:0004H         SYMBOL        k
  -------         ENDDO         
  C:25D2H         LINE#         607
  C:25D2H         LINE#         608
  C:25D2H         LINE#         611
  C:25D2H         LINE#         613
  C:25D2H         LINE#         615
  C:25D5H         LINE#         618
  C:25DEH         LINE#         619
  C:25DEH         LINE#         620
  C:25E3H         LINE#         621
  C:25E3H         LINE#         622
  C:25E3H         LINE#         623
  C:25E6H         LINE#         625
  C:25F7H         LINE#         626
  C:25FEH         LINE#         628
  C:2601H         LINE#         629
  C:2601H         LINE#         630
  C:2604H         LINE#         631
  C:2604H         LINE#         633
  C:2609H         LINE#         634
  C:2609H         LINE#         635
  C:2613H         LINE#         636
  C:2619H         LINE#         638
  C:262AH         LINE#         639
  C:2635H         LINE#         641
  C:2640H         LINE#         643
  C:2642H         LINE#         644
  -------         ENDPROC       DISPSCALEVER_GRAY
  -------         PROC          DISPGRAYHOR16
  -------         DO            
  D:006DH         SYMBOL        i
  D:0004H         SYMBOL        j
  D:0002H         SYMBOL        k
  -------         ENDDO         
  C:24E8H         LINE#         646
  C:24E8H         LINE#         647
  C:24E8H         LINE#         650
BL51 BANKED LINKER/LOCATER V6.22                                                      03/10/2020  13:13:08  PAGE 30


  C:24E8H         LINE#         652
  C:24E8H         LINE#         654
  C:24EBH         LINE#         656
  C:24F0H         LINE#         657
  C:24F0H         LINE#         658
  C:24F9H         LINE#         659
  C:24F9H         LINE#         660
  C:24F9H         LINE#         661
  C:24FCH         LINE#         663
  C:2503H         LINE#         665
  C:2506H         LINE#         666
  C:2506H         LINE#         667
  C:2509H         LINE#         668
  C:2509H         LINE#         669
  C:2523H         LINE#         670
  C:2535H         LINE#         672
  C:2540H         LINE#         673
  C:254BH         LINE#         674
  C:255CH         LINE#         676
  C:255EH         LINE#         677
  -------         ENDPROC       DISPGRAYHOR16
  -------         PROC          DISPGRAYHOR32
  -------         DO            
  D:006FH         SYMBOL        i
  D:0004H         SYMBOL        j
  D:0002H         SYMBOL        k
  -------         ENDDO         
  C:2AF6H         LINE#         679
  C:2AF6H         LINE#         680
  C:2AF6H         LINE#         683
  C:2AF6H         LINE#         685
  C:2AF6H         LINE#         687
  C:2AF9H         LINE#         689
  C:2AFEH         LINE#         690
  C:2AFEH         LINE#         691
  C:2B01H         LINE#         692
  C:2B01H         LINE#         693
  C:2B01H         LINE#         694
  C:2B04H         LINE#         696
  C:2B0FH         LINE#         698
  C:2B12H         LINE#         699
  C:2B12H         LINE#         700
  C:2B15H         LINE#         701
  C:2B15H         LINE#         702
  C:2B1FH         LINE#         703
  C:2B25H         LINE#         705
  C:2B30H         LINE#         706
  C:2B3BH         LINE#         707
  C:2B4CH         LINE#         709
  C:2B4EH         LINE#         710
  -------         ENDPROC       DISPGRAYHOR32
  -------         PROC          DISPSCALEHOR2
  -------         DO            
  D:005DH         SYMBOL        i
  D:005FH         SYMBOL        j
  D:0004H         SYMBOL        k
  -------         ENDDO         
BL51 BANKED LINKER/LOCATER V6.22                                                      03/10/2020  13:13:08  PAGE 31


  C:0D14H         LINE#         712
  C:0D14H         LINE#         713
  C:0D14H         LINE#         716
  C:0D14H         LINE#         718
  C:0D14H         LINE#         720
  C:0D17H         LINE#         723
  C:0D1AH         LINE#         724
  C:0D1AH         LINE#         725
  C:0D2FH         LINE#         726
  C:0D34H         LINE#         727
  C:0D34H         LINE#         728
  C:0D39H         LINE#         729
  C:0D39H         LINE#         730
  C:0D46H         LINE#         731
  C:0D49H         LINE#         733
  C:0D56H         LINE#         734
  C:0D67H         LINE#         736
  C:0D72H         LINE#         739
  C:0D75H         LINE#         740
  C:0D75H         LINE#         741
  C:0D7BH         LINE#         742
  C:0D7BH         LINE#         743
  C:0D80H         LINE#         744
  C:0D80H         LINE#         745
  C:0D8CH         LINE#         746
  C:0D8FH         LINE#         748
  C:0D9CH         LINE#         749
  C:0DA9H         LINE#         750
  C:0DBEH         LINE#         751
  C:0DC9H         LINE#         753
  C:0DCCH         LINE#         754
  C:0DCCH         LINE#         755
  C:0DE5H         LINE#         756
  C:0DEAH         LINE#         757
  C:0DEAH         LINE#         758
  C:0DEFH         LINE#         759
  C:0DEFH         LINE#         760
  C:0E00H         LINE#         761
  C:0E0DH         LINE#         762
  C:0E1DH         LINE#         763
  C:0E2EH         LINE#         764
  C:0E39H         LINE#         767
  C:0E3CH         LINE#         768
  C:0E3CH         LINE#         769
  C:0E42H         LINE#         770
  C:0E42H         LINE#         771
  C:0E47H         LINE#         772
  C:0E47H         LINE#         773
  C:0E57H         LINE#         774
  C:0E63H         LINE#         776
  C:0E73H         LINE#         777
  C:0E80H         LINE#         778
  C:0E99H         LINE#         779
  C:0EA4H         LINE#         783
  C:0EA7H         LINE#         784
  C:0EA7H         LINE#         785
  C:0EBCH         LINE#         786
BL51 BANKED LINKER/LOCATER V6.22                                                      03/10/2020  13:13:08  PAGE 32


  C:0EC1H         LINE#         787
  C:0EC1H         LINE#         788
  C:0EC6H         LINE#         789
  C:0EC6H         LINE#         790
  C:0ECBH         LINE#         791
  C:0ECDH         LINE#         793
  C:0ED9H         LINE#         794
  C:0EEAH         LINE#         796
  C:0EF5H         LINE#         799
  C:0EF8H         LINE#         800
  C:0EF8H         LINE#         801
  C:0EFEH         LINE#         802
  C:0EFEH         LINE#         803
  C:0F03H         LINE#         804
  C:0F03H         LINE#         805
  C:0F08H         LINE#         806
  C:0F0BH         LINE#         808
  C:0F17H         LINE#         809
  C:0F24H         LINE#         810
  C:0F39H         LINE#         811
  C:0F44H         LINE#         813
  C:0F46H         LINE#         814
  -------         ENDPROC       DISPSCALEHOR2
  -------         PROC          DISPSNOW
  -------         DO            
  D:0002H         SYMBOL        i
  D:0082H         SYMBOL        j
  D:0004H         SYMBOL        dat
  -------         ENDDO         
  C:2E18H         LINE#         816
  C:2E18H         LINE#         817
  C:2E18H         LINE#         821
  C:2E18H         LINE#         823
  C:2E18H         LINE#         825
  C:2E1BH         LINE#         828
  C:2E1EH         LINE#         830
  C:2E1EH         LINE#         831
  C:2E1EH         LINE#         832
  C:2E21H         LINE#         833
  C:2E21H         LINE#         834
  C:2E23H         LINE#         835
  C:2E26H         LINE#         836
  C:2E2CH         LINE#         837
  C:2E2FH         LINE#         838
  C:2E38H         LINE#         840
  C:2E3EH         LINE#         841
  C:2E49H         LINE#         843
  C:2E4BH         LINE#         844
  -------         ENDPROC       DISPSNOW
  -------         PROC          DISPBLOCK
  -------         DO            
  D:0004H         SYMBOL        i
  D:0082H         SYMBOL        j
  D:0071H         SYMBOL        k
  -------         ENDDO         
  C:209DH         LINE#         846
  C:209DH         LINE#         847
BL51 BANKED LINKER/LOCATER V6.22                                                      03/10/2020  13:13:08  PAGE 33


  C:209DH         LINE#         850
  C:20A3H         LINE#         852
  C:20A3H         LINE#         854
  C:20A3H         LINE#         856
  C:20A6H         LINE#         859
  C:20B2H         LINE#         860
  C:20B2H         LINE#         861
  C:20B7H         LINE#         862
  C:20B7H         LINE#         863
  C:20B7H         LINE#         864
  C:20B7H         LINE#         865
  C:20C2H         LINE#         866
  C:20C9H         LINE#         868
  C:20DCH         LINE#         869
  C:20DCH         LINE#         871
  C:20E1H         LINE#         872
  C:20E1H         LINE#         873
  C:20E1H         LINE#         874
  C:20E1H         LINE#         875
  C:20EAH         LINE#         877
  C:20EFH         LINE#         878
  C:20EFH         LINE#         879
  C:20EFH         LINE#         880
  C:20F2H         LINE#         881
  C:20FBH         LINE#         883
  C:2100H         LINE#         884
  C:2100H         LINE#         885
  C:2100H         LINE#         886
  C:2100H         LINE#         887
  C:2109H         LINE#         888
  C:2110H         LINE#         891
  C:211CH         LINE#         892
  C:211CH         LINE#         893
  C:2121H         LINE#         894
  C:2121H         LINE#         895
  C:2121H         LINE#         896
  C:2121H         LINE#         897
  C:212CH         LINE#         898
  C:2133H         LINE#         900
  C:2135H         LINE#         901
  -------         ENDPROC       DISPBLOCK
  -------         PROC          _WRITEONEDOT
  D:0004H         SYMBOL        color
  C:3077H         LINE#         905
  C:307BH         LINE#         906
  C:307BH         LINE#         908
  C:307DH         LINE#         910
  C:307FH         LINE#         912
  C:3081H         LINE#         913
  C:3084H         LINE#         916
  C:3086H         LINE#         917
  -------         ENDPROC       _WRITEONEDOT
  -------         PROC          _TOORD
  D:0007H         SYMBOL        ch
  C:29E8H         LINE#         921
  C:29E8H         LINE#         922
  C:29E8H         LINE#         923
BL51 BANKED LINKER/LOCATER V6.22                                                      03/10/2020  13:13:08  PAGE 34


  C:29EEH         LINE#         924
  C:29EEH         LINE#         925
  C:29F0H         LINE#         926
  C:29F2H         LINE#         927
  C:29FEH         LINE#         928
  C:29FEH         LINE#         929
  C:2A02H         LINE#         930
  C:2A04H         LINE#         931
  C:2A10H         LINE#         932
  C:2A10H         LINE#         933
  C:2A14H         LINE#         934
  C:2A16H         LINE#         935
  C:2A22H         LINE#         936
  C:2A22H         LINE#         937
  C:2A26H         LINE#         938
  C:2A28H         LINE#         939
  C:2A34H         LINE#         940
  C:2A34H         LINE#         941
  C:2A38H         LINE#         942
  C:2A3AH         LINE#         943
  C:2A40H         LINE#         944
  C:2A40H         LINE#         945
  C:2A42H         LINE#         946
  C:2A42H         LINE#         948
  C:2A42H         LINE#         949
  -------         ENDPROC       _TOORD
  -------         PROC          _DISPONECHAR
  D:001EH         SYMBOL        ord
  D:0006H         SYMBOL        Xstart
  D:0002H         SYMBOL        Ystart
  D:0023H         SYMBOL        TextColor
  D:0025H         SYMBOL        BackColor
  -------         DO            
  D:0027H         SYMBOL        i
  D:0002H         SYMBOL        j
  D:0028H         SYMBOL        p
  D:0003H         SYMBOL        dat
  D:0006H         SYMBOL        index
  -------         ENDDO         
  C:21C8H         LINE#         951
  C:21CEH         LINE#         952
  C:21CEH         LINE#         958
  C:21E5H         LINE#         960
  C:21E9H         LINE#         962
  C:21F2H         LINE#         963
  C:21F4H         LINE#         965
  C:2202H         LINE#         967
  C:220BH         LINE#         968
  C:2215H         LINE#         970
  C:2218H         LINE#         971
  C:2218H         LINE#         972
  C:222AH         LINE#         973
  C:222CH         LINE#         974
  C:222CH         LINE#         975
  C:2239H         LINE#         976
  C:2239H         LINE#         977
  C:223DH         LINE#         978
BL51 BANKED LINKER/LOCATER V6.22                                                      03/10/2020  13:13:08  PAGE 35


  C:223FH         LINE#         980
  C:223FH         LINE#         981
  C:2246H         LINE#         982
  C:2246H         LINE#         983
  C:224AH         LINE#         984
  C:2253H         LINE#         985
  -------         ENDPROC       _DISPONECHAR
  -------         PROC          _DISPSTR
  D:0013H         SYMBOL        str
  D:0016H         SYMBOL        Xstart
  D:0018H         SYMBOL        Ystart
  D:001AH         SYMBOL        TextColor
[...]
  C:100FH         LINE#         276
  C:1043H         LINE#         277
  C:1043H         LINE#         278
  C:1043H         LINE#         279
  C:1046H         LINE#         280
  C:1048H         LINE#         281
  C:1048H         LINE#         282
  C:104BH         LINE#         283
  C:104DH         LINE#         284
  C:104DH         LINE#         285
  C:1050H         LINE#         286
  C:1052H         LINE#         287
  C:1052H         LINE#         288
  C:1055H         LINE#         289
  C:1057H         LINE#         290
  C:1057H         LINE#         291
  C:105AH         LINE#         292
  C:105CH         LINE#         293
  C:105CH         LINE#         294
  C:105FH         LINE#         295
  C:1061H         LINE#         296
  C:1061H         LINE#         297
  C:1064H         LINE#         298
  C:1066H         LINE#         299
  C:1066H         LINE#         300
  C:1069H         LINE#         301
  C:106BH         LINE#         302
  C:106BH         LINE#         303
  C:106EH         LINE#         304
BL51 BANKED LINKER/LOCATER V6.22                                                      03/10/2020  13:13:08  PAGE 43


  C:1070H         LINE#         305
  C:1070H         LINE#         306
  C:1073H         LINE#         307
  C:1075H         LINE#         308
  C:1075H         LINE#         309
  C:1078H         LINE#         310
  C:1078H         LINE#         311
  C:1078H         LINE#         312
  C:1078H         LINE#         313
  C:1078H         LINE#         314
  C:1083H         LINE#         315
  C:1083H         LINE#         316
  C:1089H         LINE#         317
  C:1098H         LINE#         318
  C:1098H         LINE#         319
  C:109DH         LINE#         320
  C:10A0H         LINE#         321
  C:10AFH         LINE#         322
  C:10AFH         LINE#         323
  C:10C4H         LINE#         324
  C:10C9H         LINE#         325
  C:10D1H         LINE#         326
  C:10DBH         LINE#         327
  C:10E9H         LINE#         328
  C:10F7H         LINE#         329
  C:10F9H         LINE#         331
  C:10F9H         LINE#         332
  C:10FEH         LINE#         333
  C:1101H         LINE#         334
  C:1119H         LINE#         335
  C:1119H         LINE#         336
  C:1132H         LINE#         337
  C:1137H         LINE#         338
  C:113FH         LINE#         339
  C:1146H         LINE#         340
  C:114BH         LINE#         341
  C:114BH         LINE#         342
  C:115FH         LINE#         343
  C:115FH         LINE#         344
  C:1166H         LINE#         345
  C:116BH         LINE#         346
  C:116BH         LINE#         347
  C:1179H         LINE#         348
  C:1179H         LINE#         349
  -------         ENDPROC       USBXCORE_HANDLE_SETUP
  -------         PROC          USBXCORE_FORCE_STALL
  C:2FA0H         LINE#         356
  C:2FA0H         LINE#         358
  C:2FABH         LINE#         359
  C:2FB6H         LINE#         360
  C:2FBCH         LINE#         361
  -------         ENDPROC       USBXCORE_FORCE_STALL
  -------         PROC          USBXCORE_GET_STATUS
  C:255FH         LINE#         367
  C:255FH         LINE#         369
  C:256EH         LINE#         370
  C:256EH         LINE#         371
BL51 BANKED LINKER/LOCATER V6.22                                                      03/10/2020  13:13:08  PAGE 44


  C:256EH         LINE#         372
  C:256EH         LINE#         373
  C:256EH         LINE#         374
  C:2570H         LINE#         375
  C:2570H         LINE#         379
  C:2570H         LINE#         381
  C:257EH         LINE#         385
  C:257EH         LINE#         386
  C:257EH         LINE#         387
  C:257EH         LINE#         388
  C:2580H         LINE#         390
  C:2580H         LINE#         392
  C:258EH         LINE#         396
  C:258EH         LINE#         397
  C:259BH         LINE#         398
  C:259BH         LINE#         399
  C:259DH         LINE#         401
  C:259DH         LINE#         402
  C:25ABH         LINE#         403
  C:25B4H         LINE#         404
  C:25B4H         LINE#         405
  C:25B4H         LINE#         406
  C:25B6H         LINE#         407
  C:25B6H         LINE#         408
  C:25B9H         LINE#         409
  C:25B9H         LINE#         410
  C:25B9H         LINE#         411
  C:25C1H         LINE#         412
  C:25C1H         LINE#         413
  C:25C4H         LINE#         414
  C:25CAH         LINE#         415
  C:25D1H         LINE#         416
  C:25D1H         LINE#         417
  -------         ENDPROC       USBXCORE_GET_STATUS
  -------         PROC          USBXCORE_CLEAR_FEATURE
  C:2B4FH         LINE#         423
  C:2B4FH         LINE#         425
  C:2B55H         LINE#         426
  C:2B55H         LINE#         428
  C:2B5CH         LINE#         429
  C:2B5CH         LINE#         430
  C:2B67H         LINE#         436
  C:2B72H         LINE#         437
  C:2B77H         LINE#         438
  C:2B79H         LINE#         440
  C:2B79H         LINE#         442
  C:2B84H         LINE#         446
  C:2B8FH         LINE#         447
  C:2B94H         LINE#         448
  C:2B94H         LINE#         449
  C:2B96H         LINE#         451
  C:2B96H         LINE#         452
  C:2B99H         LINE#         453
  C:2B99H         LINE#         454
  C:2BA4H         LINE#         455
  -------         ENDPROC       USBXCORE_CLEAR_FEATURE
  -------         PROC          USBXCORE_VENDOR_USB_API
BL51 BANKED LINKER/LOCATER V6.22                                                      03/10/2020  13:13:08  PAGE 45


  C:1B96H         LINE#         462
  C:1B96H         LINE#         464
  C:1BA0H         LINE#         465
  C:1BA0H         LINE#         466
  C:1BA7H         LINE#         467
  C:1BA7H         LINE#         468
  C:1BAAH         LINE#         469
  C:1BADH         LINE#         470
  C:1BAFH         LINE#         472
  C:1BAFH         LINE#         473
  C:1BB6H         LINE#         474
  C:1BB6H         LINE#         477
  C:1BC1H         LINE#         482
  C:1BCCH         LINE#         483
  C:1BD7H         LINE#         485
  C:1BD7H         LINE#         486
  C:1BEAH         LINE#         487
  C:1BEAH         LINE#         488
  C:1BEEH         LINE#         489
  C:1BF9H         LINE#         491
  C:1BF9H         LINE#         492
  C:1C0CH         LINE#         493
  C:1C0CH         LINE#         494
  C:1C10H         LINE#         495
  C:1C1BH         LINE#         497
  C:1C21H         LINE#         498
  C:1C29H         LINE#         499
  C:1C29H         LINE#         500
  C:1C2CH         LINE#         501
  C:1C2CH         LINE#         502
  C:1C2CH         LINE#         503
  C:1C37H         LINE#         504
  C:1C37H         LINE#         505
  C:1C3DH         LINE#         506
  C:1C44H         LINE#         507
  C:1C44H         LINE#         508
  C:1C48H         LINE#         509
  C:1C48H         LINE#         510
  C:1C4EH         LINE#         511
  C:1C55H         LINE#         512
  C:1C55H         LINE#         513
  C:1C60H         LINE#         514
  -------         ENDPROC       USBXCORE_VENDOR_USB_API
  -------         PROC          USBXCORE_SET_FEATURE
  C:2BA7H         LINE#         521
  C:2BA7H         LINE#         523
  C:2BADH         LINE#         524
  C:2BADH         LINE#         526
  C:2BB4H         LINE#         527
  C:2BB4H         LINE#         528
  C:2BBFH         LINE#         534
  C:2BCAH         LINE#         535
  C:2BCDH         LINE#         536
  C:2BCFH         LINE#         538
  C:2BCFH         LINE#         540
  C:2BDAH         LINE#         544
  C:2BE5H         LINE#         545
BL51 BANKED LINKER/LOCATER V6.22                                                      03/10/2020  13:13:08  PAGE 46


  C:2BEBH         LINE#         546
  C:2BEBH         LINE#         548
  C:2BEDH         LINE#         550
  C:2BEDH         LINE#         551
  C:2BF0H         LINE#         552
  C:2BF0H         LINE#         553
  C:2BFBH         LINE#         554
  -------         ENDPROC       USBXCORE_SET_FEATURE
  -------         PROC          USBXCORE_SET_ADDRESS
  C:2F61H         LINE#         561
  C:2F61H         LINE#         563
  C:2F70H         LINE#         564
  C:2F76H         LINE#         565
  C:2F76H         LINE#         566
  C:2F79H         LINE#         567
  C:2F7BH         LINE#         569
  C:2F7BH         LINE#         570
  C:2F7EH         LINE#         571
  C:2F7EH         LINE#         572
  -------         ENDPROC       USBXCORE_SET_ADDRESS
  -------         PROC          USBXCORE_GET_DESCRIPTOR
  C:1E9BH         LINE#         579
  C:1E9BH         LINE#         580
  C:1EAAH         LINE#         581
  C:1EAAH         LINE#         582
  C:1EAAH         LINE#         583
  C:1EB8H         LINE#         584
  C:1EBCH         LINE#         585
  C:1EBEH         LINE#         586
  C:1EBEH         LINE#         587
  C:1ECCH         LINE#         588
  C:1EDFH         LINE#         589
  C:1EE1H         LINE#         590
  C:1EE1H         LINE#         591
  C:1F05H         LINE#         592
  C:1F11H         LINE#         593
  C:1F13H         LINE#         594
  C:1F13H         LINE#         595
  C:1F16H         LINE#         596
  C:1F16H         LINE#         597
  C:1F16H         LINE#         598
  C:1F2CH         LINE#         599
  C:1F2CH         LINE#         600
  C:1F34H         LINE#         601
  C:1F34H         LINE#         602
  C:1F3CH         LINE#         603
  C:1F3CH         LINE#         604
  C:1F3FH         LINE#         605
  C:1F45H         LINE#         606
  C:1F4CH         LINE#         607
  C:1F4CH         LINE#         608
  -------         ENDPROC       USBXCORE_GET_DESCRIPTOR
  -------         PROC          USBXCORE_GET_CONFIGURATION
  C:2D31H         LINE#         614
  C:2D31H         LINE#         616
  C:2D39H         LINE#         617
  C:2D39H         LINE#         618
BL51 BANKED LINKER/LOCATER V6.22                                                      03/10/2020  13:13:08  PAGE 47


  C:2D45H         LINE#         619
  C:2D4DH         LINE#         620
  C:2D4DH         LINE#         621
  C:2D51H         LINE#         622
  C:2D51H         LINE#         623
  C:2D5FH         LINE#         624
  C:2D67H         LINE#         625
  C:2D67H         LINE#         626
  C:2D6AH         LINE#         627
  C:2D70H         LINE#         628
  C:2D77H         LINE#         629
  -------         ENDPROC       USBXCORE_GET_CONFIGURATION
  -------         PROC          USBXCORE_SET_CONFIGURATION
  C:2A43H         LINE#         635
  C:2A43H         LINE#         637
  C:2A4CH         LINE#         638
  C:2A4CH         LINE#         639
  C:2A53H         LINE#         640
  C:2A59H         LINE#         641
  C:2A5EH         LINE#         642
  C:2A60H         LINE#         644
  C:2A6BH         LINE#         645
  C:2A76H         LINE#         646
  C:2A81H         LINE#         653
  C:2A8CH         LINE#         654
  C:2A8EH         LINE#         656
  C:2A8EH         LINE#         657
  C:2A94H         LINE#         658
  C:2A98H         LINE#         659
  C:2A9AH         LINE#         660
  C:2A9AH         LINE#         661
  -------         ENDPROC       USBXCORE_SET_CONFIGURATION
  -------         PROC          USBXCORE_GET_INTERFACE
  C:2EF2H         LINE#         668
  C:2EF2H         LINE#         670
  C:2F00H         LINE#         671
  C:2F08H         LINE#         672
  C:2F0BH         LINE#         673
  C:2F11H         LINE#         674
  C:2F18H         LINE#         675
  -------         ENDPROC       USBXCORE_GET_INTERFACE
  -------         PROC          USBXCORE_SET_SOP
  C:301AH         LINE#         682
  C:301AH         LINE#         684
  C:3022H         LINE#         685
  C:3022H         LINE#         686
  C:302DH         LINE#         687
  C:302DH         LINE#         688
  -------         ENDPROC       USBXCORE_SET_SOP
  -------         PROC          USBXCORE_USB_ISR
  C:12E5H         LINE#         699
  C:1302H         LINE#         702
  C:1308H         LINE#         703
  C:131BH         LINE#         706
  C:132EH         LINE#         709
  C:1332H         LINE#         710
  C:1332H         LINE#         711
BL51 BANKED LINKER/LOCATER V6.22                                                      03/10/2020  13:13:08  PAGE 48


  C:133DH         LINE#         712
  C:133DH         LINE#         714
  C:1344H         LINE#         715
  C:1344H         LINE#         716
  C:1347H         LINE#         717
  C:1347H         LINE#         719
  C:134EH         LINE#         720
  C:134EH         LINE#         721
  C:135BH         LINE#         722
  C:135BH         LINE#         723
  C:1362H         LINE#         724
  C:1362H         LINE#         725
  C:1362H         LINE#         727
  C:1362H         LINE#         728
  C:1362H         LINE#         730
  C:1362H         LINE#         732
  C:1375H         LINE#         734
  C:1379H         LINE#         735
  C:1379H         LINE#         736
  C:137CH         LINE#         737
  C:137CH         LINE#         740
  C:1383H         LINE#         741
  C:1383H         LINE#         742
  C:138EH         LINE#         748
  C:13A1H         LINE#         749
  C:13A6H         LINE#         750
  C:13A6H         LINE#         751
  C:13ADH         LINE#         752
  C:13ADH         LINE#         754
  C:13ADH         LINE#         756
  C:13C0H         LINE#         759
  C:13C4H         LINE#         760
  C:13C4H         LINE#         761
  C:13CFH         LINE#         767
  C:13E2H         LINE#         768
  C:13E6H         LINE#         769
  C:13E6H         LINE#         770
  C:13EDH         LINE#         771
  C:13EDH         LINE#         772
  C:13EDH         LINE#         775
  C:13FBH         LINE#         776
  C:1400H         LINE#         777
  C:1406H         LINE#         778
  C:140BH         LINE#         781
  C:1418H         LINE#         782
  C:1418H         LINE#         783
  C:141BH         LINE#         784
  C:141BH         LINE#         785
  -------         ENDPROC       USBXCORE_USB_ISR
  -------         ENDMOD        USB_API

  -------         MODULE        USB_SUSPEND
  C:0000H         SYMBOL        _ICE_DUMMY_
  D:00D7H         PUBLIC        USB0XCN
  D:00C9H         PUBLIC        REG0CN
  C:2E77H         PUBLIC        USB_Suspend
  D:00A9H         PUBLIC        CLKSEL
BL51 BANKED LINKER/LOCATER V6.22                                                      03/10/2020  13:13:08  PAGE 49


  D:00B2H         PUBLIC        OSCICN
  D:00B9H         PUBLIC        CLKMUL
  -------         PROC          USB_SUSPEND
  C:2E77H         LINE#         70
  C:2E77H         LINE#         72
  C:2E7AH         LINE#         74
  C:2E7DH         LINE#         76
  C:2E85H         LINE#         79
  C:2E88H         LINE#         80
  C:2E8BH         LINE#         81
  C:2E8EH         LINE#         82
  C:2E91H         LINE#         84
  C:2E92H         LINE#         86
  C:2E95H         LINE#         88
  C:2E9BH         LINE#         92
  C:2E9EH         LINE#         94
  C:2EA1H         LINE#         95
  -------         ENDPROC       USB_SUSPEND
  -------         ENDMOD        USB_SUSPEND

  -------         MODULE        USB_INT_ENABLE
  C:0000H         SYMBOL        _ICE_DUMMY_
  C:2FBDH         PUBLIC        USB_Int_Enable
  D:0096H         PUBLIC        USB0ADR
  D:0097H         PUBLIC        USB0DAT
  -------         PROC          USB_INT_ENABLE
  C:2FBDH         LINE#         68
  C:2FBDH         LINE#         71
  C:2FC4H         LINE#         73
  C:2FCAH         LINE#         74
  C:2FCAH         LINE#         75
  C:2FD5H         LINE#         77
  C:2FD5H         LINE#         78
  -------         ENDPROC       USB_INT_ENABLE
  -------         ENDMOD        USB_INT_ENABLE

  -------         MODULE        USB_CLOCK_RECOVERY
  C:0000H         SYMBOL        _ICE_DUMMY_
  C:3095H         PUBLIC        USBXcore_ClkRec
  D:0096H         PUBLIC        USB0ADR
  D:0097H         PUBLIC        USB0DAT
  -------         PROC          USBXCORE_CLKREC
  C:3095H         LINE#         45
  C:3095H         LINE#         47
  C:30A0H         LINE#         48
  -------         ENDPROC       USBXCORE_CLKREC
  -------         ENDMOD        USB_CLOCK_RECOVERY

  -------         MODULE        ?C?COPY
  C:0ACFH         PUBLIC        ?C?COPY
  -------         ENDMOD        ?C?COPY

  -------         MODULE        ?C?CLDPTR
  C:0AF5H         PUBLIC        ?C?CLDPTR
  -------         ENDMOD        ?C?CLDPTR

  -------         MODULE        ?C?CLDOPTR
BL51 BANKED LINKER/LOCATER V6.22                                                      03/10/2020  13:13:08  PAGE 50


  C:0B0EH         PUBLIC        ?C?CLDOPTR
  -------         ENDMOD        ?C?CLDOPTR

  -------         MODULE        ?C?IMUL
  C:0B3BH         PUBLIC        ?C?IMUL
  -------         ENDMOD        ?C?IMUL

  -------         MODULE        ?C?IILDX
  C:0B4DH         PUBLIC        ?C?IILDX
  -------         ENDMOD        ?C?IILDX

  -------         MODULE        ?C?LMUL
  C:0B63H         PUBLIC        ?C?LMUL
  -------         ENDMOD        ?C?LMUL

  -------         MODULE        ?C?ULDIV
  C:0BEEH         PUBLIC        ?C?ULDIV
  -------         ENDMOD        ?C?ULDIV

  -------         MODULE        ?C?ULCMP
  C:0C80H         PUBLIC        ?C?ULCMP
  -------         ENDMOD        ?C?ULCMP

  -------         MODULE        ?C?ULSHR
  C:0C91H         PUBLIC        ?C?ULSHR
  -------         ENDMOD        ?C?ULSHR

  -------         MODULE        ?C?LSHL
  C:0CA4H         PUBLIC        ?C?LSHL
  -------         ENDMOD        ?C?LSHL

  -------         MODULE        ?C?LLDIIDATA
  C:0CC0H         PUBLIC        ?C?LLDIIDATA
  C:0CB7H         PUBLIC        ?C?LLDIIDATA1
  C:0CB9H         PUBLIC        ?C?LLDIIDATA8
  -------         ENDMOD        ?C?LLDIIDATA

  -------         MODULE        ?C?LSTXDATA
  C:0CD7H         PUBLIC        ?C?LSTXDATA
  -------         ENDMOD        ?C?LSTXDATA

  -------         MODULE        ?C?LSTKXDATA
  C:0CE3H         PUBLIC        ?C?LSTKXDATA
  -------         ENDMOD        ?C?LSTKXDATA

  -------         MODULE        ?C_IBP
  D:0075H         PUBLIC        ?C_IBP
  -------         ENDMOD        ?C_IBP

*** WARNING L16: UNCALLED SEGMENT, IGNORED FOR OVERLAY PROCESS
    SEGMENT: ?PR?DISPBAND?LCD

*** WARNING L16: UNCALLED SEGMENT, IGNORED FOR OVERLAY PROCESS
    SEGMENT: ?PR?DISPFRAME?LCD

*** WARNING L16: UNCALLED SEGMENT, IGNORED FOR OVERLAY PROCESS
    SEGMENT: ?PR?DISPSCALEHOR1?LCD
BL51 BANKED LINKER/LOCATER V6.22                                                      03/10/2020  13:13:08  PAGE 51



*** WARNING L16: UNCALLED SEGMENT, IGNORED FOR OVERLAY PROCESS
    SEGMENT: ?PR?DISPSCALEVER?LCD

*** WARNING L16: UNCALLED SEGMENT, IGNORED FOR OVERLAY PROCESS
    SEGMENT: ?PR?DISPSCALEVER_RED?LCD

*** WARNING L16: UNCALLED SEGMENT, IGNORED FOR OVERLAY PROCESS
    SEGMENT: ?PR?DISPSCALEVER_GREEN?LCD

*** WARNING L16: UNCALLED SEGMENT, IGNORED FOR OVERLAY PROCESS
    SEGMENT: ?PR?DISPSCALEVER_BLUE?LCD

*** WARNING L16: UNCALLED SEGMENT, IGNORED FOR OVERLAY PROCESS
    SEGMENT: ?PR?DISPSCALEVER_GRAY?LCD

*** WARNING L16: UNCALLED SEGMENT, IGNORED FOR OVERLAY PROCESS
    SEGMENT: ?PR?DISPGRAYHOR16?LCD

*** WARNING L16: UNCALLED SEGMENT, IGNORED FOR OVERLAY PROCESS
    SEGMENT: ?PR?DISPGRAYHOR32?LCD

*** WARNING L16: UNCALLED SEGMENT, IGNORED FOR OVERLAY PROCESS
    SEGMENT: ?PR?DISPSCALEHOR2?LCD

*** WARNING L16: UNCALLED SEGMENT, IGNORED FOR OVERLAY PROCESS
    SEGMENT: ?PR?DISPSNOW?LCD

*** WARNING L16: UNCALLED SEGMENT, IGNORED FOR OVERLAY PROCESS
    SEGMENT: ?PR?DISPBLOCK?LCD

*** WARNING L16: UNCALLED SEGMENT, IGNORED FOR OVERLAY PROCESS
    SEGMENT: ?PR?TP_DRAWLINE?TP

Program Size: data=119.0 xdata=1152 code=12470
LINK/LOCATE RUN COMPLETE.  14 WARNING(S),  0 ERROR(S)
