Archive member included to satisfy reference by file (symbol)

app/libapp.a(main.c.obj)      (--whole-archive)
app/libapp.a(bma_sensor.c.obj)
                              (--whole-archive)
app/libapp.a(bma4.c.obj)      (--whole-archive)
app/libapp.a(bma456.c.obj)    (--whole-archive)
app/libapp.a(max30102.c.obj)  (--whole-archive)
app/libapp.a(latchSensor.c.obj)
                              (--whole-archive)
app/libapp.a(max30208.c.obj)  (--whole-archive)
app/libapp.a(lightSensor.c.obj)
                              (--whole-archive)
app/libapp.a(algorithm.c.obj)
                              (--whole-archive)
app/libapp.a(display.c.obj)   (--whole-archive)
app/libapp.a(lcd.c.obj)       (--whole-archive)
app/libapp.a(digitalPins.c.obj)
                              (--whole-archive)
zephyr/libzephyr.a(crc32_sw.c.obj)
                              (--whole-archive)
zephyr/libzephyr.a(crc16_sw.c.obj)
                              (--whole-archive)
zephyr/libzephyr.a(crc8_sw.c.obj)
                              (--whole-archive)
zephyr/libzephyr.a(crc7_sw.c.obj)
                              (--whole-archive)
zephyr/libzephyr.a(dec.c.obj)
                              (--whole-archive)
zephyr/libzephyr.a(fdtable.c.obj)
                              (--whole-archive)
zephyr/libzephyr.a(hex.c.obj)
                              (--whole-archive)
zephyr/libzephyr.a(mempool.c.obj)
                              (--whole-archive)
zephyr/libzephyr.a(notify.c.obj)
                              (--whole-archive)
zephyr/libzephyr.a(printk.c.obj)
                              (--whole-archive)
zephyr/libzephyr.a(onoff.c.obj)
                              (--whole-archive)
zephyr/libzephyr.a(rb.c.obj)  (--whole-archive)
zephyr/libzephyr.a(sem.c.obj)
                              (--whole-archive)
zephyr/libzephyr.a(thread_entry.c.obj)
                              (--whole-archive)
zephyr/libzephyr.a(timeutil.c.obj)
                              (--whole-archive)
zephyr/libzephyr.a(work_q.c.obj)
                              (--whole-archive)
zephyr/libzephyr.a(heap.c.obj)
                              (--whole-archive)
zephyr/libzephyr.a(heap-validate.c.obj)
                              (--whole-archive)
zephyr/libzephyr.a(configs.c.obj)
                              (--whole-archive)
zephyr/libzephyr.a(validate_base_addresses.c.obj)
                              (--whole-archive)
zephyr/libzephyr.a(validate_enabled_instances.c.obj)
                              (--whole-archive)
zephyr/libzephyr.a(power.c.obj)
                              (--whole-archive)
zephyr/libzephyr.a(policy_residency.c.obj)
                              (--whole-archive)
zephyr/libzephyr.a(uart_console.c.obj)
                              (--whole-archive)
zephyr/libzephyr.a(nrf_power_clock.c.obj)
                              (--whole-archive)
zephyr/libzephyr.a(sys_clock_init.c.obj)
                              (--whole-archive)
zephyr/libzephyr.a(nrf_rtc_timer.c.obj)
                              (--whole-archive)
zephyr/libzephyr.a(SEGGER_RTT.c.obj)
                              (--whole-archive)
zephyr/libzephyr.a(SEGGER_RTT_zephyr.c.obj)
                              (--whole-archive)
zephyr/arch/common/libarch__common.a(isr_tables.c.obj)
                              (--whole-archive)
zephyr/arch/common/libarch__common.a(sw_isr_common.c.obj)
                              (--whole-archive)
zephyr/arch/arch/arm/core/aarch32/libarch__arm__core__aarch32.a(swap.c.obj)
                              (--whole-archive)
zephyr/arch/arch/arm/core/aarch32/libarch__arm__core__aarch32.a(irq_manage.c.obj)
                              (--whole-archive)
zephyr/arch/arch/arm/core/aarch32/libarch__arm__core__aarch32.a(thread.c.obj)
                              (--whole-archive)
zephyr/arch/arch/arm/core/aarch32/libarch__arm__core__aarch32.a(fatal.c.obj)
                              (--whole-archive)
zephyr/arch/arch/arm/core/aarch32/libarch__arm__core__aarch32.a(nmi.c.obj)
                              (--whole-archive)
zephyr/arch/arch/arm/core/aarch32/libarch__arm__core__aarch32.a(prep_c.c.obj)
                              (--whole-archive)
zephyr/arch/arch/arm/core/aarch32/libarch__arm__core__aarch32.a(swap_helper.S.obj)
                              (--whole-archive)
zephyr/arch/arch/arm/core/aarch32/libarch__arm__core__aarch32.a(cpu_idle.S.obj)
                              (--whole-archive)
zephyr/arch/arch/arm/core/aarch32/libarch__arm__core__aarch32.a(nmi_on_reset.S.obj)
                              (--whole-archive)
zephyr/arch/arch/arm/core/aarch32/libarch__arm__core__aarch32.a(isr_wrapper.S.obj)
                              (--whole-archive)
zephyr/arch/arch/arm/core/aarch32/cortex_m/libarch__arm__core__aarch32__cortex_m.a(vector_table.S.obj)
                              (--whole-archive)
zephyr/arch/arch/arm/core/aarch32/cortex_m/libarch__arm__core__aarch32__cortex_m.a(reset.S.obj)
                              (--whole-archive)
[...]
Memory Configuration

Name             Origin             Length             Attributes
FLASH            0x00000000         0x00080000         xr
SRAM             0x20000000         0x00010000         xw
IDT_LIST         0x20010000         0x00000800         xw
*default*        0x00000000         0xffffffff

Linker script and memory map

LOAD zephyr/CMakeFiles/zephyr_prebuilt.dir/misc/empty_file.c.obj
                0x00000020                _region_min_align = 0x20

.rel.plt        0x00000000        0x0
 *(SORT_BY_ALIGNMENT(.rel.plt))
                [!provide]                PROVIDE (__rel_iplt_start = .)
 *(SORT_BY_ALIGNMENT(.rel.iplt))
 .rel.iplt      0x00000000        0x0 app/libapp.a(main.c.obj)
                [!provide]                PROVIDE (__rel_iplt_end = .)

.rela.plt       0x00000000        0x0
 *(SORT_BY_ALIGNMENT(.rela.plt))
                [!provide]                PROVIDE (__rela_iplt_start = .)
 *(SORT_BY_ALIGNMENT(.rela.iplt))
                [!provide]                PROVIDE (__rela_iplt_end = .)

.rel.dyn
 *(SORT_BY_ALIGNMENT(.rel.*))

.rela.dyn
 *(SORT_BY_ALIGNMENT(.rela.*))

/DISCARD/
 *(SORT_BY_ALIGNMENT(.plt))
 *(SORT_BY_ALIGNMENT(.iplt))
 *(SORT_BY_ALIGNMENT(.got.plt))
 *(SORT_BY_ALIGNMENT(.igot.plt))
 *(SORT_BY_ALIGNMENT(.got))
 *(SORT_BY_ALIGNMENT(.igot))
 *(SORT_BY_ALIGNMENT(.note.GNU-stack))
                0x00000000                _image_rom_start = 0x0

rom_start       0x00000000       0xdc
                0x00000000                . = 0x0
                0x00000000                . = ALIGN (0x4)
                0x00000000                _vector_start = .
 *(SORT_BY_ALIGNMENT(.exc_vector_table))
 *(SORT_BY_ALIGNMENT(.exc_vector_table.*))
 .exc_vector_table._vector_table_section
                0x00000000       0x40 zephyr/arch/arch/arm/core/aarch32/cortex_m/libarch__arm__core__aarch32__cortex_m.a(vector_table.S.obj)
                0x00000000                _vector_table
 *(SORT_BY_ALIGNMENT(.gnu.linkonce.irq_vector_table))
 .gnu.linkonce.irq_vector_table
                0x00000040       0x9c zephyr/arch/common/libarch__common.a(isr_tables.c.obj)
                0x00000040                _irq_vector_table
 *(SORT_BY_ALIGNMENT(.vectors))
                0x000000dc                _vector_end = .
 *(SORT_BY_ALIGNMENT(.openocd_dbg))
 *(SORT_BY_ALIGNMENT(.openocd_dbg.*))

text            0x000000e0     0x7dba
                0x000000e0                _image_text_start = .
 *(SORT_BY_ALIGNMENT(.text))
 .text          0x000000e0      0x254 c:/users/iot/ncs/v1.3.0/toolchain/opt/bin/../lib/gcc/arm-none-eabi/9.2.1/thumb/v7e-m/nofp\libgcc.a(_arm_muldf3.o)
                0x000000e0                __muldf3
                0x000000e0                __aeabi_dmul
 .text          0x00000334      0x378 c:/users/iot/ncs/v1.3.0/toolchain/opt/bin/../lib/gcc/arm-none-eabi/9.2.1/thumb/v7e-m/nofp\libgcc.a(_arm_addsubdf3.o)
                0x00000334                __aeabi_drsub
                0x0000033c                __aeabi_dsub
                0x0000033c                __subdf3
                0x00000340                __aeabi_dadd
                0x00000340                __adddf3
                0x000005b8                __floatunsidf
                0x000005b8                __aeabi_ui2d
                0x000005d8                __floatsidf
                0x000005d8                __aeabi_i2d
                0x000005fc                __aeabi_f2d
                0x000005fc                __extendsfdf2
                0x00000640                __floatundidf
                0x00000640                __aeabi_ul2d
                0x00000650                __floatdidf
                0x00000650                __aeabi_l2d
 .text          0x000006ac       0x50 c:/users/iot/ncs/v1.3.0/toolchain/opt/bin/../lib/gcc/arm-none-eabi/9.2.1/thumb/v7e-m/nofp\libgcc.a(_arm_fixdfsi.o)
                0x000006ac                __aeabi_d2iz
                0x000006ac                __fixdfsi
 .text          0x000006fc       0xa0 c:/users/iot/ncs/v1.3.0/toolchain/opt/bin/../lib/gcc/arm-none-eabi/9.2.1/thumb/v7e-m/nofp\libgcc.a(_arm_truncdfsf2.o)
                0x000006fc                __truncdfsf2
                0x000006fc                __aeabi_d2f
 .text          0x0000079c      0x21c c:/users/iot/ncs/v1.3.0/toolchain/opt/bin/../lib/gcc/arm-none-eabi/9.2.1/thumb/v7e-m/nofp\libgcc.a(_arm_addsubsf3.o)
                0x0000079c                __aeabi_frsub
                0x000007a4                __subsf3
                0x000007a4                __aeabi_fsub
                0x000007a8                __aeabi_fadd
                0x000007a8                __addsf3
                0x00000908                __aeabi_ui2f
                0x00000908                __floatunsisf
                0x00000910                __aeabi_i2f
                0x00000910                __floatsisf
                0x0000092c                __aeabi_ul2f
                0x0000092c                __floatundisf
                0x0000093c                __aeabi_l2f
                0x0000093c                __floatdisf
 .text          0x000009b8      0x2a0 c:/users/iot/ncs/v1.3.0/toolchain/opt/bin/../lib/gcc/arm-none-eabi/9.2.1/thumb/v7e-m/nofp\libgcc.a(_arm_muldivsf3.o)
                0x000009b8                __mulsf3
                0x000009b8                __aeabi_fmul
                0x00000b20                __aeabi_fdiv
                0x00000b20                __divsf3
 .text          0x00000c58       0x30 c:/users/iot/ncs/v1.3.0/toolchain/opt/bin/../lib/gcc/arm-none-eabi/9.2.1/thumb/v7e-m/nofp\libgcc.a(_aeabi_uldivmod.o)
                0x00000c58                __aeabi_uldivmod
 .text          0x00000c88      0x2c0 c:/users/iot/ncs/v1.3.0/toolchain/opt/bin/../lib/gcc/arm-none-eabi/9.2.1/thumb/v7e-m/nofp\libgcc.a(_udivmoddi4.o)
                0x00000c88                __udivmoddi4
 .text          0x00000f48        0x4 c:/users/iot/ncs/v1.3.0/toolchain/opt/bin/../lib/gcc/arm-none-eabi/9.2.1/thumb/v7e-m/nofp\libgcc.a(_dvmd_tls.o)
                0x00000f48                __aeabi_idiv0
                0x00000f48                __aeabi_ldiv0
 *(SORT_BY_ALIGNMENT(.text.*))
 *fill*         0x00000f4c        0x4 
 .text.brightness_task
                0x00000f50       0x88 app/libapp.a(main.c.obj)
                0x00000f50                brightness_task
 .text.max30208_read_temp
                0x00000fd8       0x40 app/libapp.a(max30208.c.obj)
                0x00000fd8                max30208_read_temp
 .text.AnalogRead
                0x00001018       0xd0 app/libapp.a(lightSensor.c.obj)
                0x00001018                AnalogRead
 .text.sensors_read_task
                0x000010e8       0xa0 app/libapp.a(main.c.obj)
                0x000010e8                sensors_read_task
 .text.latch_sensor_task
                0x00001188       0x20 app/libapp.a(main.c.obj)
                0x00001188                latch_sensor_task
 .text.vibration_task
                0x000011a8       0x20 app/libapp.a(main.c.obj)
                0x000011a8                vibration_task
 .text.buzzer_task
                0x000011c8       0x1c app/libapp.a(main.c.obj)
                0x000011c8                buzzer_task
 .text.main     0x000011e4       0x44 app/libapp.a(main.c.obj)
                0x000011e4                main
 .text.refresh_display
                0x00001228       0x20 app/libapp.a(main.c.obj)
                0x00001228                refresh_display
 .text.display_task
                0x00001248      0x27c app/libapp.a(main.c.obj)
                0x00001248                display_task
 .text.bma_i2c_write
                0x000014c4       0x44 app/libapp.a(bma_sensor.c.obj)
 .text.bma_i2c_read
                0x00001508       0x44 app/libapp.a(bma_sensor.c.obj)
 .text.initialize_bma
                0x0000154c       0xb4 app/libapp.a(bma_sensor.c.obj)
                0x0000154c                initialize_bma
 .text.stepCounterEnable
                0x00001600      0x114 app/libapp.a(bma_sensor.c.obj)
                0x00001600                stepCounterEnable
 .text.getStepCounterOutput
                0x00001714       0x3c app/libapp.a(bma_sensor.c.obj)
                0x00001714                getStepCounterOutput
 .text.bma4_write_config_file
                0x00001750      0x154 app/libapp.a(bma4.c.obj)
                0x00001750                bma4_write_config_file
 .text.bma4_map_interrupt
                0x000018a4       0x90 app/libapp.a(bma4.c.obj)
                0x000018a4                bma4_map_interrupt
 .text.bma456_write_config_file
                0x00001934       0x40 app/libapp.a(bma456.c.obj)
                0x00001934                bma456_write_config_file
 .text.max30102_i2c_write.isra.0
                0x00001974       0x38 app/libapp.a(max30102.c.obj)
 .text.max30102_i2c_read.isra.0
                0x000019ac       0x44 app/libapp.a(max30102.c.obj)
 .text.max30102_reset
                0x000019f0       0x28 app/libapp.a(max30102.c.obj)
                0x000019f0                max30102_reset
 .text.init_max30102
                0x00001a18       0x50 app/libapp.a(max30102.c.obj)
                0x00001a18                init_max30102
 .text.max30102_read_fifo
                0x00001a68       0xbc app/libapp.a(max30102.c.obj)
                0x00001a68                max30102_read_fifo
 .text.first_data_read
                0x00001b24       0xb4 app/libapp.a(max30102.c.obj)
                0x00001b24                first_data_read
 .text.read_heart_rate_spio2
                0x00001bd8      0x128 app/libapp.a(max30102.c.obj)
                0x00001bd8                read_heart_rate_spio2
 .text.button_pressed
                0x00001d00        0xc app/libapp.a(latchSensor.c.obj)
                0x00001d00                button_pressed
 .text.init_latch
                0x00001d0c       0xc8 app/libapp.a(latchSensor.c.obj)
                0x00001d0c                init_latch
 .text.detect_latch
                0x00001dd4       0x14 app/libapp.a(latchSensor.c.obj)
                0x00001dd4                detect_latch
 .text.max30208_i2c_read.isra.0
                0x00001de8       0x44 app/libapp.a(max30208.c.obj)
 .text.max30208_i2c_write.isra.0
                0x00001e2c       0x38 app/libapp.a(max30208.c.obj)
 .text.init_max30208
                0x00001e64       0x3c app/libapp.a(max30208.c.obj)
                0x00001e64                init_max30208
 .text.configure_max30208
                0x00001ea0       0x6c app/libapp.a(max30208.c.obj)
                0x00001ea0                configure_max30208
 .text.max30208_read_fifo
                0x00001f0c       0x54 app/libapp.a(max30208.c.obj)
                0x00001f0c                max30208_read_fifo
 .text.getAdcDevice
                0x00001f60        0xc app/libapp.a(lightSensor.c.obj)
                0x00001f60                getAdcDevice
 .text.maxim_heart_rate_and_oxygen_saturation
                0x00001f6c      0x374 app/libapp.a(algorithm.c.obj)
                0x00001f6c                maxim_heart_rate_and_oxygen_saturation
 .text.init_lcd_output
                0x000022e0       0xc8 app/libapp.a(display.c.obj)
                0x000022e0                init_lcd_output
 .text.setOutputcs
                0x000023a8       0x24 app/libapp.a(display.c.obj)
                0x000023a8                setOutputcs
 .text.setOutputLcdRst
                0x000023cc       0x24 app/libapp.a(display.c.obj)
                0x000023cc                setOutputLcdRst
 .text.setOutputVciEn
                0x000023f0       0x24 app/libapp.a(display.c.obj)
                0x000023f0                setOutputVciEn
 .text.setOutputDcx
                0x00002414       0x24 app/libapp.a(display.c.obj)
                0x00002414                setOutputDcx
 .text.write_bytes
                0x00002438       0x30 app/libapp.a(display.c.obj)
                0x00002438                write_bytes
 .text.device_get_binding.constprop.0
                0x00002468        0xc app/libapp.a(lcd.c.obj)
 .text.WriteComm
                0x00002474       0x70 app/libapp.a(lcd.c.obj)
                0x00002474                WriteComm
 .text.WriteData
                0x000024e4       0x70 app/libapp.a(lcd.c.obj)
                0x000024e4                WriteData
 .text.DispLogo
                0x00002554       0xd4 app/libapp.a(lcd.c.obj)
                0x00002554                DispLogo
 .text.DispIcon
                0x00002628       0xdc app/libapp.a(lcd.c.obj)
                0x00002628                DispIcon
 .text.LCD_Init
                0x00002704       0x70 app/libapp.a(lcd.c.obj)
                0x00002704                LCD_Init
 .text.WriteOneDot
                0x00002774       0x70 app/libapp.a(lcd.c.obj)
                0x00002774                WriteOneDot
 .text.DispOneChar
                0x000027e4       0x50 app/libapp.a(lcd.c.obj)
                0x000027e4                DispOneChar
 .text.init_output
                0x00002834       0x78 app/libapp.a(digitalPins.c.obj)
                0x00002834                init_output
 .text.toggle_buzzer
                0x000028ac       0x34 app/libapp.a(digitalPins.c.obj)
                0x000028ac                toggle_buzzer
 .text.toggle_motor
                0x000028e0       0x2c app/libapp.a(digitalPins.c.obj)
                0x000028e0                toggle_motor
 .text.char_out
                0x0000290c       0x10 zephyr/libzephyr.a(printk.c.obj)
 .text._printk_dec_ulong
                0x0000291c       0xa0 zephyr/libzephyr.a(printk.c.obj)
 .text.__printk_hook_install
                0x000029bc        0xc zephyr/libzephyr.a(printk.c.obj)
                0x000029bc                __printk_hook_install
 .text.z_vprintk
                0x000029c8      0x328 zephyr/libzephyr.a(printk.c.obj)
                0x000029c8                z_vprintk
 .text.vprintk  0x00002cf0       0x1c zephyr/libzephyr.a(printk.c.obj)
                0x00002cf0                vprintk
 .text.uart_console_init
                0x00002d0c       0x2c zephyr/libzephyr.a(uart_console.c.obj)
 .text.console_out
                0x00002d38       0x28 zephyr/libzephyr.a(uart_console.c.obj)
 .text.clkstarted_handle.constprop.0
                0x00002d60       0x50 zephyr/libzephyr.a(nrf_power_clock.c.obj)
 .text.clock_async_start
                0x00002db0       0xe8 zephyr/libzephyr.a(nrf_power_clock.c.obj)
 .text.nrf_power_clock_isr
                0x00002e98       0x64 zephyr/libzephyr.a(nrf_power_clock.c.obj)
                0x00002e98                nrf_power_clock_isr
 .text.handle_next_tick_case
                0x00002efc       0x28 zephyr/libzephyr.a(nrf_rtc_timer.c.obj)
 .text.event_clear
                0x00002f24       0x18 zephyr/libzephyr.a(nrf_rtc_timer.c.obj)
 .text.rtc1_nrf_isr
                0x00002f3c       0x2c zephyr/libzephyr.a(nrf_rtc_timer.c.obj)
                0x00002f3c                rtc1_nrf_isr
 .text.z_clock_driver_init
                0x00002f68       0x64 zephyr/libzephyr.a(nrf_rtc_timer.c.obj)
                0x00002f68                z_clock_driver_init
 .text.z_clock_set_timeout
                0x00002fcc       0xbc zephyr/libzephyr.a(nrf_rtc_timer.c.obj)
                0x00002fcc                z_clock_set_timeout
 .text.z_clock_elapsed
                0x00003088       0x34 zephyr/libzephyr.a(nrf_rtc_timer.c.obj)
                0x00003088                z_clock_elapsed
 .text._DoInit  0x000030bc       0x60 zephyr/libzephyr.a(SEGGER_RTT.c.obj)
 .text.arch_swap
                0x0000311c       0x34 zephyr/arch/arch/arm/core/aarch32/libarch__arm__core__aarch32.a(swap.c.obj)
                0x0000311c                arch_swap
 .text.arch_irq_enable
                0x00003150       0x20 zephyr/arch/arch/arm/core/aarch32/libarch__arm__core__aarch32.a(irq_manage.c.obj)
                0x00003150                arch_irq_enable
 .text.z_arm_irq_priority_set
                0x00003170       0x30 zephyr/arch/arch/arm/core/aarch32/libarch__arm__core__aarch32.a(irq_manage.c.obj)
                0x00003170                z_arm_irq_priority_set
 .text.arch_new_thread
                0x000031a0       0x34 zephyr/arch/arch/arm/core/aarch32/libarch__arm__core__aarch32.a(thread.c.obj)
                0x000031a0                arch_new_thread
 .text.arch_switch_to_main_thread
                0x000031d4       0x38 zephyr/arch/arch/arm/core/aarch32/libarch__arm__core__aarch32.a(thread.c.obj)
                0x000031d4                arch_switch_to_main_thread
 .text.z_arm_prep_c
                0x0000320c       0x44 zephyr/arch/arch/arm/core/aarch32/libarch__arm__core__aarch32.a(prep_c.c.obj)
                0x0000320c                z_arm_prep_c
 .text.z_arm_pendsv
                0x00003250       0x48 zephyr/arch/arch/arm/core/aarch32/libarch__arm__core__aarch32.a(swap_helper.S.obj)
                0x00003250                z_arm_pendsv
 .text.z_arm_svc
                0x00003298       0x20 zephyr/arch/arch/arm/core/aarch32/libarch__arm__core__aarch32.a(swap_helper.S.obj)
                0x00003298                z_arm_svc
 .text.z_arm_cpu_idle_init
                0x000032b8        0xc zephyr/arch/arch/arm/core/aarch32/libarch__arm__core__aarch32.a(cpu_idle.S.obj)
                0x000032b8                z_arm_cpu_idle_init
 .text.arch_cpu_idle
                0x000032c4       0x1c zephyr/arch/arch/arm/core/aarch32/libarch__arm__core__aarch32.a(cpu_idle.S.obj)
                0x000032c4                arch_cpu_idle
 .text.z_SysNmiOnReset
                0x000032e0        0x8 zephyr/arch/arch/arm/core/aarch32/libarch__arm__core__aarch32.a(nmi_on_reset.S.obj)
                0x000032e0                z_SysNmiOnReset
 .text._isr_wrapper
                0x000032e8       0x40 zephyr/arch/arch/arm/core/aarch32/libarch__arm__core__aarch32.a(isr_wrapper.S.obj)
                0x000032e8                _isr_wrapper
 .text._reset_section
                0x00003328       0x30 zephyr/arch/arch/arm/core/aarch32/cortex_m/libarch__arm__core__aarch32__cortex_m.a(reset.S.obj)
                0x00003328                __start
                0x00003328                z_arm_reset
 .text.__fault  0x00003358       0x14 zephyr/arch/arch/arm/core/aarch32/cortex_m/libarch__arm__core__aarch32__cortex_m.a(fault_s.S.obj)
                0x00003358                z_arm_usage_fault
                0x00003358                z_arm_mpu_fault
                0x00003358                z_arm_exc_spurious
                0x00003358                z_arm_debug_monitor
                0x00003358                z_arm_hard_fault
                0x00003358                z_arm_bus_fault
 .text._HandlerModeExit
                0x0000336c       0x1c zephyr/arch/arch/arm/core/aarch32/cortex_m/libarch__arm__core__aarch32__cortex_m.a(exc_exit.S.obj)
                0x0000336c                z_arm_int_exit
                0x0000336c                z_arm_exc_exit
 .text.mem_manage_fault.isra.0
                0x00003388       0x38 zephyr/arch/arch/arm/core/aarch32/cortex_m/libarch__arm__core__aarch32__cortex_m.a(fault.c.obj)
 .text.bus_fault.isra.0
                0x000033c0       0x3c zephyr/arch/arch/arm/core/aarch32/cortex_m/libarch__arm__core__aarch32__cortex_m.a(fault.c.obj)
 .text.usage_fault.isra.0
                0x000033fc       0x24 zephyr/arch/arch/arm/core/aarch32/cortex_m/libarch__arm__core__aarch32__cortex_m.a(fault.c.obj)
 .text.z_arm_fault
                0x00003420       0xe8 zephyr/arch/arch/arm/core/aarch32/cortex_m/libarch__arm__core__aarch32__cortex_m.a(fault.c.obj)
                0x00003420                z_arm_fault
 .text.z_arm_fault_init
                0x00003508       0x10 zephyr/arch/arch/arm/core/aarch32/cortex_m/libarch__arm__core__aarch32__cortex_m.a(fault.c.obj)
                0x00003508                z_arm_fault_init
 .text.z_arm_interrupt_init
                0x00003518       0x18 zephyr/arch/arch/arm/core/aarch32/cortex_m/libarch__arm__core__aarch32__cortex_m.a(irq_init.c.obj)
                0x00003518                z_arm_interrupt_init
 .text.z_impl_k_thread_abort
                0x00003530       0x4c zephyr/arch/arch/arm/core/aarch32/cortex_m/libarch__arm__core__aarch32__cortex_m.a(thread_abort.c.obj)
                0x00003530                z_impl_k_thread_abort
 .text.z_arm_configure_static_mpu_regions
                0x0000357c       0x38 zephyr/arch/arch/arm/core/aarch32/cortex_m/mpu/libarch__arm__core__aarch32__cortex_m__mpu.a(arm_core_mpu.c.obj)
                0x0000357c                z_arm_configure_static_mpu_regions
 .text.mpu_configure_regions
                0x000035b4       0x8c zephyr/arch/arch/arm/core/aarch32/cortex_m/mpu/libarch__arm__core__aarch32__cortex_m__mpu.a(arm_mpu.c.obj)
 .text.arm_core_mpu_enable
                0x00003640       0x14 zephyr/arch/arch/arm/core/aarch32/cortex_m/mpu/libarch__arm__core__aarch32__cortex_m__mpu.a(arm_mpu.c.obj)
                0x00003640                arm_core_mpu_enable
 .text.arm_core_mpu_disable
                0x00003654       0x10 zephyr/arch/arch/arm/core/aarch32/cortex_m/mpu/libarch__arm__core__aarch32__cortex_m__mpu.a(arm_mpu.c.obj)
                0x00003654                arm_core_mpu_disable
 .text.arm_mpu_init
                0x00003664       0x5c zephyr/arch/arch/arm/core/aarch32/cortex_m/mpu/libarch__arm__core__aarch32__cortex_m__mpu.a(arm_mpu.c.obj)
 .text.arm_core_mpu_configure_static_mpu_regions
                0x000036c0       0x14 zephyr/arch/arch/arm/core/aarch32/cortex_m/mpu/libarch__arm__core__aarch32__cortex_m__mpu.a(arm_mpu.c.obj)
                0x000036c0                arm_core_mpu_configure_static_mpu_regions
 .text.z_prf    0x000036d4      0x9e0 zephyr/lib/libc/minimal/liblib__libc__minimal.a(prf.c.obj)
                0x000036d4                z_prf
 .text.__stdout_hook_install
                0x000040b4        0xc zephyr/lib/libc/minimal/liblib__libc__minimal.a(stdout_console.c.obj)
                0x000040b4                __stdout_hook_install
 .text.z_impl_zephyr_fputc
                0x000040c0       0x14 zephyr/lib/libc/minimal/liblib__libc__minimal.a(stdout_console.c.obj)
                0x000040c0                z_impl_zephyr_fputc
 .text.sprintf  0x000040d4       0x30 zephyr/lib/libc/minimal/liblib__libc__minimal.a(sprintf.c.obj)
                0x000040d4                sprintf
 .text.printf   0x00004104       0x24 zephyr/lib/libc/minimal/liblib__libc__minimal.a(fprintf.c.obj)
                0x00004104                printf
 .text.nordicsemi_nrf52_init
                0x00004128       0x30 zephyr/soc/arm/nordic_nrf/nrf52/libsoc__arm__nordic_nrf__nrf52.a(soc.c.obj)
 .text.sys_arch_reboot
                0x00004158       0x2c zephyr/soc/arm/nordic_nrf/nrf52/libsoc__arm__nordic_nrf__nrf52.a(soc.c.obj)
                0x00004158                sys_arch_reboot
 .text.arch_busy_wait
                0x00004184       0x14 zephyr/soc/arm/nordic_nrf/nrf52/libsoc__arm__nordic_nrf__nrf52.a(soc.c.obj)
                0x00004184                arch_busy_wait
 .text.adc_context_start_sampling.isra.0
                0x00004198       0x20 zephyr/drivers/adc/libdrivers__adc.a(adc_nrfx_saadc.c.obj)
 .text.adc_nrfx_channel_setup
                0x000041b8       0xd4 zephyr/drivers/adc/libdrivers__adc.a(adc_nrfx_saadc.c.obj)
 .text.saadc_irq_handler
                0x0000428c       0xe4 zephyr/drivers/adc/libdrivers__adc.a(adc_nrfx_saadc.c.obj)
 .text.adc_nrfx_read
                0x00004370      0x1a0 zephyr/drivers/adc/libdrivers__adc.a(adc_nrfx_saadc.c.obj)
 .text.init_saadc
                0x00004510       0x54 zephyr/drivers/adc/libdrivers__adc.a(adc_nrfx_saadc.c.obj)
 .text.gpio_nrfx_init
                0x00004564       0x30 zephyr/drivers/gpio/libdrivers__gpio.a(gpio_nrfx.c.obj)
 .text.gpio_nrfx_config
                0x00004594       0xbc zephyr/drivers/gpio/libdrivers__gpio.a(gpio_nrfx.c.obj)
 .text.gpiote_pin_int_cfg
                0x00004650      0x148 zephyr/drivers/gpio/libdrivers__gpio.a(gpio_nrfx.c.obj)
 .text.gpiote_event_handler
                0x00004798      0x160 zephyr/drivers/gpio/libdrivers__gpio.a(gpio_nrfx.c.obj)
 .text.twi_0_init
                0x000048f8       0x34 zephyr/drivers/i2c/libdrivers__i2c.a(i2c_nrfx_twi.c.obj)
 .text.i2c_nrfx_twi_transfer
                0x0000492c       0xd8 zephyr/drivers/i2c/libdrivers__i2c.a(i2c_nrfx_twi.c.obj)
 .text.event_handler
                0x00004a04       0x38 zephyr/drivers/i2c/libdrivers__i2c.a(i2c_nrfx_twi.c.obj)
 .text.spi_2_init
                0x00004a3c       0x3c zephyr/drivers/spi/libdrivers__spi.a(spi_nrfx_spi.c.obj)
 .text.transfer_next_chunk
                0x00004a78       0x7c zephyr/drivers/spi/libdrivers__spi.a(spi_nrfx_spi.c.obj)
 .text.spi_nrfx_transceive
                0x00004af4      0x1c8 zephyr/drivers/spi/libdrivers__spi.a(spi_nrfx_spi.c.obj)
 .text.uart_nrfx_err_check
                0x00004cbc       0x10 zephyr/drivers/serial/libdrivers__serial.a(uart_nrfx_uart.c.obj)
 .text.uart_nrfx_configure
                0x00004ccc      0x168 zephyr/drivers/serial/libdrivers__serial.a(uart_nrfx_uart.c.obj)
 .text.uart_nrfx_poll_in
                0x00004e34       0x2c zephyr/drivers/serial/libdrivers__serial.a(uart_nrfx_uart.c.obj)
 .text.uart_nrfx_poll_out
                0x00004e60       0x88 zephyr/drivers/serial/libdrivers__serial.a(uart_nrfx_uart.c.obj)
 .text.uart_nrfx_init
                0x00004ee8       0x68 zephyr/drivers/serial/libdrivers__serial.a(uart_nrfx_uart.c.obj)
 .text.nrf52_errata_12
                0x00004f50       0x40 modules/nordic/lib..__modules__hal__nordic.a(system_nrf52.c.obj)
 .text.nrf52_errata_16
                0x00004f90       0x2c modules/nordic/lib..__modules__hal__nordic.a(system_nrf52.c.obj)
 .text.SystemInit
                0x00004fbc      0x260 modules/nordic/lib..__modules__hal__nordic.a(system_nrf52.c.obj)
                0x00004fbc                SystemInit
 .text.nrfx_spi_init
                0x0000521c      0x138 modules/nordic/lib..__modules__hal__nordic.a(nrfx_spi.c.obj)
                0x0000521c                nrfx_spi_init
 .text.nrfx_spi_xfer
                0x00005354      0x11c modules/nordic/lib..__modules__hal__nordic.a(nrfx_spi.c.obj)
                0x00005354                nrfx_spi_xfer
 .text.nrfx_spi_2_irq_handler
                0x00005470       0x54 modules/nordic/lib..__modules__hal__nordic.a(nrfx_spi.c.obj)
                0x00005470                nrfx_spi_2_irq_handler
 .text.twi_rx_start_transfer
                0x000054c4       0xe8 modules/nordic/lib..__modules__hal__nordic.a(nrfx_twi.c.obj)
 .text.twi_tx_start_transfer
                0x000055ac       0xdc modules/nordic/lib..__modules__hal__nordic.a(nrfx_twi.c.obj)
 .text.nrfx_twi_init
                0x00005688       0x88 modules/nordic/lib..__modules__hal__nordic.a(nrfx_twi.c.obj)
                0x00005688                nrfx_twi_init
 .text.nrfx_twi_enable
                0x00005710       0x20 modules/nordic/lib..__modules__hal__nordic.a(nrfx_twi.c.obj)
                0x00005710                nrfx_twi_enable
 .text.nrfx_twi_disable
                0x00005730       0x34 modules/nordic/lib..__modules__hal__nordic.a(nrfx_twi.c.obj)
                0x00005730                nrfx_twi_disable
 .text.nrfx_twi_xfer
                0x00005764       0xe0 modules/nordic/lib..__modules__hal__nordic.a(nrfx_twi.c.obj)
                0x00005764                nrfx_twi_xfer
 .text.nrfx_twi_0_irq_handler
                0x00005844       0xb4 modules/nordic/lib..__modules__hal__nordic.a(nrfx_twi.c.obj)
                0x00005844                nrfx_twi_0_irq_handler
 .text.z_sys_init_run_level
                0x000058f8       0x2c zephyr/kernel/libkernel.a(device.c.obj)
                0x000058f8                z_sys_init_run_level
 .text.z_impl_device_get_binding
                0x00005924       0x48 zephyr/kernel/libkernel.a(device.c.obj)
                0x00005924                z_impl_device_get_binding
 .text.idle     0x0000596c       0x34 zephyr/kernel/libkernel.a(idle.c.obj)
                0x0000596c                idle
 .text.z_bss_zero
                0x000059a0       0x14 zephyr/kernel/libkernel.a(init.c.obj)
                0x000059a0                z_bss_zero
 .text.z_data_copy
                0x000059b4       0x34 zephyr/kernel/libkernel.a(init.c.obj)
                0x000059b4                z_data_copy
 .text.bg_thread_main
                0x000059e8       0x48 zephyr/kernel/libkernel.a(init.c.obj)
 .text.z_cstart
                0x00005a30      0x108 zephyr/kernel/libkernel.a(init.c.obj)
                0x00005a30                z_cstart
 .text.z_reset_time_slice
                0x00005b38       0x2c zephyr/kernel/libkernel.a(sched.c.obj)
                0x00005b38                z_reset_time_slice
 .text.k_sched_time_slice_set
                0x00005b64       0x58 zephyr/kernel/libkernel.a(sched.c.obj)
                0x00005b64                k_sched_time_slice_set
 .text.k_sched_lock
                0x00005bbc       0x28 zephyr/kernel/libkernel.a(sched.c.obj)
                0x00005bbc                k_sched_lock
 .text.z_priq_dumb_remove
                0x00005be4       0x2c zephyr/kernel/libkernel.a(sched.c.obj)
                0x00005be4                z_priq_dumb_remove
 .text.update_cache
                0x00005c10       0x48 zephyr/kernel/libkernel.a(sched.c.obj)
 .text.k_sched_unlock
                0x00005c58       0x38 zephyr/kernel/libkernel.a(sched.c.obj)
                0x00005c58                k_sched_unlock
 .text.ready_thread
                0x00005c90       0x68 zephyr/kernel/libkernel.a(sched.c.obj)
 .text.z_sched_start
                0x00005cf8       0x3c zephyr/kernel/libkernel.a(sched.c.obj)
                0x00005cf8                z_sched_start
 .text.z_move_thread_to_end_of_prio_q
                0x00005d34       0x8c zephyr/kernel/libkernel.a(sched.c.obj)
                0x00005d34                z_move_thread_to_end_of_prio_q
 .text.z_time_slice
                0x00005dc0       0x6c zephyr/kernel/libkernel.a(sched.c.obj)
                0x00005dc0                z_time_slice
 .text.z_impl_k_thread_suspend
                0x00005e2c       0x68 zephyr/kernel/libkernel.a(sched.c.obj)
                0x00005e2c                z_impl_k_thread_suspend
 .text.z_thread_single_abort
                0x00005e94       0xb8 zephyr/kernel/libkernel.a(sched.c.obj)
                0x00005e94                z_thread_single_abort
 .text.unready_thread
                0x00005f4c       0x34 zephyr/kernel/libkernel.a(sched.c.obj)
 .text.z_tick_sleep.part.0
                0x00005f80       0x5c zephyr/kernel/libkernel.a(sched.c.obj)
 .text.pend     0x00005fdc       0x4c zephyr/kernel/libkernel.a(sched.c.obj)
 .text.z_pend_curr
                0x00006028       0x28 zephyr/kernel/libkernel.a(sched.c.obj)
                0x00006028                z_pend_curr
 .text.z_sched_init
                0x00006050       0x18 zephyr/kernel/libkernel.a(sched.c.obj)
                0x00006050                z_sched_init
 .text.z_impl_k_yield
                0x00006068       0x9c zephyr/kernel/libkernel.a(sched.c.obj)
                0x00006068                z_impl_k_yield
 .text.z_impl_k_sleep
                0x00006104       0x40 zephyr/kernel/libkernel.a(sched.c.obj)
                0x00006104                z_impl_k_sleep
 .text.z_impl_k_current_get
                0x00006144        0xc zephyr/kernel/libkernel.a(sched.c.obj)
                0x00006144                z_impl_k_current_get
 .text.z_impl_k_sem_give
                0x00006150       0x40 zephyr/kernel/libkernel.a(sem.c.obj)
                0x00006150                z_impl_k_sem_give
 .text.z_impl_k_sem_take
                0x00006190       0x54 zephyr/kernel/libkernel.a(sem.c.obj)
                0x00006190                z_impl_k_sem_take
 .text.z_setup_new_thread
                0x000061e4       0x4c zephyr/kernel/libkernel.a(thread.c.obj)
                0x000061e4                z_setup_new_thread
 .text.z_init_static_threads
                0x00006230       0xc4 zephyr/kernel/libkernel.a(thread.c.obj)
                0x00006230                z_init_static_threads
 .text.elapsed  0x000062f4       0x14 zephyr/kernel/libkernel.a(timeout.c.obj)
 .text.remove_timeout
                0x00006308       0x28 zephyr/kernel/libkernel.a(timeout.c.obj)
 .text.next_timeout
                0x00006330       0x38 zephyr/kernel/libkernel.a(timeout.c.obj)
 .text.z_add_timeout
                0x00006368       0xf4 zephyr/kernel/libkernel.a(timeout.c.obj)
                0x00006368                z_add_timeout
 .text.z_clock_announce
                0x0000645c       0xa8 zephyr/kernel/libkernel.a(timeout.c.obj)
                0x0000645c                z_clock_announce
 .text.z_tick_get
                0x00006504       0x34 zephyr/kernel/libkernel.a(timeout.c.obj)
                0x00006504                z_tick_get
 .text.z_timer_expiration_handler
                0x00006538       0x4c zephyr/kernel/libkernel.a(timer.c.obj)
                0x00006538                z_timer_expiration_handler
 .text.z_impl_k_timer_start
                0x00006584       0x9c zephyr/kernel/libkernel.a(timer.c.obj)
                0x00006584                z_impl_k_timer_start
 .text.statics_init
                0x00006620       0x24 zephyr/kernel/libkernel.a(kheap.c.obj)
 .text.k_msleep
                0x00006644       0x26 app/libapp.a(main.c.obj)
 .text.bma_delay_us
                0x0000666a        0x4 app/libapp.a(bma_sensor.c.obj)
 .text.null_pointer_check
                0x0000666e       0x1c app/libapp.a(bma4.c.obj)
 .text.read_regs
                0x0000668a       0x6e app/libapp.a(bma4.c.obj)
 .text.write_regs
                0x000066f8       0x4a app/libapp.a(bma4.c.obj)
 .text.increment_feature_config_addr
                0x00006742       0x84 app/libapp.a(bma4.c.obj)
 .text.set_feature_config_start_addr
                0x000067c6       0x2e app/libapp.a(bma4.c.obj)
 .text.bma4_get_advance_power_save
                0x000067f4       0x38 app/libapp.a(bma4.c.obj)
                0x000067f4                bma4_get_advance_power_save
 .text.bma4_read_regs
                0x0000682c      0x110 app/libapp.a(bma4.c.obj)
                0x0000682c                bma4_read_regs
 .text.bma4_set_advance_power_save
                0x0000693c       0x48 app/libapp.a(bma4.c.obj)
                0x0000693c                bma4_set_advance_power_save
 .text.bma4_write_regs
                0x00006984      0x110 app/libapp.a(bma4.c.obj)
                0x00006984                bma4_write_regs
 .text.bma4_init
                0x00006a94       0x4e app/libapp.a(bma4.c.obj)
                0x00006a94                bma4_init
 .text.bma4_set_accel_enable
                0x00006ae2       0x4a app/libapp.a(bma4.c.obj)
                0x00006ae2                bma4_set_accel_enable
 .text.bma4_set_command_register
                0x00006b2c       0x22 app/libapp.a(bma4.c.obj)
                0x00006b2c                bma4_set_command_register
 .text.bma456_init
                0x00006b4e       0x28 app/libapp.a(bma456.c.obj)
                0x00006b4e                bma456_init
 .text.bma456_map_interrupt
                0x00006b76       0x28 app/libapp.a(bma456.c.obj)
                0x00006b76                bma456_map_interrupt
 .text.bma456_feature_enable
                0x00006b9e       0xee app/libapp.a(bma456.c.obj)
                0x00006b9e                bma456_feature_enable
 .text.bma456_step_counter_set_watermark
                0x00006c8c       0x58 app/libapp.a(bma456.c.obj)
                0x00006c8c                bma456_step_counter_set_watermark
 .text.bma456_step_counter_output
                0x00006ce4       0x36 app/libapp.a(bma456.c.obj)
                0x00006ce4                bma456_step_counter_output
 .text.set_max30102_for_reading_data
                0x00006d1a       0x86 app/libapp.a(max30102.c.obj)
                0x00006d1a                set_max30102_for_reading_data
 .text.z_impl_gpio_pin_interrupt_configure
                0x00006da0       0x28 app/libapp.a(latchSensor.c.obj)
 .text.gpio_pin_configure
                0x00006dc8       0x26 app/libapp.a(latchSensor.c.obj)
 .text.match_led_to_button
                0x00006dee       0x4a app/libapp.a(latchSensor.c.obj)
                0x00006dee                match_led_to_button
 .text.maxim_peaks_above_min_height
                0x00006e38       0x5c app/libapp.a(algorithm.c.obj)
                0x00006e38                maxim_peaks_above_min_height
 .text.maxim_sort_ascend
                0x00006e94       0x2c app/libapp.a(algorithm.c.obj)
                0x00006e94                maxim_sort_ascend
 .text.maxim_sort_indices_descend
                0x00006ec0       0x40 app/libapp.a(algorithm.c.obj)
                0x00006ec0                maxim_sort_indices_descend
 .text.maxim_remove_close_peaks
                0x00006f00       0x72 app/libapp.a(algorithm.c.obj)
                0x00006f00                maxim_remove_close_peaks
 .text.maxim_find_peaks
                0x00006f72       0x26 app/libapp.a(algorithm.c.obj)
                0x00006f72                maxim_find_peaks
 .text.gpio_pin_set
                0x00006f98       0x20 app/libapp.a(display.c.obj)
 .text.gpio_pin_configure.constprop.0
                0x00006fb8       0x22 app/libapp.a(display.c.obj)
 .text.k_msleep
                0x00006fda       0x26 app/libapp.a(lcd.c.obj)
 .text.SetBrightness
                0x00007000       0x14 app/libapp.a(lcd.c.obj)
                0x00007000                SetBrightness
 .text.BlockWrite
                0x00007014       0x58 app/libapp.a(lcd.c.obj)
                0x00007014                BlockWrite
 .text.resetDisplay
                0x0000706c        0x6 app/libapp.a(lcd.c.obj)
                0x0000706c                resetDisplay
 .text.setDisplay
                0x00007072       0xf8 app/libapp.a(lcd.c.obj)
                0x00007072                setDisplay
 .text.ToOrd    0x0000716a       0x38 app/libapp.a(lcd.c.obj)
                0x0000716a                ToOrd
 .text.DispStr  0x000071a2       0x54 app/libapp.a(lcd.c.obj)
                0x000071a2                DispStr
 .text.gpio_pin_set
                0x000071f6       0x20 app/libapp.a(digitalPins.c.obj)
 .text.gpio_pin_configure.constprop.0
                0x00007216       0x20 app/libapp.a(digitalPins.c.obj)
 .text.arch_printk_char_out
                0x00007236        0x4 zephyr/libzephyr.a(printk.c.obj)
                0x00007236                arch_printk_char_out
 .text.print_err
                0x0000723a       0x1c zephyr/libzephyr.a(printk.c.obj)
 .text.printk   0x00007256       0x1a zephyr/libzephyr.a(printk.c.obj)
                0x00007256                printk
 .text.z_thread_entry
                0x00007270       0x14 zephyr/libzephyr.a(thread_entry.c.obj)
                0x00007270                z_thread_entry
 .text.chunk_field
                0x00007284       0x18 zephyr/libzephyr.a(heap.c.obj)
 .text.chunk_set
                0x0000729c       0x1a zephyr/libzephyr.a(heap.c.obj)
 .text.free_list_add
                0x000072b6       0x9a zephyr/libzephyr.a(heap.c.obj)
 .text.sys_heap_init
                0x00007350       0x88 zephyr/libzephyr.a(heap.c.obj)
                0x00007350                sys_heap_init
 .text._ConfigAbsSyms
                0x000073d8        0x2 zephyr/libzephyr.a(configs.c.obj)
                0x000073d8                _ConfigAbsSyms
 .text.get_status
                0x000073da       0x1c zephyr/libzephyr.a(nrf_power_clock.c.obj)
 .text.clock_stop
                0x000073f6       0x52 zephyr/libzephyr.a(nrf_power_clock.c.obj)
 .text.clk_init
                0x00007448       0x34 zephyr/libzephyr.a(nrf_power_clock.c.obj)
 .text.clock_start
                0x0000747c        0x6 zephyr/libzephyr.a(nrf_power_clock.c.obj)
 .text.z_clock_isr
                0x00007482        0x2 zephyr/libzephyr.a(sys_clock_init.c.obj)
                0x00007482                z_clock_isr
 .text.z_clock_idle_exit
                0x00007484        0x2 zephyr/libzephyr.a(sys_clock_init.c.obj)
                0x00007484                z_clock_idle_exit
 .text.SEGGER_RTT_Init
                0x00007486        0x4 zephyr/libzephyr.a(SEGGER_RTT.c.obj)
                0x00007486                SEGGER_RTT_Init
 .text.rtt_init
                0x0000748a        0xa zephyr/libzephyr.a(SEGGER_RTT_zephyr.c.obj)
 .text.z_irq_spurious
                0x00007494        0x8 zephyr/arch/arch/arm/core/aarch32/libarch__arm__core__aarch32.a(irq_manage.c.obj)
                0x00007494                z_irq_spurious
 .text.z_arm_fatal_error
                0x0000749c        0x4 zephyr/arch/arch/arm/core/aarch32/libarch__arm__core__aarch32.a(fatal.c.obj)
                0x0000749c                z_arm_fatal_error
 .text.z_do_kernel_oops
                0x000074a0        0x8 zephyr/arch/arch/arm/core/aarch32/libarch__arm__core__aarch32.a(fatal.c.obj)
                0x000074a0                z_do_kernel_oops
 .text.z_arm_nmi
                0x000074a8        0xe zephyr/arch/arch/arm/core/aarch32/libarch__arm__core__aarch32.a(nmi.c.obj)
                0x000074a8                z_arm_nmi
 .text.strcpy   0x000074b6       0x14 zephyr/lib/libc/minimal/liblib__libc__minimal.a(string.c.obj)
                0x000074b6                strcpy
 .text.strchr   0x000074ca       0x1c zephyr/lib/libc/minimal/liblib__libc__minimal.a(string.c.obj)
                0x000074ca                strchr
 .text.strcmp   0x000074e6       0x18 zephyr/lib/libc/minimal/liblib__libc__minimal.a(string.c.obj)
                0x000074e6                strcmp
 .text.memcpy   0x000074fe       0x56 zephyr/lib/libc/minimal/liblib__libc__minimal.a(string.c.obj)
                0x000074fe                memcpy
 .text.memset   0x00007554       0x46 zephyr/lib/libc/minimal/liblib__libc__minimal.a(string.c.obj)
                0x00007554                memset
 .text._to_x    0x0000759a       0x48 zephyr/lib/libc/minimal/liblib__libc__minimal.a(prf.c.obj)
 .text._rlrshift
                0x000075e2       0x24 zephyr/lib/libc/minimal/liblib__libc__minimal.a(prf.c.obj)
 .text._ldiv5   0x00007606       0x52 zephyr/lib/libc/minimal/liblib__libc__minimal.a(prf.c.obj)
 .text._get_digit
                0x00007658       0x2e zephyr/lib/libc/minimal/liblib__libc__minimal.a(prf.c.obj)
 .text._stdout_hook_default
                0x00007686        0x6 zephyr/lib/libc/minimal/liblib__libc__minimal.a(stdout_console.c.obj)
 .text.fputc    0x0000768c        0x4 zephyr/lib/libc/minimal/liblib__libc__minimal.a(stdout_console.c.obj)
                0x0000768c                fputc
 .text.sprintf_out
                0x00007690       0x1a zephyr/lib/libc/minimal/liblib__libc__minimal.a(sprintf.c.obj)
 .text.z_platform_init
                0x000076aa        0x4 zephyr/soc/arm/nordic_nrf/nrf52/libsoc__arm__nordic_nrf__nrf52.a(soc.c.obj)
                0x000076aa                z_platform_init
 .text.adc_context_on_timer_expired
                0x000076ae       0x2e zephyr/drivers/adc/libdrivers__adc.a(adc_nrfx_saadc.c.obj)
 .text.gpio_nrfx_port_get_raw
                0x000076dc        0xe zephyr/drivers/gpio/libdrivers__gpio.a(gpio_nrfx.c.obj)
 .text.gpio_nrfx_port_set_masked_raw
                0x000076ea       0x16 zephyr/drivers/gpio/libdrivers__gpio.a(gpio_nrfx.c.obj)
 .text.gpio_nrfx_port_set_bits_raw
                0x00007700        0xc zephyr/drivers/gpio/libdrivers__gpio.a(gpio_nrfx.c.obj)
 .text.gpio_nrfx_port_clear_bits_raw
                0x0000770c        0xc zephyr/drivers/gpio/libdrivers__gpio.a(gpio_nrfx.c.obj)
 .text.gpio_nrfx_port_toggle_bits
                0x00007718       0x12 zephyr/drivers/gpio/libdrivers__gpio.a(gpio_nrfx.c.obj)
 .text.gpio_nrfx_manage_callback
                0x0000772a       0x56 zephyr/drivers/gpio/libdrivers__gpio.a(gpio_nrfx.c.obj)
 .text.gpio_nrfx_pin_interrupt_configure
                0x00007780       0x8e zephyr/drivers/gpio/libdrivers__gpio.a(gpio_nrfx.c.obj)
 .text.gpio_nrfx_pin_disable_callback
                0x0000780e       0x18 zephyr/drivers/gpio/libdrivers__gpio.a(gpio_nrfx.c.obj)
 .text.gpio_nrfx_pin_enable_callback
                0x00007826       0x16 zephyr/drivers/gpio/libdrivers__gpio.a(gpio_nrfx.c.obj)
 .text.i2c_nrfx_twi_configure
                0x0000783c       0x32 zephyr/drivers/i2c/libdrivers__i2c.a(i2c_nrfx_twi.c.obj)
 .text.gpio_pin_set
                0x0000786e       0x20 zephyr/drivers/spi/libdrivers__spi.a(spi_nrfx_spi.c.obj)
 .text._spi_context_cs_control.isra.0
                0x0000788e       0x54 zephyr/drivers/spi/libdrivers__spi.a(spi_nrfx_spi.c.obj)
 .text.spi_context_unlock_unconditionally
                0x000078e2       0x1c zephyr/drivers/spi/libdrivers__spi.a(spi_nrfx_spi.c.obj)
 .text.spi_nrfx_release
                0x000078fe       0x24 zephyr/drivers/spi/libdrivers__spi.a(spi_nrfx_spi.c.obj)
 .text.event_handler
                0x00007922       0x80 zephyr/drivers/spi/libdrivers__spi.a(spi_nrfx_spi.c.obj)
 .text.uart_nrfx_config_get
                0x000079a2       0x10 zephyr/drivers/serial/libdrivers__serial.a(uart_nrfx_uart.c.obj)
 .text.k_sys_fatal_error_handler
                0x000079b2        0x8 modules/nrf/lib/fatal_error/lib..__nrf__lib__fatal_error.a(fatal_error.c.obj)
                0x000079b2                k_sys_fatal_error_handler
 .text.nrfx_isr
                0x000079ba        0x2 modules/nordic/lib..__modules__hal__nordic.a(nrfx_glue.c.obj)
                0x000079ba                nrfx_isr
 .text.nrfx_busy_wait
                0x000079bc        0x4 modules/nordic/lib..__modules__hal__nordic.a(nrfx_glue.c.obj)
                0x000079bc                nrfx_busy_wait
 .text.transfer_byte
                0x000079c0       0x66 modules/nordic/lib..__modules__hal__nordic.a(nrfx_spi.c.obj)
 .text.nrf_twi_event_clear
                0x00007a26       0x10 modules/nordic/lib..__modules__hal__nordic.a(nrfx_twi.c.obj)
 .text.twi_send_byte
                0x00007a36       0x3a modules/nordic/lib..__modules__hal__nordic.a(nrfx_twi.c.obj)
 .text.twi_transfer
                0x00007a70      0x114 modules/nordic/lib..__modules__hal__nordic.a(nrfx_twi.c.obj)
 .text.z_fatal_error
                0x00007b84       0x36 zephyr/kernel/libkernel.a(fatal.c.obj)
                0x00007b84                z_fatal_error
 .text.z_sys_power_save_idle_exit
                0x00007bba        0x4 zephyr/kernel/libkernel.a(idle.c.obj)
                0x00007bba                z_sys_power_save_idle_exit
 .text.z_find_first_thread_to_unpend
                0x00007bbe       0x20 zephyr/kernel/libkernel.a(sched.c.obj)
                0x00007bbe                z_find_first_thread_to_unpend
 .text.z_unpend_thread_no_timeout
                0x00007bde       0x32 zephyr/kernel/libkernel.a(sched.c.obj)
                0x00007bde                z_unpend_thread_no_timeout
 .text.z_reschedule
                0x00007c10       0x16 zephyr/kernel/libkernel.a(sched.c.obj)
                0x00007c10                z_reschedule
 .text.z_reschedule_irqlock
                0x00007c26       0x18 zephyr/kernel/libkernel.a(sched.c.obj)
                0x00007c26                z_reschedule_irqlock
 .text.z_reschedule_unlocked
                0x00007c3e       0x14 zephyr/kernel/libkernel.a(sched.c.obj)
 .text.z_priq_dumb_best
                0x00007c52       0x14 zephyr/kernel/libkernel.a(sched.c.obj)
                0x00007c52                z_priq_dumb_best
 .text.z_ready_thread
                0x00007c66       0x20 zephyr/kernel/libkernel.a(sched.c.obj)
                0x00007c66                z_ready_thread
 .text.z_thread_timeout
                0x00007c86       0x56 zephyr/kernel/libkernel.a(sched.c.obj)
                0x00007c86                z_thread_timeout
 .text.z_remove_thread_from_ready_q
                0x00007cdc       0x20 zephyr/kernel/libkernel.a(sched.c.obj)
                0x00007cdc                z_remove_thread_from_ready_q
 .text.add_to_waitq_locked
                0x00007cfc       0x56 zephyr/kernel/libkernel.a(sched.c.obj)
 .text.z_unpend_first_thread
                0x00007d52       0x5a zephyr/kernel/libkernel.a(sched.c.obj)
                0x00007d52                z_unpend_first_thread
 .text.k_is_in_isr
                0x00007dac        0xc zephyr/kernel/libkernel.a(thread.c.obj)
                0x00007dac                k_is_in_isr
 .text.z_impl_k_busy_wait
                0x00007db8        0x4 zephyr/kernel/libkernel.a(thread.c.obj)
                0x00007db8                z_impl_k_busy_wait
 .text.z_abort_timeout
                0x00007dbc       0x2c zephyr/kernel/libkernel.a(timeout.c.obj)
                0x00007dbc                z_abort_timeout
 .text.z_get_next_timeout_expiry
                0x00007de8       0x20 zephyr/kernel/libkernel.a(timeout.c.obj)
                0x00007de8                z_get_next_timeout_expiry
 .text.z_set_timeout_expiry
                0x00007e08       0x34 zephyr/kernel/libkernel.a(timeout.c.obj)
                0x00007e08                z_set_timeout_expiry
 .text.z_tick_get_32
                0x00007e3c        0x8 zephyr/kernel/libkernel.a(timeout.c.obj)
                0x00007e3c                z_tick_get_32
 .text.z_impl_k_timer_stop
                0x00007e44       0x44 zephyr/kernel/libkernel.a(timer.c.obj)
                0x00007e44                z_impl_k_timer_stop
 .text.k_heap_init
                0x00007e88       0x10 zephyr/kernel/libkernel.a(kheap.c.obj)
                0x00007e88                k_heap_init
 .text._OffsetAbsSyms
                0x00007e98        0x2 zephyr/CMakeFiles/offsets.dir/arch/arm/core/offsets/offsets.c.obj
                0x00007e98                _OffsetAbsSyms
 *(SORT_BY_ALIGNMENT(.gnu.linkonce.t.*))
 *(SORT_BY_ALIGNMENT(.glue_7t))
 .glue_7t       0x00007e9a        0x0 linker stubs
 *(SORT_BY_ALIGNMENT(.glue_7))
 .glue_7        0x00007e9a        0x0 linker stubs
 *(SORT_BY_ALIGNMENT(.vfp11_veneer))
 .vfp11_veneer  0x00007e9a        0x0 linker stubs
 *(SORT_BY_ALIGNMENT(.v4_bx))
 .v4_bx         0x00007e9a        0x0 linker stubs
                0x00007e9a                _image_text_end = .

.ARM.exidx      0x00007e9c        0x8
                0x00007e9c                __exidx_start = .
 *(SORT_BY_ALIGNMENT(.ARM.exidx*) SORT_BY_ALIGNMENT(gnu.linkonce.armexidx.*))
 .ARM.exidx     0x00007e9c        0x8 c:/users/iot/ncs/v1.3.0/toolchain/opt/bin/../lib/gcc/arm-none-eabi/9.2.1/thumb/v7e-m/nofp\libgcc.a(_udivmoddi4.o)
                0x00007ea4                __exidx_end = .
                0x00007ea4                _image_rodata_start = .

initlevel       0x00007ea4       0x60
                0x00007ea4                __init_start = .
                0x00007ea4                __init_PRE_KERNEL_1_start = .
 *(SORT_BY_NAME(SORT_BY_ALIGNMENT(.init_PRE_KERNEL_1[0-9])))
 .init_PRE_KERNEL_10
                0x00007ea4        0x8 zephyr/soc/arm/nordic_nrf/nrf52/libsoc__arm__nordic_nrf__nrf52.a(soc.c.obj)
 *(SORT_BY_NAME(SORT_BY_ALIGNMENT(.init_PRE_KERNEL_1[1-9][0-9])))
 .init_PRE_KERNEL_130
                0x00007eac        0x8 zephyr/libzephyr.a(SEGGER_RTT_zephyr.c.obj)
 .init_PRE_KERNEL_130
                0x00007eb4        0x8 zephyr/kernel/libkernel.a(kheap.c.obj)
 .init_PRE_KERNEL_140
                0x00007ebc        0x8 zephyr/arch/arch/arm/core/aarch32/cortex_m/mpu/libarch__arm__core__aarch32__cortex_m__mpu.a(arm_mpu.c.obj)
 .init_PRE_KERNEL_150
                0x00007ec4        0x8 zephyr/libzephyr.a(nrf_power_clock.c.obj)
 .init_PRE_KERNEL_150
                0x00007ecc        0x8 zephyr/drivers/serial/libdrivers__serial.a(uart_nrfx_uart.c.obj)
 .init_PRE_KERNEL_160
                0x00007ed4        0x8 zephyr/libzephyr.a(uart_console.c.obj)
                0x00007edc                __init_PRE_KERNEL_2_start = .
 *(SORT_BY_NAME(SORT_BY_ALIGNMENT(.init_PRE_KERNEL_2[0-9])))
 .init_PRE_KERNEL_20
                0x00007edc        0x8 zephyr/libzephyr.a(sys_clock_init.c.obj)
 *(SORT_BY_NAME(SORT_BY_ALIGNMENT(.init_PRE_KERNEL_2[1-9][0-9])))
                0x00007ee4                __init_POST_KERNEL_start = .
 *(SORT_BY_NAME(SORT_BY_ALIGNMENT(.init_POST_KERNEL[0-9])))
 *(SORT_BY_NAME(SORT_BY_ALIGNMENT(.init_POST_KERNEL[1-9][0-9])))
 .init_POST_KERNEL40
                0x00007ee4        0x8 zephyr/drivers/gpio/libdrivers__gpio.a(gpio_nrfx.c.obj)
 .init_POST_KERNEL50
                0x00007eec        0x8 zephyr/drivers/adc/libdrivers__adc.a(adc_nrfx_saadc.c.obj)
 .init_POST_KERNEL60
                0x00007ef4        0x8 zephyr/drivers/i2c/libdrivers__i2c.a(i2c_nrfx_twi.c.obj)
 .init_POST_KERNEL70
                0x00007efc        0x8 zephyr/drivers/spi/libdrivers__spi.a(spi_nrfx_spi.c.obj)
                0x00007f04                __init_APPLICATION_start = .
 *(SORT_BY_NAME(SORT_BY_ALIGNMENT(.init_APPLICATION[0-9])))
 *(SORT_BY_NAME(SORT_BY_ALIGNMENT(.init_APPLICATION[1-9][0-9])))
                0x00007f04                __init_SMP_start = .
 *(SORT_BY_NAME(SORT_BY_ALIGNMENT(.init_SMP[0-9])))
 *(SORT_BY_NAME(SORT_BY_ALIGNMENT(.init_SMP[1-9][0-9])))
                0x00007f04                __init_end = .

sw_isr_table    0x00007f04      0x138
                0x00007f04                . = ALIGN (0x0)
 *(SORT_BY_ALIGNMENT(.gnu.linkonce.sw_isr_table))
 .gnu.linkonce.sw_isr_table
                0x00007f04      0x138 zephyr/arch/common/libarch__common.a(isr_tables.c.obj)
                0x00007f04                _sw_isr_table

initlevel_error
                0x00007ea4        0x0
 *(SORT_BY_NAME(SORT_BY_ALIGNMENT(.init_[_A-Z0-9]*)))
                0x00000001                ASSERT ((SIZEOF (initlevel_error) == 0x0), Undefined initialization levels used.)

app_shmem_regions
                0x0000803c        0x0
                0x0000803c                __app_shmem_regions_start = .
 *(SORT_BY_NAME(SORT_BY_ALIGNMENT(.app_regions.*)))
                0x0000803c                __app_shmem_regions_end = .

net_l2          0x0000803c        0x0
                0x0000803c                __net_l2_start = .
 *(SORT_BY_ALIGNMENT(.net_l2.init))
 *(SORT_BY_NAME(SORT_BY_ALIGNMENT(.net_l2.init*)))
                0x0000803c                __net_l2_end = .

_bt_channels_area
                0x0000803c        0x0
                0x0000803c                _bt_l2cap_fixed_chan_list_start = .
 *(SORT_BY_NAME(SORT_BY_ALIGNMENT(._bt_l2cap_fixed_chan.static.*)))
                0x0000803c                _bt_l2cap_fixed_chan_list_end = .

_bt_services_area
                0x0000803c        0x0
                0x0000803c                _bt_gatt_service_static_list_start = .
 *(SORT_BY_NAME(SORT_BY_ALIGNMENT(._bt_gatt_service_static.static.*)))
                0x0000803c                _bt_gatt_service_static_list_end = .

log_const_sections
                0x0000803c        0x0
                0x0000803c                __log_const_start = .
 *(SORT_BY_NAME(SORT_BY_ALIGNMENT(.log_const_*)))
                0x0000803c                __log_const_end = .

log_backends_sections
                0x0000803c        0x0
                0x0000803c                __log_backends_start = .
 *(SORT_BY_ALIGNMENT(._log_backend.*))
                0x0000803c                __log_backends_end = .

shell_sections  0x0000803c        0x0
                0x0000803c                _shell_list_start = .
 *(SORT_BY_NAME(SORT_BY_ALIGNMENT(._shell.static.*)))
                0x0000803c                _shell_list_end = .

shell_root_cmds_sections
                0x0000803c        0x0
                0x0000803c                __shell_root_cmds_start = .
 *(SORT_BY_NAME(SORT_BY_ALIGNMENT(.shell_root_cmd_*)))
                0x0000803c                __shell_root_cmds_end = .

font_entry_sections
                0x0000803c        0x0
                0x0000803c                __font_entry_start = .
 *(SORT_BY_NAME(SORT_BY_ALIGNMENT(._cfb_font.*)))
                0x0000803c                __font_entry_end = .

tracing_backends_sections
                0x0000803c        0x0
                0x0000803c                _tracing_backend_list_start = .
 *(SORT_BY_ALIGNMENT(._tracing_backend.*))
                0x0000803c                _tracing_backend_list_end = .

rodata          0x00008040     0x2194
 *(SORT_BY_ALIGNMENT(.rodata))
 .rodata        0x00008040        0x6 app/libapp.a(bma4.c.obj)
 .rodata        0x00008046        0x6 app/libapp.a(max30102.c.obj)
 *(SORT_BY_ALIGNMENT(.rodata.*))
 *fill*         0x0000804c        0x4 
 .rodata.delay_machine_code.8787
                0x00008050        0x6 zephyr/soc/arm/nordic_nrf/nrf52/libsoc__arm__nordic_nrf__nrf52.a(soc.c.obj)
 *fill*         0x00008056        0x2 
 .rodata.spi_freq
                0x00008058        0x4 app/libapp.a(display.c.obj)
                0x00008058                spi_freq
 .rodata.clock_control_api
                0x0000805c       0x14 zephyr/libzephyr.a(nrf_power_clock.c.obj)
 .rodata.mpu_config
                0x00008070        0x8 zephyr/soc/arm/common/cortex_m/libsoc__arm__common__cortex_m.a(arm_mpu_regions.c.obj)
                0x00008070                mpu_config
 .rodata.mpu_regions
                0x00008078       0x18 zephyr/soc/arm/common/cortex_m/libsoc__arm__common__cortex_m.a(arm_mpu_regions.c.obj)
 .rodata.adc_nrfx_driver_api
                0x00008090        0xc zephyr/drivers/adc/libdrivers__adc.a(adc_nrfx_saadc.c.obj)
 .rodata.gpio_nrfx_drv_api_funcs
                0x0000809c       0x2c zephyr/drivers/gpio/libdrivers__gpio.a(gpio_nrfx.c.obj)
 .rodata.gpio_nrfx_p0_cfg
                0x000080c8        0xc zephyr/drivers/gpio/libdrivers__gpio.a(gpio_nrfx.c.obj)
 .rodata.i2c_nrfx_twi_driver_api
                0x000080d4       0x14 zephyr/drivers/i2c/libdrivers__i2c.a(i2c_nrfx_twi.c.obj)
 .rodata.twi_0z_config
                0x000080e8       0x18 zephyr/drivers/i2c/libdrivers__i2c.a(i2c_nrfx_twi.c.obj)
 .rodata.spi_2z_config
                0x00008100       0x18 zephyr/drivers/spi/libdrivers__spi.a(spi_nrfx_spi.c.obj)
 .rodata.spi_nrfx_driver_api
                0x00008118        0x8 zephyr/drivers/spi/libdrivers__spi.a(spi_nrfx_spi.c.obj)
 .rodata.uart_nrfx_uart_driver_api
                0x00008120       0x14 zephyr/drivers/serial/libdrivers__serial.a(uart_nrfx_uart.c.obj)
 .rodata.levels.8560
                0x00008134       0x14 zephyr/kernel/libkernel.a(device.c.obj)
 .rodata._k_neg_eagain
                0x00008148        0x4 zephyr/kernel/libkernel.a(errno.c.obj)
                0x00008148                _k_neg_eagain
 .rodata.auw_hamm
                0x0000814c       0x3e app/libapp.a(algorithm.c.obj)
                0x0000814c                auw_hamm
 .rodata.config
                0x0000818a        0x8 zephyr/libzephyr.a(nrf_power_clock.c.obj)
 .rodata.sensors_read_task.str1.1
                0x00008192       0x3e app/libapp.a(main.c.obj)
 .rodata.main.str1.1
                0x000081d0       0x22 app/libapp.a(main.c.obj)
 .rodata.display_task.str1.1
                0x000081f2       0x3c app/libapp.a(main.c.obj)
 .rodata.str1.1
                0x0000822e       0x6e app/libapp.a(main.c.obj)
 .rodata.bma_i2c_write.str1.1
                0x0000829c        0x6 app/libapp.a(bma_sensor.c.obj)
 .rodata.initialize_bma.str1.1
                0x000082a2       0x9c app/libapp.a(bma_sensor.c.obj)
 .rodata.stepCounterEnable.str1.1
                0x0000833e      0x189 app/libapp.a(bma_sensor.c.obj)
 .rodata.getStepCounterOutput.str1.1
                0x000084c7       0x1d app/libapp.a(bma_sensor.c.obj)
 .rodata.bma456_config_file
                0x000084e4     0x1800 app/libapp.a(bma456.c.obj)
                0x000084e4                bma456_config_file
 .rodata.max30102_i2c_write.isra.0.str1.1
                0x00009ce4        0x6 app/libapp.a(max30102.c.obj)
 .rodata.max30102_reset.str1.1
                0x00009ce4       0x35 app/libapp.a(max30102.c.obj)
 .rodata.init_max30102.str1.1
                0x00009d19       0x7f app/libapp.a(max30102.c.obj)
 .rodata.button_pressed.str1.1
                0x00009d98       0x11 app/libapp.a(latchSensor.c.obj)
 .rodata.init_latch.str1.1
                0x00009da9       0xd3 app/libapp.a(latchSensor.c.obj)
 .rodata.max30208_i2c_read.isra.0.str1.1
                0x00009e7c        0x6 app/libapp.a(max30208.c.obj)
 .rodata.init_max30208.str1.1
                0x00009e7c       0x82 app/libapp.a(max30208.c.obj)
 .rodata.configure_max30208.str1.1
                0x00009efe       0x3d app/libapp.a(max30208.c.obj)
 .rodata.max30208_read_fifo.str1.1
                0x00009f3b       0x25 app/libapp.a(max30208.c.obj)
 .rodata.getAdcDevice.str1.1
                0x00009f60        0x6 app/libapp.a(lightSensor.c.obj)
 .rodata.uch_spo2_table
                0x00009f66       0xb8 app/libapp.a(algorithm.c.obj)
                0x00009f66                uch_spo2_table
 .rodata.init_lcd_output.str1.1
                0x0000a01e       0x62 app/libapp.a(display.c.obj)
                                 0x69 (size before relaxing)
 .rodata.setOutputcs.str1.1
                0x0000a080       0x11 app/libapp.a(display.c.obj)
 .rodata.setOutputLcdRst.str1.1
                0x0000a091       0x14 app/libapp.a(display.c.obj)
 .rodata.setOutputVciEn.str1.1
                0x0000a0a5       0x14 app/libapp.a(display.c.obj)
 .rodata.setOutputDcx.str1.1
                0x0000a0b9       0x12 app/libapp.a(display.c.obj)
 .rodata.write_bytes.str1.1
                0x0000a0cb       0x18 app/libapp.a(display.c.obj)
 .rodata.device_get_binding.constprop.0.str1.1
                0x0000a0e3        0x6 app/libapp.a(lcd.c.obj)
 .rodata.WriteComm.str1.1
                0x0000a0e9       0x43 app/libapp.a(lcd.c.obj)
 .rodata.LCD_Init.str1.1
                0x0000a12c       0x19 app/libapp.a(lcd.c.obj)
                                 0x1d (size before relaxing)
 .rodata.init_output.str1.1
                0x0000a145       0x69 app/libapp.a(digitalPins.c.obj)
 .rodata.uart_console_init.str1.1
                0x0000a145        0x7 zephyr/libzephyr.a(uart_console.c.obj)
 .rodata.str1.1
                0x0000a14c        0x6 zephyr/libzephyr.a(nrf_power_clock.c.obj)
 .rodata.str1.1
                0x0000a152        0xa zephyr/libzephyr.a(sys_clock_init.c.obj)
 .rodata.z_clock_driver_init.str1.1
                0x0000a15c        0x6 zephyr/libzephyr.a(nrf_rtc_timer.c.obj)
 .rodata._DoInit.str1.1
                0x0000a15c       0x14 zephyr/libzephyr.a(SEGGER_RTT.c.obj)
 .rodata.z_prf.str1.1
                0x0000a170        0xa zephyr/lib/libc/minimal/liblib__libc__minimal.a(prf.c.obj)
 .rodata.str1.1
                0x0000a17a        0xf zephyr/soc/arm/common/cortex_m/libsoc__arm__common__cortex_m.a(arm_mpu_regions.c.obj)
 .rodata.str1.1
                0x0000a189        0x6 zephyr/drivers/adc/libdrivers__adc.a(adc_nrfx_saadc.c.obj)
 .rodata.str1.1
                0x0000a189        0x7 zephyr/drivers/gpio/libdrivers__gpio.a(gpio_nrfx.c.obj)
 .rodata.str1.1
                0x0000a189        0x6 zephyr/drivers/i2c/libdrivers__i2c.a(i2c_nrfx_twi.c.obj)
 .rodata.str1.1
                0x0000a189        0x6 zephyr/drivers/spi/libdrivers__spi.a(spi_nrfx_spi.c.obj)
 .rodata.str1.1
                0x0000a189        0x7 zephyr/drivers/serial/libdrivers__serial.a(uart_nrfx_uart.c.obj)
 .rodata.uart_nrfx_uart0_config
                0x0000a189        0x1 zephyr/drivers/serial/libdrivers__serial.a(uart_nrfx_uart.c.obj)
 .rodata.CSWTCH.14
                0x0000a18a        0x4 modules/nordic/lib..__modules__hal__nordic.a(system_nrf52.c.obj)
 .rodata.CSWTCH.18
                0x0000a18e        0x4 modules/nordic/lib..__modules__hal__nordic.a(system_nrf52.c.obj)
 .rodata.CSWTCH.4
                0x0000a192        0x4 modules/nordic/lib..__modules__hal__nordic.a(system_nrf52.c.obj)
 .rodata.bg_thread_main.str1.1
                0x0000a196       0x37 zephyr/kernel/libkernel.a(init.c.obj)
                                 0x38 (size before relaxing)
 .rodata.z_cstart.str1.1
                0x0000a1cd        0x5 zephyr/kernel/libkernel.a(init.c.obj)
 *(SORT_BY_ALIGNMENT(.gnu.linkonce.r.*))
                0x0000a1d4                . = ALIGN (0x4)
 *fill*         0x0000a1d2        0x2 
                0x0000a1d4                _image_rodata_end = .
                0x0000a1e0                . = ALIGN (_region_min_align)
                0x00010000                . = ALIGN ((0x1 << LOG2CEIL ((_image_rodata_end - _image_rom_start))))
                0x00010000                _image_rom_end = .
                0x20000000                . = 0x20000000
                0x20000000                . = ALIGN (_region_min_align)
                0x20000000                _image_ram_start = .

.ramfunc        0x20000000        0x0 load address 0x0000a1d4
                0x20000000                . = ALIGN (_region_min_align)
                0x20000000                . = ALIGN ((0x1 << LOG2CEIL (_ramfunc_ram_size)))
                0x20000000                _ramfunc_ram_start = .
 *(SORT_BY_ALIGNMENT(.ramfunc))
 *(SORT_BY_ALIGNMENT(.ramfunc.*))
                0x20000000                . = ALIGN (_region_min_align)
                0x20000000                . = ALIGN ((0x1 << LOG2CEIL (_ramfunc_ram_size)))
                0x20000000                _ramfunc_ram_end = .
                0x00000000                _ramfunc_ram_size = (_ramfunc_ram_end - _ramfunc_ram_start)
                0x0000a1d4                _ramfunc_rom_start = LOADADDR (.ramfunc)

datas           0x20000000     0x95d2 load address 0x0000a1d4
                0x20000000                __data_ram_start = .
 *(SORT_BY_ALIGNMENT(.data))
 *(SORT_BY_ALIGNMENT(.data.*))
 .data.m_data   0x20000000       0x88 zephyr/drivers/adc/libdrivers__adc.a(adc_nrfx_saadc.c.obj)
 .data.brightness_step
                0x20000088        0x4 app/libapp.a(main.c.obj)
                0x20000088                brightness_step
 .data.brightness_value
                0x2000008c        0x4 app/libapp.a(main.c.obj)
                0x2000008c                brightness_value
 .data.current_brightness
                0x20000090        0x4 app/libapp.a(main.c.obj)
                0x20000090                current_brightness
 .data.logo_colour
                0x20000094       0x10 app/libapp.a(main.c.obj)
                0x20000094                logo_colour
 .data._char_out
                0x200000a4        0x4 zephyr/libzephyr.a(printk.c.obj)
                0x200000a4                _char_out
 .data._stdout_hook
                0x200000a8        0x4 zephyr/lib/libc/minimal/liblib__libc__minimal.a(stdout_console.c.obj)
 .data.twi_0_data
                0x200000ac       0x28 zephyr/drivers/i2c/libdrivers__i2c.a(i2c_nrfx_twi.c.obj)
 .data.spi_2_data
                0x200000d4       0x50 zephyr/drivers/spi/libdrivers__spi.a(spi_nrfx_spi.c.obj)
 .data.uart_nrfx_uart0_data
                0x20000124        0x8 zephyr/drivers/serial/libdrivers__serial.a(uart_nrfx_uart.c.obj)
 .data.SystemCoreClock
                0x2000012c        0x4 modules/nordic/lib..__modules__hal__nordic.a(system_nrf52.c.obj)
                0x2000012c                SystemCoreClock
 .data.timeout_list
                0x20000130        0x8 zephyr/kernel/libkernel.a(timeout.c.obj)
 .data.m_1st_channel_cfg
                0x20000138        0x8 app/libapp.a(lightSensor.c.obj)
 .data.latch_status
                0x20000140        0x1 app/libapp.a(main.c.obj)
                0x20000140                latch_status
 .data._LastChannel
                0x20000141        0x1 app/libapp.a(lightSensor.c.obj)
 .data.ascii    0x20000142      0xfc0 app/libapp.a(lcd.c.obj)
                0x20000142                ascii
 .data.heart_logo
                0x20001102      0x9c4 app/libapp.a(lcd.c.obj)
                0x20001102                heart_logo
 .data.logo     0x20001ac6     0x5dc0 app/libapp.a(lcd.c.obj)
                0x20001ac6                logo
 .data.spio2_logo
                0x20007886      0x9c4 app/libapp.a(lcd.c.obj)
                0x20007886                spio2_logo
 .data.steps_logo
                0x2000824a      0x9c4 app/libapp.a(lcd.c.obj)
                0x2000824a                steps_logo
 .data.temperature_logo
                0x20008c0e      0x9c4 app/libapp.a(lcd.c.obj)
                0x20008c0e                temperature_logo
 *(SORT_BY_ALIGNMENT(.kernel.*))
                0x0000a1d4                __data_rom_start = LOADADDR (datas)

devices         0x200095d4       0x70 load address 0x000137a8
                0x200095d4                __device_start = .
                0x200095d4                __device_PRE_KERNEL_1_start = .
 *(SORT_BY_NAME(SORT_BY_ALIGNMENT(.device_PRE_KERNEL_1[0-9])))
 *(SORT_BY_NAME(SORT_BY_ALIGNMENT(.device_PRE_KERNEL_1[1-9][0-9])))
 .device_PRE_KERNEL_150
                0x200095d4       0x10 zephyr/libzephyr.a(nrf_power_clock.c.obj)
 .device_PRE_KERNEL_150
                0x200095e4       0x10 zephyr/drivers/serial/libdrivers__serial.a(uart_nrfx_uart.c.obj)
                0x200095f4                __device_PRE_KERNEL_2_start = .
 *(SORT_BY_NAME(SORT_BY_ALIGNMENT(.device_PRE_KERNEL_2[0-9])))
 .device_PRE_KERNEL_20
                0x200095f4       0x10 zephyr/libzephyr.a(sys_clock_init.c.obj)
 *(SORT_BY_NAME(SORT_BY_ALIGNMENT(.device_PRE_KERNEL_2[1-9][0-9])))
                0x20009604                __device_POST_KERNEL_start = .
 *(SORT_BY_NAME(SORT_BY_ALIGNMENT(.device_POST_KERNEL[0-9])))
 *(SORT_BY_NAME(SORT_BY_ALIGNMENT(.device_POST_KERNEL[1-9][0-9])))
 .device_POST_KERNEL40
                0x20009604       0x10 zephyr/drivers/gpio/libdrivers__gpio.a(gpio_nrfx.c.obj)
 .device_POST_KERNEL50
                0x20009614       0x10 zephyr/drivers/adc/libdrivers__adc.a(adc_nrfx_saadc.c.obj)
 .device_POST_KERNEL60
                0x20009624       0x10 zephyr/drivers/i2c/libdrivers__i2c.a(i2c_nrfx_twi.c.obj)
 .device_POST_KERNEL70
                0x20009634       0x10 zephyr/drivers/spi/libdrivers__spi.a(spi_nrfx_spi.c.obj)
                0x20009644                __device_APPLICATION_start = .
 *(SORT_BY_NAME(SORT_BY_ALIGNMENT(.device_APPLICATION[0-9])))
 *(SORT_BY_NAME(SORT_BY_ALIGNMENT(.device_APPLICATION[1-9][0-9])))
                0x20009644                __device_SMP_start = .
 *(SORT_BY_NAME(SORT_BY_ALIGNMENT(.device_SMP[0-9])))
 *(SORT_BY_NAME(SORT_BY_ALIGNMENT(.device_SMP[1-9][0-9])))
                0x20009644                __device_end = .

initshell       0x20009644        0x0 load address 0x00013818
                0x20009644                __shell_module_start = .
 *(SORT_BY_ALIGNMENT(.shell_module_*))
                0x20009644                __shell_module_end = .
                0x20009644                __shell_cmd_start = .
 *(SORT_BY_ALIGNMENT(.shell_cmd_*))
                0x20009644                __shell_cmd_end = .

log_dynamic_sections
                0x20009644        0x0 load address 0x00013818
                0x20009644                __log_dynamic_start = .
 *(SORT_BY_NAME(SORT_BY_ALIGNMENT(.log_dynamic_*)))
                0x20009644                __log_dynamic_end = .

_static_thread_area
                0x20009644      0x120 load address 0x00013818
                0x20009644                __static_thread_data_list_start = .
 *(SORT_BY_NAME(SORT_BY_ALIGNMENT(.__static_thread_data.static.*)))
 .__static_thread_data.static._k_thread_data_brightness_task_id
                0x20009644       0x30 app/libapp.a(main.c.obj)
                0x20009644                _k_thread_data_brightness_task_id
 .__static_thread_data.static._k_thread_data_buzzer_task_id
                0x20009674       0x30 app/libapp.a(main.c.obj)
                0x20009674                _k_thread_data_buzzer_task_id
 .__static_thread_data.static._k_thread_data_display_task_id
                0x200096a4       0x30 app/libapp.a(main.c.obj)
                0x200096a4                _k_thread_data_display_task_id
 .__static_thread_data.static._k_thread_data_latch_sensor_task_id
                0x200096d4       0x30 app/libapp.a(main.c.obj)
                0x200096d4                _k_thread_data_latch_sensor_task_id
 .__static_thread_data.static._k_thread_data_sensors_read_task_id
                0x20009704       0x30 app/libapp.a(main.c.obj)
                0x20009704                _k_thread_data_sensors_read_task_id
 .__static_thread_data.static._k_thread_data_vibration_task_id
                0x20009734       0x30 app/libapp.a(main.c.obj)
                0x20009734                _k_thread_data_vibration_task_id
                0x20009764                __static_thread_data_list_end = .

_k_timer_area   0x20009764        0x0 load address 0x00013938
                0x20009764                _k_timer_list_start = .
 *(SORT_BY_ALIGNMENT(._k_timer.static.*))
                0x20009764                _k_timer_list_end = .

_k_mem_slab_area
                0x20009764        0x0 load address 0x00013938
                0x20009764                _k_mem_slab_list_start = .
 *(SORT_BY_ALIGNMENT(._k_mem_slab.static.*))
                0x20009764                _k_mem_slab_list_end = .

_k_mem_pool_area
                0x20009764        0x0 load address 0x00013938
                0x20009764                _k_mem_pool_list_start = .
 *(SORT_BY_ALIGNMENT(._k_mem_pool.static.*))
                0x20009764                _k_mem_pool_list_end = .

_k_heap_area    0x20009764        0x0 load address 0x00013938
                0x20009764                _k_heap_list_start = .
 *(SORT_BY_ALIGNMENT(._k_heap.static.*))
                0x20009764                _k_heap_list_end = .

_k_sem_area     0x20009764        0x0 load address 0x00013938
                0x20009764                _k_sem_list_start = .
 *(SORT_BY_ALIGNMENT(._k_sem.static.*))
 *(SORT_BY_ALIGNMENT(._sys_sem.static.*))
                0x20009764                _k_sem_list_end = .

_k_mutex_area   0x20009764       0x28 load address 0x00013938
                0x20009764                _k_mutex_list_start = .
 *(SORT_BY_ALIGNMENT(._k_mutex.static.*))
 ._k_mutex.static.fdtable_lock
                0x20009764       0x14 zephyr/libzephyr.a(fdtable.c.obj)
 ._k_mutex.static.rtt_term_mutex
                0x20009778       0x14 zephyr/libzephyr.a(SEGGER_RTT_zephyr.c.obj)
                0x20009778                rtt_term_mutex
                0x2000978c                _k_mutex_list_end = .

_k_queue_area   0x2000978c        0x0 load address 0x00013960
                0x2000978c                _k_queue_list_start = .
 *(SORT_BY_ALIGNMENT(._k_queue.static.*))
 *(SORT_BY_ALIGNMENT(._k_fifo.static.*))
 *(SORT_BY_ALIGNMENT(._k_lifo.static.*))
                0x2000978c                _k_queue_list_end = .

_k_stack_area   0x2000978c        0x0 load address 0x00013960
                0x2000978c                _k_stack_list_start = .
 *(SORT_BY_ALIGNMENT(._k_stack.static.*))
                0x2000978c                _k_stack_list_end = .

_k_msgq_area    0x2000978c        0x0 load address 0x00013960
                0x2000978c                _k_msgq_list_start = .
 *(SORT_BY_ALIGNMENT(._k_msgq.static.*))
                0x2000978c                _k_msgq_list_end = .

_k_mbox_area    0x2000978c        0x0 load address 0x00013960
                0x2000978c                _k_mbox_list_start = .
 *(SORT_BY_ALIGNMENT(._k_mbox.static.*))
                0x2000978c                _k_mbox_list_end = .

_k_pipe_area    0x2000978c        0x0 load address 0x00013960
                0x2000978c                _k_pipe_list_start = .
 *(SORT_BY_ALIGNMENT(._k_pipe.static.*))
                0x2000978c                _k_pipe_list_end = .

_net_buf_pool_area
                0x2000978c        0x0 load address 0x00013960
                0x2000978c                _net_buf_pool_list = .
 *(SORT_BY_NAME(SORT_BY_ALIGNMENT(._net_buf_pool.static.*)))

net_if          0x2000978c        0x0 load address 0x00013960
                0x2000978c                __net_if_start = .
 *(SORT_BY_ALIGNMENT(.net_if.*))
 *(SORT_BY_NAME(SORT_BY_ALIGNMENT(.net_if.*)))
                0x2000978c                __net_if_end = .

net_if_dev      0x2000978c        0x0 load address 0x00013960
                0x2000978c                __net_if_dev_start = .
 *(SORT_BY_ALIGNMENT(.net_if_dev.*))
 *(SORT_BY_NAME(SORT_BY_ALIGNMENT(.net_if_dev.*)))
                0x2000978c                __net_if_dev_end = .

net_l2_data     0x2000978c        0x0 load address 0x00013960
                0x2000978c                __net_l2_data_start = .
 *(SORT_BY_ALIGNMENT(.net_l2.data))
 *(SORT_BY_NAME(SORT_BY_ALIGNMENT(.net_l2.data*)))
                0x2000978c                __net_l2_data_end = .
                0x2000978c                __data_ram_end = .

bss             0x20009790     0x30f2
                0x20009790                . = ALIGN (0x4)
                0x20009790                __bss_start = .
                0x20009790                __kernel_ram_start = .
 *(SORT_BY_ALIGNMENT(.bss))
 *(SORT_BY_ALIGNMENT(.bss.*))
 .bss.curr_tick
                0x20009790        0x8 zephyr/kernel/libkernel.a(timeout.c.obj)
 .bss._k_thread_obj_brightness_task_id
                0x20009798       0x74 app/libapp.a(main.c.obj)
                0x20009798                _k_thread_obj_brightness_task_id
 .bss._k_thread_obj_buzzer_task_id
                0x2000980c       0x74 app/libapp.a(main.c.obj)
                0x2000980c                _k_thread_obj_buzzer_task_id
 .bss._k_thread_obj_display_task_id
                0x20009880       0x74 app/libapp.a(main.c.obj)
                0x20009880                _k_thread_obj_display_task_id
 .bss._k_thread_obj_latch_sensor_task_id
                0x200098f4       0x74 app/libapp.a(main.c.obj)
                0x200098f4                _k_thread_obj_latch_sensor_task_id
 .bss._k_thread_obj_sensors_read_task_id
                0x20009968       0x74 app/libapp.a(main.c.obj)
                0x20009968                _k_thread_obj_sensors_read_task_id
 .bss._k_thread_obj_vibration_task_id
                0x200099dc       0x74 app/libapp.a(main.c.obj)
                0x200099dc                _k_thread_obj_vibration_task_id
 .bss.current_state_display
                0x20009a50        0x4 app/libapp.a(main.c.obj)
                0x20009a50                current_state_display
 .bss.display_mode
                0x20009a54        0x4 app/libapp.a(main.c.obj)
                0x20009a54                display_mode
 .bss.heart_rate
                0x20009a58        0x4 app/libapp.a(main.c.obj)
                0x20009a58                heart_rate
 .bss.i.10030   0x20009a5c        0x4 app/libapp.a(main.c.obj)
 .bss.sensor_mode
                0x20009a60        0x4 app/libapp.a(main.c.obj)
                0x20009a60                sensor_mode
 .bss.sp02      0x20009a64        0x4 app/libapp.a(main.c.obj)
                0x20009a64                sp02
 .bss.steps     0x20009a68        0x4 app/libapp.a(main.c.obj)
                0x20009a68                steps
 .bss.temp_data
                0x20009a6c        0x4 app/libapp.a(main.c.obj)
                0x20009a6c                temp_data
 .bss.bma456_device_global
                0x20009a70       0x30 app/libapp.a(bma_sensor.c.obj)
                0x20009a70                bma456_device_global
 .bss.aun_ir_buffer
                0x20009aa0      0x7d0 app/libapp.a(max30102.c.obj)
                0x20009aa0                aun_ir_buffer
 .bss.aun_red_buffer
                0x2000a270      0x7d0 app/libapp.a(max30102.c.obj)
                0x2000a270                aun_red_buffer
 .bss.n_heart_rate
                0x2000aa40        0x4 app/libapp.a(max30102.c.obj)
                0x2000aa40                n_heart_rate
 .bss.n_ir_buffer_length
                0x2000aa44        0x4 app/libapp.a(max30102.c.obj)
                0x2000aa44                n_ir_buffer_length
 .bss.n_sp02    0x2000aa48        0x4 app/libapp.a(max30102.c.obj)
                0x2000aa48                n_sp02
 .bss.un_max    0x2000aa4c        0x4 app/libapp.a(max30102.c.obj)
                0x2000aa4c                un_max
 .bss.un_min    0x2000aa50        0x4 app/libapp.a(max30102.c.obj)
                0x2000aa50                un_min
 .bss.un_prev_data
                0x2000aa54        0x4 app/libapp.a(max30102.c.obj)
                0x2000aa54                un_prev_data
 .bss.button_cb_data
                0x2000aa58        0xc app/libapp.a(latchSensor.c.obj)
 .bss.globalButton
                0x2000aa64        0x4 app/libapp.a(latchSensor.c.obj)
                0x2000aa64                globalButton
 .bss.globalLed
                0x2000aa68        0x4 app/libapp.a(latchSensor.c.obj)
                0x2000aa68                globalLed
 .bss.an_dx     0x2000aa6c      0x7c0 app/libapp.a(algorithm.c.obj)
 .bss.an_x      0x2000b22c      0x7d0 app/libapp.a(algorithm.c.obj)
 .bss.an_y      0x2000b9fc      0x7d0 app/libapp.a(algorithm.c.obj)
 .bss.globalDcx
                0x2000c1cc        0x4 app/libapp.a(display.c.obj)
                0x2000c1cc                globalDcx
 .bss.globalLcdRst
                0x2000c1d0        0x4 app/libapp.a(display.c.obj)
                0x2000c1d0                globalLcdRst
 .bss.globalVciEn
                0x2000c1d4        0x4 app/libapp.a(display.c.obj)
                0x2000c1d4                globalVciEn
 .bss.globalcs  0x2000c1d8        0x4 app/libapp.a(display.c.obj)
                0x2000c1d8                globalcs
 .bss.globalBuzzer
                0x2000c1dc        0x4 app/libapp.a(digitalPins.c.obj)
                0x2000c1dc                globalBuzzer
 .bss.globalMotor
                0x2000c1e0        0x4 app/libapp.a(digitalPins.c.obj)
                0x2000c1e0                globalMotor
 .bss.uart_console_dev
                0x2000c1e4        0x4 zephyr/libzephyr.a(uart_console.c.obj)
 .bss.data      0x2000c1e8       0x18 zephyr/libzephyr.a(nrf_power_clock.c.obj)
 .bss.last_count
                0x2000c200        0x4 zephyr/libzephyr.a(nrf_rtc_timer.c.obj)
 .bss._SEGGER_RTT
                0x2000c204       0xa8 zephyr/libzephyr.a(SEGGER_RTT.c.obj)
                0x2000c204                _SEGGER_RTT
 .bss.gpio_nrfx_p0_data
                0x2000c2ac       0x20 zephyr/drivers/gpio/libdrivers__gpio.a(gpio_nrfx.c.obj)
 .bss.poll_out_lock.9333
                0x2000c2cc        0x4 zephyr/drivers/serial/libdrivers__serial.a(uart_nrfx_uart.c.obj)
 .bss.m_cb      0x2000c2d0       0x28 modules/nordic/lib..__modules__hal__nordic.a(nrfx_spi.c.obj)
 .bss.m_cb      0x2000c2f8       0x3c modules/nordic/lib..__modules__hal__nordic.a(nrfx_twi.c.obj)
 .bss.z_idle_threads
                0x2000c334       0x74 zephyr/kernel/libkernel.a(init.c.obj)
                0x2000c334                z_idle_threads
 .bss.z_main_thread
                0x2000c3a8       0x74 zephyr/kernel/libkernel.a(init.c.obj)
                0x2000c3a8                z_main_thread
 .bss._kernel   0x2000c41c       0x30 zephyr/kernel/libkernel.a(sched.c.obj)
                0x2000c41c                _kernel
 .bss.pending_current
                0x2000c44c        0x4 zephyr/kernel/libkernel.a(sched.c.obj)
 .bss.slice_max_prio
                0x2000c450        0x4 zephyr/kernel/libkernel.a(sched.c.obj)
 .bss.slice_time
                0x2000c454        0x4 zephyr/kernel/libkernel.a(sched.c.obj)
 .bss.announce_remaining
                0x2000c458        0x4 zephyr/kernel/libkernel.a(timeout.c.obj)
 .bss.m_sample_buffer
                0x2000c45c        0xc app/libapp.a(lightSensor.c.obj)
 .bss.valid_hr  0x2000c468        0x1 app/libapp.a(main.c.obj)
                0x2000c468                valid_hr
 .bss.valid_sp02
                0x2000c469        0x1 app/libapp.a(main.c.obj)
                0x2000c469                valid_sp02
 .bss.dev_addr.9271
                0x2000c46a        0x1 app/libapp.a(bma_sensor.c.obj)
 .bss.ch_hr_valid
                0x2000c46b        0x1 app/libapp.a(max30102.c.obj)
                0x2000c46b                ch_hr_valid
 .bss.ch_spo2_valid
                0x2000c46c        0x1 app/libapp.a(max30102.c.obj)
                0x2000c46c                ch_spo2_valid
 .bss._IsInitialized
                0x2000c46d        0x1 app/libapp.a(lightSensor.c.obj)
 .bss.once.9482
                0x2000c46e        0x1 zephyr/libzephyr.a(nrf_power_clock.c.obj)
 .bss._acDownBuffer
                0x2000c46f       0x10 zephyr/libzephyr.a(SEGGER_RTT.c.obj)
 .bss._acUpBuffer
                0x2000c47f      0x400 zephyr/libzephyr.a(SEGGER_RTT.c.obj)
 .bss.static_regions_num
                0x2000c87f        0x1 zephyr/arch/arch/arm/core/aarch32/cortex_m/mpu/libarch__arm__core__aarch32__cortex_m__mpu.a(arm_mpu.c.obj)
 .bss.gpio_initialized.9574
                0x2000c880        0x1 zephyr/drivers/gpio/libdrivers__gpio.a(gpio_nrfx.c.obj)
 .bss.z_sys_post_kernel
                0x2000c881        0x1 zephyr/kernel/libkernel.a(init.c.obj)
                0x2000c881                z_sys_post_kernel
 .bss.sched_spinlock
                0x2000c882        0x0 zephyr/kernel/libkernel.a(sched.c.obj)
 .bss.lock      0x2000c882        0x0 zephyr/kernel/libkernel.a(sem.c.obj)
 *(SORT_BY_ALIGNMENT(COMMON))
 *(SORT_BY_ALIGNMENT(.kernel_bss.*))
                0x2000c884                __bss_end = ALIGN (0x4)

noinit          0x2000c888     0x1590
 *(SORT_BY_ALIGNMENT(.noinit))
 *(SORT_BY_ALIGNMENT(.noinit.*))
 .noinit."../src/main.c".0
                0x2000c888      0x200 app/libapp.a(main.c.obj)
                0x2000c888                _k_thread_stack_sensors_read_task_id
 .noinit."../src/main.c".1
                0x2000ca88      0x12c app/libapp.a(main.c.obj)
                0x2000ca88                _k_thread_stack_latch_sensor_task_id
 *fill*         0x2000cbb4        0x4 
 .noinit."../src/main.c".2
                0x2000cbb8       0xc8 app/libapp.a(main.c.obj)
                0x2000cbb8                _k_thread_stack_buzzer_task_id
 .noinit."../src/main.c".3
                0x2000cc80       0xc8 app/libapp.a(main.c.obj)
                0x2000cc80                _k_thread_stack_vibration_task_id
 .noinit."../src/main.c".4
                0x2000cd48      0x200 app/libapp.a(main.c.obj)
                0x2000cd48                _k_thread_stack_display_task_id
 .noinit."../src/main.c".5
                0x2000cf48      0x190 app/libapp.a(main.c.obj)
                0x2000cf48                _k_thread_stack_brightness_task_id
 .noinit."WEST_TOPDIR/zephyr/kernel/init.c".2
                0x2000d0d8      0x400 zephyr/kernel/libkernel.a(init.c.obj)
                0x2000d0d8                z_main_stack
 .noinit."WEST_TOPDIR/zephyr/kernel/init.c".3
                0x2000d4d8      0x140 zephyr/kernel/libkernel.a(init.c.obj)
 .noinit."WEST_TOPDIR/zephyr/kernel/init.c".4
                0x2000d618      0x800 zephyr/kernel/libkernel.a(init.c.obj)
                0x2000d618                z_interrupt_stacks
 *(SORT_BY_ALIGNMENT(.kernel_noinit.*))
                0x2000de18                _image_ram_end = .
                0x2000de18                _end = .
                0x20010000                __kernel_ram_end = 0x20010000
                0x00006870                __kernel_ram_size = (__kernel_ram_end - __kernel_ram_start)

.intList        0x20010000       0x68
 *(SORT_BY_ALIGNMENT(.irq_info))
 .irq_info      0x20010000        0x8 zephyr/arch/common/libarch__common.a(isr_tables.c.obj)
                0x20010000                _iheader
 *(SORT_BY_ALIGNMENT(.intList))
 .intList       0x20010008       0x10 zephyr/libzephyr.a(nrf_power_clock.c.obj)
 .intList       0x20010018       0x10 zephyr/libzephyr.a(nrf_rtc_timer.c.obj)
 .intList       0x20010028       0x10 zephyr/drivers/adc/libdrivers__adc.a(adc_nrfx_saadc.c.obj)
 .intList       0x20010038       0x10 zephyr/drivers/gpio/libdrivers__gpio.a(gpio_nrfx.c.obj)
 .intList       0x20010048       0x10 zephyr/drivers/i2c/libdrivers__i2c.a(i2c_nrfx_twi.c.obj)
 .intList       0x20010058       0x10 zephyr/drivers/spi/libdrivers__spi.a(spi_nrfx_spi.c.obj)

.stab
 *(SORT_BY_ALIGNMENT(.stab))

.stabstr
 *(SORT_BY_ALIGNMENT(.stabstr))

.stab.excl
 *(SORT_BY_ALIGNMENT(.stab.excl))

.stab.exclstr
 *(SORT_BY_ALIGNMENT(.stab.exclstr))

.stab.index
 *(SORT_BY_ALIGNMENT(.stab.index))

.stab.indexstr
 *(SORT_BY_ALIGNMENT(.stab.indexstr))

.gnu.build.attributes
 *(SORT_BY_ALIGNMENT(.gnu.build.attributes) SORT_BY_ALIGNMENT(.gnu.build.attributes.*))

.comment        0x00000000       0x79
 *(SORT_BY_ALIGNMENT(.comment))
 .comment       0x00000000       0x79 app/libapp.a(main.c.obj)
                                 0x7a (size before relaxing)
 .comment       0x00000079       0x7a app/libapp.a(bma_sensor.c.obj)
 .comment       0x00000079       0x7a app/libapp.a(bma4.c.obj)
 .comment       0x00000079       0x7a app/libapp.a(bma456.c.obj)
 .comment       0x00000079       0x7a app/libapp.a(max30102.c.obj)
 .comment       0x00000079       0x7a app/libapp.a(latchSensor.c.obj)
 .comment       0x00000079       0x7a app/libapp.a(max30208.c.obj)
 .comment       0x00000079       0x7a app/libapp.a(lightSensor.c.obj)
 .comment       0x00000079       0x7a app/libapp.a(algorithm.c.obj)
 .comment       0x00000079       0x7a app/libapp.a(display.c.obj)
 .comment       0x00000079       0x7a app/libapp.a(lcd.c.obj)
 .comment       0x00000079       0x7a app/libapp.a(digitalPins.c.obj)
 .comment       0x00000079       0x7a zephyr/libzephyr.a(fdtable.c.obj)
 .comment       0x00000079       0x7a zephyr/libzephyr.a(printk.c.obj)
 .comment       0x00000079       0x7a zephyr/libzephyr.a(thread_entry.c.obj)
 .comment       0x00000079       0x7a zephyr/libzephyr.a(heap.c.obj)
 .comment       0x00000079       0x7a zephyr/libzephyr.a(configs.c.obj)
 .comment       0x00000079       0x7a zephyr/libzephyr.a(uart_console.c.obj)
 .comment       0x00000079       0x7a zephyr/libzephyr.a(nrf_power_clock.c.obj)
 .comment       0x00000079       0x7a zephyr/libzephyr.a(sys_clock_init.c.obj)
 .comment       0x00000079       0x7a zephyr/libzephyr.a(nrf_rtc_timer.c.obj)
 .comment       0x00000079       0x7a zephyr/libzephyr.a(SEGGER_RTT.c.obj)
 .comment       0x00000079       0x7a zephyr/libzephyr.a(SEGGER_RTT_zephyr.c.obj)
 .comment       0x00000079       0x7a zephyr/arch/common/libarch__common.a(isr_tables.c.obj)
 .comment       0x00000079       0x7a zephyr/arch/arch/arm/core/aarch32/libarch__arm__core__aarch32.a(swap.c.obj)
 .comment       0x00000079       0x7a zephyr/arch/arch/arm/core/aarch32/libarch__arm__core__aarch32.a(irq_manage.c.obj)
 .comment       0x00000079       0x7a zephyr/arch/arch/arm/core/aarch32/libarch__arm__core__aarch32.a(thread.c.obj)
 .comment       0x00000079       0x7a zephyr/arch/arch/arm/core/aarch32/libarch__arm__core__aarch32.a(fatal.c.obj)
 .comment       0x00000079       0x7a zephyr/arch/arch/arm/core/aarch32/libarch__arm__core__aarch32.a(nmi.c.obj)
 .comment       0x00000079       0x7a zephyr/arch/arch/arm/core/aarch32/libarch__arm__core__aarch32.a(prep_c.c.obj)
 .comment       0x00000079       0x7a zephyr/arch/arch/arm/core/aarch32/cortex_m/libarch__arm__core__aarch32__cortex_m.a(fault.c.obj)
 .comment       0x00000079       0x7a zephyr/arch/arch/arm/core/aarch32/cortex_m/libarch__arm__core__aarch32__cortex_m.a(irq_init.c.obj)
 .comment       0x00000079       0x7a zephyr/arch/arch/arm/core/aarch32/cortex_m/libarch__arm__core__aarch32__cortex_m.a(thread_abort.c.obj)
 .comment       0x00000079       0x7a zephyr/arch/arch/arm/core/aarch32/cortex_m/mpu/libarch__arm__core__aarch32__cortex_m__mpu.a(arm_core_mpu.c.obj)
 .comment       0x00000079       0x7a zephyr/arch/arch/arm/core/aarch32/cortex_m/mpu/libarch__arm__core__aarch32__cortex_m__mpu.a(arm_mpu.c.obj)
 .comment       0x00000079       0x7a zephyr/lib/libc/minimal/liblib__libc__minimal.a(string.c.obj)
 .comment       0x00000079       0x7a zephyr/lib/libc/minimal/liblib__libc__minimal.a(prf.c.obj)
 .comment       0x00000079       0x7a zephyr/lib/libc/minimal/liblib__libc__minimal.a(stdout_console.c.obj)
 .comment       0x00000079       0x7a zephyr/lib/libc/minimal/liblib__libc__minimal.a(sprintf.c.obj)
 .comment       0x00000079       0x7a zephyr/lib/libc/minimal/liblib__libc__minimal.a(fprintf.c.obj)
 .comment       0x00000079       0x7a zephyr/soc/arm/common/cortex_m/libsoc__arm__common__cortex_m.a(arm_mpu_regions.c.obj)
 .comment       0x00000079       0x7a zephyr/soc/arm/nordic_nrf/nrf52/libsoc__arm__nordic_nrf__nrf52.a(soc.c.obj)
 .comment       0x00000079       0x7a zephyr/drivers/adc/libdrivers__adc.a(adc_nrfx_saadc.c.obj)
 .comment       0x00000079       0x7a zephyr/drivers/gpio/libdrivers__gpio.a(gpio_nrfx.c.obj)
 .comment       0x00000079       0x7a zephyr/drivers/i2c/libdrivers__i2c.a(i2c_nrfx_twi.c.obj)
 .comment       0x00000079       0x7a zephyr/drivers/spi/libdrivers__spi.a(spi_nrfx_spi.c.obj)
 .comment       0x00000079       0x7a zephyr/drivers/serial/libdrivers__serial.a(uart_nrfx_uart.c.obj)
 .comment       0x00000079       0x7a modules/nrf/lib/fatal_error/lib..__nrf__lib__fatal_error.a(fatal_error.c.obj)
 .comment       0x00000079       0x7a modules/nordic/lib..__modules__hal__nordic.a(system_nrf52.c.obj)
 .comment       0x00000079       0x7a modules/nordic/lib..__modules__hal__nordic.a(nrfx_glue.c.obj)
 .comment       0x00000079       0x7a modules/nordic/lib..__modules__hal__nordic.a(nrfx_spi.c.obj)
 .comment       0x00000079       0x7a modules/nordic/lib..__modules__hal__nordic.a(nrfx_twi.c.obj)
 .comment       0x00000079       0x7a zephyr/kernel/libkernel.a(device.c.obj)
 .comment       0x00000079       0x7a zephyr/kernel/libkernel.a(errno.c.obj)
 .comment       0x00000079       0x7a zephyr/kernel/libkernel.a(fatal.c.obj)
 .comment       0x00000079       0x7a zephyr/kernel/libkernel.a(idle.c.obj)
 .comment       0x00000079       0x7a zephyr/kernel/libkernel.a(init.c.obj)
 .comment       0x00000079       0x7a zephyr/kernel/libkernel.a(sched.c.obj)
 .comment       0x00000079       0x7a zephyr/kernel/libkernel.a(sem.c.obj)
 .comment       0x00000079       0x7a zephyr/kernel/libkernel.a(thread.c.obj)
 .comment       0x00000079       0x7a zephyr/kernel/libkernel.a(timeout.c.obj)
 .comment       0x00000079       0x7a zephyr/kernel/libkernel.a(timer.c.obj)
 .comment       0x00000079       0x7a zephyr/kernel/libkernel.a(kheap.c.obj)
 .comment       0x00000079       0x7a zephyr/CMakeFiles/offsets.dir/arch/arm/core/offsets/offsets.c.obj

.debug
 *(SORT_BY_ALIGNMENT(.debug))

.line
 *(SORT_BY_ALIGNMENT(.line))

.debug_srcinfo
 *(SORT_BY_ALIGNMENT(.debug_srcinfo))

.debug_sfnames
 *(SORT_BY_ALIGNMENT(.debug_sfnames))

.debug_aranges  0x00000000     0x1780
 *(SORT_BY_ALIGNMENT(.debug_aranges))
 .debug_aranges
                0x00000000       0x28 zephyr/arch/arch/arm/core/aarch32/libarch__arm__core__aarch32.a(swap_helper.S.obj)
 .debug_aranges
                0x00000028       0x30 zephyr/arch/arch/arm/core/aarch32/libarch__arm__core__aarch32.a(cpu_idle.S.obj)
 .debug_aranges